
> readme-preview-read-aloud@2.2.2 test
> vitest run webview --reporter=verbose


[1m[46m RUN [49m[22m [36mv4.1.2 [39m[90mC:/Users/Idan4/Desktop/readme-preview-read-aloud[39m

[90mstdout[2m | tests/webview/messageClient.test.ts[2m > [22m[2mMessageClient[2m > [22m[2mshould be a singleton
[22m[39m[MessageClient] Adding listener to window

[90mstdout[2m | tests/webview/messageClient.test.ts[2m > [22m[2mMessageClient[2m > [22m[2mshould post actions correctly
[22m[39m[MessageClient] Adding listener to window
[ACTION] ready | {"test":true}

[90mstdout[2m | tests/webview/messageClient.test.ts[2m > [22m[2mMessageClient[2m > [22m[2mshould route incoming commands with nested payload
[22m[39m[MessageClient] Adding listener to window
[SIGNAL] UI_SYNC | State: STOP | Progress: C0S0 | IX: 0

[90mstdout[2m | tests/webview/messageClient.test.ts[2m > [22m[2mMessageClient[2m > [22m[2mshould route incoming commands with flat properties
[22m[39m[MessageClient] Adding listener to window
[SIGNAL] UI_SYNC | State: PLAY | Progress: C5S0 | IX: 0

 [32mΓ£ô[39m tests/webview/messageClient.test.ts[2m > [22mMessageClient[2m > [22mshould be a singleton[32m 10[2mms[22m[39m
 [32mΓ£ô[39m tests/webview/messageClient.test.ts[2m > [22mMessageClient[2m > [22mshould post actions correctly[32m 7[2mms[22m[39m
 [31m├ù[39m tests/webview/messageClient.test.ts[2m > [22mMessageClient[2m > [22mshould route incoming commands with nested payload[32m 24[2mms[22m[39m
[31m   ΓåÆ expected "vi.fn()" to be called with arguments: [ { state: 'updated', ΓÇª(7) } ][90m

Received:

[1m  1st vi.fn() call:

[22m[33m@@ -2,10 +2,14 @@[90m
[2m    {[22m
[2m      "allChapters": [],[22m
[2m      "currentChapterIndex": 0,[22m
[2m      "currentSentenceIndex": 0,[22m
[2m      "currentSentences": [],[22m
[31m+     "isPaused": false,[90m
[31m+     "isPlaying": false,[90m
[31m+     "playbackIntentId": 0,[90m
[31m+     "playbackStalled": false,[90m
[2m      "rate": 0,[22m
[2m      "snippetHistory": [],[22m
[2m      "state": "updated",[22m
[2m      "volume": 50,[22m
[2m    },[22m
[31m[90m

Number of calls: [1m1[22m
[31m[39m
 [31m├ù[39m tests/webview/messageClient.test.ts[2m > [22mMessageClient[2m > [22mshould route incoming commands with flat properties[32m 9[2mms[22m[39m
[31m   ΓåÆ expected "vi.fn()" to be called with arguments: [ { currentChapterIndex: 5, ΓÇª(7) } ][90m

Received:

[1m  1st vi.fn() call:

[22m[33m@@ -2,11 +2,14 @@[90m
[2m    {[22m
[2m      "allChapters": [],[22m
[2m      "currentChapterIndex": 5,[22m
[2m      "currentSentenceIndex": 0,[22m
[2m      "currentSentences": [],[22m
[31m+     "isPaused": false,[90m
[2m      "isPlaying": true,[22m
[32m-     "rate": 0,[90m
[31m+     "playbackIntentId": 0,[90m
[31m+     "playbackStalled": false,[90m
[31m+     "rate": 1,[90m
[2m      "snippetHistory": [],[22m
[2m      "volume": 50,[22m
[2m    },[22m
[2m  ][22m
[31m[90m

Number of calls: [1m1[22m
[31m[39m
 [32mΓ£ô[39m tests/webview/messageClient.test.ts[2m > [22mMessageClient[2m > [22mTiered Logging[2m > [22mshould summarize large data in STANDARD mode (default)[32m 5[2mms[22m[39m
 [32mΓ£ô[39m tests/webview/messageClient.test.ts[2m > [22mMessageClient[2m > [22mTiered Logging[2m > [22mshould log raw data in VERBOSE mode after receiving VERBOSE LogLevel[32m 3[2mms[22m[39m
 [32mΓ£ô[39m tests/webview/messageClient.test.ts[2m > [22mMessageClient[2m > [22mTiered Logging[2m > [22mshould output high-density shorthand for UI_SYNC in STANDARD mode[32m 2[2mms[22m[39m
[90mstdout[2m | tests/webview/WebviewStore.test.ts[2m > [22m[2mWebviewStore[2m > [22m[2mshould hydrate state from UI_SYNC commands
[22m[39m[MessageClient] Adding listener to window

node.exe : [90mstderr[2m | tests/webview/WebviewStore.test.ts[2m > [22m[2mWebviewStore[2m > [22m[2mshould 
hydrate state from UI_SYNC commands
At line:1 char:1
+ & "C:\Program Files\nodejs/node.exe" "C:\Users\Idan4\AppData\Roaming\ ...
+ ~~~~~~~~~~~~~~~~~~~~~~~~~~~~~~~~~~~~~~~~~~~~~~~~~~~~~~~~~~~~~~~~~~~~~
    + CategoryInfo          : NotSpecified: ([90mstderr[2m...I_SYNC commands:String) [], RemoteException
    + FullyQualifiedErrorId : NativeCommandError
 
[22m[39m[MessageClient] acquireVsCodeApi is not available. Are you in a VS Code webview?

[90mstdout[2m | tests/webview/WebviewStore.test.ts[2m > [22m[2mWebviewStore[2m > [22m[2mshould hydrate state from UI_SYNC commands
[22m[39m[SIGNAL] UI_SYNC | State: PLAY | Progress: C1S0 | IX: 100
[STORE] ≡ƒÆÄ State Updated. isSyncing=false, awaitingSync=false
[STORE] ≡ƒÆÄ State Updated. isSyncing=false, awaitingSync=false
[PlaybackController] ≡ƒñ¥ Webview Hydrated
[STORE] ≡ƒÆÄ State Updated. isSyncing=false, awaitingSync=false
[STORE] ≡ƒÆÄ State Updated. isSyncing=false, awaitingSync=false

[90mstdout[2m | tests/webview/WebviewStore.test.ts[2m > [22m[2mWebviewStore[2m > [22m[2mshould notify subscribers using selectors
[22m[39m[STORE] ≡ƒÆÄ State Updated. isSyncing=false, awaitingSync=false
[STORE] ≡ƒÆÄ State Updated. isSyncing=false, awaitingSync=false
[AUDIO] ≡ƒ¢æ Stop triggered: intent=0 (Instance=0.2222302791778804, Resolvers=0)
[AUDIO] ≡ƒ¢æ Stop triggered: intent=0 (Instance=0.2222302791778804, Resolvers=0)
[MessageClient] Adding listener to window

[90mstderr[2m | tests/webview/WebviewStore.test.ts[2m > [22m[2mWebviewStore[2m > [22m[2mshould notify 
subscribers using selectors
[22m[39m[MessageClient] acquireVsCodeApi is not available. Are you in a VS Code webview?

[90mstdout[2m | tests/webview/WebviewStore.test.ts[2m > [22m[2mWebviewStore[2m > [22m[2mshould notify subscribers using selectors
[22m[39m[SIGNAL] UI_SYNC | State: STOP | Progress: C0S0 | IX: 101
[STORE] ≡ƒÆÄ State Updated. isSyncing=false, awaitingSync=false
[STORE] ≡ƒÆÄ State Updated. isSyncing=false, awaitingSync=false
[PlaybackController] ≡ƒñ¥ Webview Hydrated
[STORE] ≡ƒÆÄ State Updated. isSyncing=false, awaitingSync=false
[STORE] ≡ƒÆÄ State Updated. isSyncing=false, awaitingSync=false
[PlaybackController] ≡ƒöä Received UI_SYNC
[STORE] ≡ƒÆÄ State Updated. isSyncing=false, awaitingSync=false
[SIGNAL] UI_SYNC | State: STOP | Progress: C0S0 | IX: 101
[PlaybackController] ≡ƒöä Received UI_SYNC
[SIGNAL] UI_SYNC | State: STOP | Progress: C0S0 | IX: 102
[STORE] ≡ƒÆÄ State Updated. isSyncing=false, awaitingSync=false
[PlaybackController] ≡ƒöä Received UI_SYNC
[STORE] ≡ƒÆÄ State Updated. isSyncing=false, awaitingSync=false
[SIGNAL] UI_SYNC | State: STOP | Progress: C0S0 | IX: 102
[PlaybackController] ≡ƒöä Received UI_SYNC
[SIGNAL] UI_SYNC | State: PLAY | Progress: C0S0 | IX: 103
[STORE] ≡ƒÆÄ State Updated. isSyncing=false, awaitingSync=false
[STORE] ≡ƒÆÄ State Updated. isSyncing=false, awaitingSync=false
[PlaybackController] ≡ƒöä Received UI_SYNC
[STORE] ≡ƒÆÄ State Updated. isSyncing=false, awaitingSync=false
[SIGNAL] UI_SYNC | State: PLAY | Progress: C0S0 | IX: 103
[PlaybackController] ≡ƒöä Received UI_SYNC

[90mstdout[2m | tests/webview/WebviewStore.test.ts[2m > [22m[2mWebviewStore[2m > [22m[2mshould provide unsubscribe functionality
[22m[39m[STORE] ≡ƒÆÄ State Updated. isSyncing=false, awaitingSync=false
[STORE] ≡ƒÆÄ State Updated. isSyncing=false, awaitingSync=false
[AUDIO] ≡ƒ¢æ Stop triggered: intent=0 (Instance=0.6694757930223083, Resolvers=0)
[AUDIO] ≡ƒ¢æ Stop triggered: intent=0 (Instance=0.6694757930223083, Resolvers=0)
[MessageClient] Adding listener to window

[90mstderr[2m | tests/webview/WebviewStore.test.ts[2m > [22m[2mWebviewStore[2m > [22m[2mshould provide 
unsubscribe functionality
[22m[39m[MessageClient] acquireVsCodeApi is not available. Are you in a VS Code webview?

[90mstdout[2m | tests/webview/WebviewStore.test.ts[2m > [22m[2mWebviewStore[2m > [22m[2mshould provide unsubscribe functionality
[22m[39m[SIGNAL] UI_SYNC | State: STOP | Progress: C0S0 | IX: 0
[STORE] ≡ƒÆÄ State Updated. isSyncing=false, awaitingSync=false
[STORE] ≡ƒÆÄ State Updated. isSyncing=false, awaitingSync=false
[PlaybackController] ≡ƒñ¥ Webview Hydrated
[STORE] ≡ƒÆÄ State Updated. isSyncing=false, awaitingSync=false
[PlaybackController] ≡ƒöä Received UI_SYNC
[STORE] ≡ƒÆÄ State Updated. isSyncing=false, awaitingSync=false
[SIGNAL] UI_SYNC | State: STOP | Progress: C0S0 | IX: 0
[PlaybackController] ≡ƒöä Received UI_SYNC
[STORE] ≡ƒÆÄ State Updated. isSyncing=false, awaitingSync=false
[STORE] ≡ƒÆÄ State Updated. isSyncing=false, awaitingSync=false
[SIGNAL] UI_SYNC | State: STOP | Progress: C0S0 | IX: 0
[PlaybackController] ≡ƒöä Received UI_SYNC

[90mstderr[2m | tests/webview/WebviewStore.test.ts[2m > [22m[2mWebviewStore[2m > [22m[2mshould provide 
unsubscribe functionality
[22m[39m[PlaybackController] ≡ƒº▒ Sync blocked: stale intent 0 < 1
[PlaybackController] ≡ƒº▒ Sync blocked: stale intent 0 < 1
[PlaybackController] ≡ƒº▒ Sync blocked: stale intent 0 < 1
[PlaybackController] ≡ƒº▒ Sync blocked: stale intent 0 < 1
[PlaybackController] ≡ƒº▒ Sync blocked: stale intent 0 < 1

[90mstdout[2m | tests/webview/WebviewStore.test.ts[2m > [22m[2mWebviewStore[2m > [22m[2mshould maintain default audio settings (rate: 0, volume: 50) if not provided
[22m[39m[STORE] ≡ƒÆÄ State Updated. isSyncing=false, awaitingSync=false
[STORE] ≡ƒÆÄ State Updated. isSyncing=false, awaitingSync=false
[AUDIO] ≡ƒ¢æ Stop triggered: intent=0 (Instance=0.3016724795108796, Resolvers=0)
[AUDIO] ≡ƒ¢æ Stop triggered: intent=0 (Instance=0.3016724795108796, Resolvers=0)
[MessageClient] Adding listener to window

[90mstderr[2m | tests/webview/WebviewStore.test.ts[2m > [22m[2mWebviewStore[2m > [22m[2mshould maintain 
default audio settings (rate: 0, volume: 50) if not provided
[22m[39m[MessageClient] acquireVsCodeApi is not available. Are you in a VS Code webview?

[90mstdout[2m | tests/webview/components/VoiceSelector.test.ts[2m > [22m[2mVoiceSelector[2m > [22m[2mshould render a list of custom "voice-item" elements
[22m[39m[MessageClient] Adding listener to window

[90mstdout[2m | tests/webview/WebviewStore.test.ts[2m > [22m[2mWebviewStore[2m > [22m[2mshould maintain default audio settings (rate: 0, volume: 50) if not provided
[22m[39m[SIGNAL] UI_SYNC | State: STOP | Progress: C0S0 | IX: 0
[STORE] ≡ƒÆÄ State Updated. isSyncing=false, awaitingSync=false
[STORE] ≡ƒÆÄ State Updated. isSyncing=false, awaitingSync=false
[PlaybackController] ≡ƒñ¥ Webview Hydrated
[STORE] ≡ƒÆÄ State Updated. isSyncing=false, awaitingSync=false
[PlaybackController] ≡ƒöä Received UI_SYNC
[STORE] ≡ƒÆÄ State Updated. isSyncing=false, awaitingSync=false
[SIGNAL] UI_SYNC | State: STOP | Progress: C0S0 | IX: 0
[PlaybackController] ≡ƒöä Received UI_SYNC
[STORE] ≡ƒÆÄ State Updated. isSyncing=false, awaitingSync=false
[SIGNAL] UI_SYNC | State: STOP | Progress: C0S0 | IX: 0
[PlaybackController] ≡ƒöä Received UI_SYNC
[STORE] ≡ƒÆÄ State Updated. isSyncing=false, awaitingSync=false
[STORE] ≡ƒÆÄ State Updated. isSyncing=false, awaitingSync=false
[SIGNAL] UI_SYNC | State: STOP | Progress: C0S0 | IX: 0
[PlaybackController] ≡ƒöä Received UI_SYNC

[90mstderr[2m | tests/webview/components/VoiceSelector.test.ts[2m > [22m[2mVoiceSelector[2m > [22m[2mshould 
render a list of custom "voice-item" elements
[22m[39m[MessageClient] acquireVsCodeApi is not available. Are you in a VS Code webview?

[90mstderr[2m | tests/webview/WebviewStore.test.ts[2m > [22m[2mWebviewStore[2m > [22m[2mshould maintain 
default audio settings (rate: 0, volume: 50) if not provided
[22m[39m[PlaybackController] ≡ƒº▒ Sync blocked: stale intent 0 < 1
[PlaybackController] ≡ƒº▒ Sync blocked: stale intent 0 < 1
[PlaybackController] ≡ƒº▒ Sync blocked: stale intent 0 < 1
[PlaybackController] ≡ƒº▒ Sync blocked: stale intent 0 < 1
[PlaybackController] ≡ƒº▒ Sync blocked: stale intent 0 < 1
[PlaybackController] ≡ƒº▒ Sync blocked: stale intent 0 < 1
[PlaybackController] ≡ƒº▒ Sync blocked: stale intent 0 < 1

 [32mΓ£ô[39m tests/webview/WebviewStore.test.ts[2m > [22mWebviewStore[2m > [22mshould hydrate state from UI_SYNC commands[32m 26[2mms[22m[39m
 [32mΓ£ô[39m tests/webview/WebviewStore.test.ts[2m > [22mWebviewStore[2m > [22mshould notify subscribers using selectors[32m 14[2mms[22m[39m
 [32mΓ£ô[39m tests/webview/WebviewStore.test.ts[2m > [22mWebviewStore[2m > [22mshould provide unsubscribe functionality[32m 5[2mms[22m[39m
 [31m├ù[39m tests/webview/WebviewStore.test.ts[2m > [22mWebviewStore[2m > [22mshould maintain default audio settings (rate: 0, volume: 50) if not provided[32m 23[2mms[22m[39m
[31m   ΓåÆ expected 1 to be +0 // Object.is equality[39m
[90mstdout[2m | tests/webview/components/PlaybackControls.test.ts[2m > [22m[2mPlaybackControls[2m > [22m[2mstatus-dot indicator (#1 regression guard)[2m > [22m[2mshould add "online" class when actively playing
[22m[39m[MessageClient] Adding listener to window
[STORE] ≡ƒÆÄ State Updated. isSyncing=false, awaitingSync=false

[90mstderr[2m | tests/webview/components/VoiceSelector.test.ts[2m > [22m[2mVoiceSelector[2m > [22m[2mshould 
render a list of custom "voice-item" elements
[22m[39m[PlaybackController] ≡ƒº▒ Sync blocked: stale intent 0 < 1

[90mstderr[2m | tests/webview/components/VoiceSelector.test.ts[2m > [22m[2mVoiceSelector[2m > [22m[2mshould 
show sparkle icon for neural voices
[22m[39m[MessageClient] acquireVsCodeApi is not available. Are you in a VS Code webview?

[90mstderr[2m | tests/webview/control_system_audit.test.ts[2m > [22m[2mControl System Audit (Reproduction)[2m > 
[22m[2mCORRUPTION REPRO: PLAYBACK_STATE_CHANGED with partial data should NOT wipe the store state
[22m[39m[PlaybackController] ≡ƒº▒ Sync blocked: stale intent 0 < 1

[90mstderr[2m | tests/webview/control_system_audit.test.ts[2m > [22m[2mControl System Audit (Reproduction)[2m > 
[22m[2mCORRUPTION REPRO: PLAYBACK_STATE_CHANGED with partial data should NOT wipe the store state
[22m[39m[PlaybackController] ≡ƒº▒ Sync blocked: stale intent 0 < 1

[90mstdout[2m | tests/webview/control_system_audit.test.ts[2m > [22m[2mControl System Audit (Reproduction)[2m > [22m[2mPlay button should dispatch OutgoingAction.PLAY
[22m[39m[MessageClient] Adding listener to window
[STORE] ≡ƒÆÄ State Updated. isSyncing=false, awaitingSync=false
[STORE] ≡ƒÆÄ State Updated. isSyncing=false, awaitingSync=false

[90mstdout[2m | tests/webview/components/SnippetLookup.test.ts[2m > [22m[2mSnippetLookup[2m > [22m[2mshould show empty state when history is empty
[22m[39m[MessageClient] Adding listener to window

[90mstdout[2m | tests/webview/control_system_audit.test.ts[2m > [22m[2mControl System Audit (Reproduction)[2m > [22m[2mPlay button should dispatch OutgoingAction.PLAY
[22m[39m[PlaybackController] ≡ƒƒó USER PLAY requested
[STORE] ≡ƒÆÄ State Updated. isSyncing=false, awaitingSync=false
[STORE] ≡ƒÆÄ State Updated. isSyncing=true, awaitingSync=true
[ACTION] play | {"cacheKey":"default_0.00_532fc42e_1505","intentId":2,"batchId":1}
[AUDIO] ≡ƒöô Primed

 [32mΓ£ô[39m tests/webview/control_system_audit.test.ts[2m > [22mControl System Audit (Reproduction)[2m > [22mPlay button should dispatch OutgoingAction.PLAY[32m 115[2mms[22m[39m
[90mstdout[2m | tests/webview/components/PlaybackControls.test.ts[2m > [22m[2mPlaybackControls[2m > [22m[2mstatus-dot indicator (#1 regression guard)[2m > [22m[2mshould add "online" class when actively playing
[22m[39m[SIGNAL] UI_SYNC | State: PLAY | Progress: C0S0 | IX: 100
[STORE] ≡ƒÆÄ State Updated. isSyncing=false, awaitingSync=false
[STORE] ≡ƒÆÄ State Updated. isSyncing=false, awaitingSync=false
[PlaybackController] ≡ƒöä Received UI_SYNC

 [32mΓ£ô[39m tests/webview/components/PlaybackControls.test.ts[2m > [22mPlaybackControls[2m > [22mstatus-dot indicator (#1 regression guard)[2m > [22mshould add "online" class when actively playing[32m 123[2mms[22m[39m
[90mstdout[2m | tests/webview/components/VoiceSelector.test.ts[2m > [22m[2mVoiceSelector[2m > [22m[2mshould render a list of custom "voice-item" elements
[22m[39m[SIGNAL] UI_SYNC | State: STOP | Progress: C0S0 | IX: 0
[STORE] ≡ƒÆÄ State Updated. isSyncing=false, awaitingSync=false
[STORE] ≡ƒÆÄ State Updated. isSyncing=false, awaitingSync=false
[PlaybackController] ≡ƒñ¥ Webview Hydrated
[STORE] ≡ƒÆÄ State Updated. isSyncing=false, awaitingSync=false

[90mstdout[2m | tests/webview/components/VoiceSelector.test.ts[2m > [22m[2mVoiceSelector[2m > [22m[2mshould show sparkle icon for neural voices
[22m[39m[STORE] ≡ƒÆÄ State Updated. isSyncing=false, awaitingSync=false
[STORE] ≡ƒÆÄ State Updated. isSyncing=false, awaitingSync=false
[AUDIO] ≡ƒ¢æ Stop triggered: intent=0 (Instance=0.47880489877647425, Resolvers=0)
[AUDIO] ≡ƒ¢æ Stop triggered: intent=0 (Instance=0.47880489877647425, Resolvers=0)
[MessageClient] Adding listener to window

[90mstdout[2m | tests/webview/control_system_audit.test.ts[2m > [22m[2mControl System Audit (Reproduction)[2m > [22m[2mCORRUPTION REPRO: PLAYBACK_STATE_CHANGED with partial data should NOT wipe the store state
[22m[39m[STORE] ≡ƒÆÄ State Updated. isSyncing=false, awaitingSync=false
[STORE] ≡ƒÆÄ State Updated. isSyncing=false, awaitingSync=false
[AUDIO] ≡ƒ¢æ Stop triggered: intent=0 (Instance=0.06046885750470421, Resolvers=0)
[AUDIO] ≡ƒ¢æ Stop triggered: intent=0 (Instance=0.06046885750470421, Resolvers=0)

[90mstdout[2m | tests/webview/control_system_audit.test.ts[2m > [22m[2mControl System Audit (Reproduction)[2m > [22m[2mCORRUPTION REPRO: PLAYBACK_STATE_CHANGED with partial data should NOT wipe the store state
[22m[39m[MessageClient] Adding listener to window
[STORE] ≡ƒÆÄ State Updated. isSyncing=false, awaitingSync=false

[90mstdout[2m | tests/webview/control_system_audit.test.ts[2m > [22m[2mControl System Audit (Reproduction)[2m > [22m[2mCORRUPTION REPRO: PLAYBACK_STATE_CHANGED with partial data should NOT wipe the store state
[22m[39m[HOST -> WEBVIEW] [PLAYBACK_STATE_CHANGED] isPlaying:true | isPaused:true
[STORE] ≡ƒÆÄ State Updated. isSyncing=false, awaitingSync=false

[90mstdout[2m | tests/webview/components/PlaybackControls.test.ts[2m > [22m[2mPlaybackControls[2m > [22m[2mstatus-dot indicator (#1 regression guard)[2m > [22m[2mshould remove "online" class when paused
[22m[39m[STORE] ≡ƒÆÄ State Updated. isSyncing=false, awaitingSync=false
[STORE] ≡ƒÆÄ State Updated. isSyncing=false, awaitingSync=false
[AUDIO] ≡ƒ¢æ Stop triggered: intent=0 (Instance=0.7821564216248749, Resolvers=0)
[AUDIO] ≡ƒ¢æ Stop triggered: intent=0 (Instance=0.7821564216248749, Resolvers=0)
[MessageClient] Adding listener to window
[STORE] ≡ƒÆÄ State Updated. isSyncing=false, awaitingSync=false

[90mstdout[2m | tests/webview/components/SnippetLookup.test.ts[2m > [22m[2mSnippetLookup[2m > [22m[2mshould show empty state when history is empty
[22m[39m[SIGNAL] UI_SYNC | State: STOP | Progress: C0S0 | Cache: 0 (0.00MB) | IX: 1
[STORE] ≡ƒÆÄ State Updated. isSyncing=false, awaitingSync=false

[90mstdout[2m | tests/webview/control_system_audit.test.ts[2m > [22m[2mControl System Audit (Reproduction)[2m > [22m[2mAutoplay cycle should transition correctly: auto -> chapter -> row
[22m[39m[STORE] ≡ƒÆÄ State Updated. isSyncing=false, awaitingSync=false
[STORE] ≡ƒÆÄ State Updated. isSyncing=false, awaitingSync=false
[AUDIO] ≡ƒ¢æ Stop triggered: intent=0 (Instance=0.4563641271084604, Resolvers=0)
[AUDIO] ≡ƒ¢æ Stop triggered: intent=0 (Instance=0.4563641271084604, Resolvers=0)

[90mstdout[2m | tests/webview/components/VoiceSelector.test.ts[2m > [22m[2mVoiceSelector[2m > [22m[2mshould show sparkle icon for neural voices
[22m[39m[SIGNAL] UI_SYNC | State: STOP | Progress: C0S0 | IX: 0
[STORE] ≡ƒÆÄ State Updated. isSyncing=false, awaitingSync=false
[STORE] ≡ƒÆÄ State Updated. isSyncing=false, awaitingSync=false
[PlaybackController] ≡ƒñ¥ Webview Hydrated
[STORE] ≡ƒÆÄ State Updated. isSyncing=false, awaitingSync=false
[PlaybackController] ≡ƒöä Received UI_SYNC
[STORE] ≡ƒÆÄ State Updated. isSyncing=false, awaitingSync=false
[STORE] ≡ƒÆÄ State Updated. isSyncing=false, awaitingSync=false
[SIGNAL] UI_SYNC | State: STOP | Progress: C0S0 | IX: 0
[PlaybackController] ≡ƒöä Received UI_SYNC

[90mstdout[2m | tests/webview/components/PlaybackControls.test.ts[2m > [22m[2mPlaybackControls[2m > [22m[2mstatus-dot indicator (#1 regression guard)[2m > [22m[2mshould remove "online" class when paused
[22m[39m[SIGNAL] UI_SYNC | State: PLAY | Progress: C0S0 | IX: 100
[STORE] ≡ƒÆÄ State Updated. isSyncing=false, awaitingSync=false
[STORE] ≡ƒÆÄ State Updated. isSyncing=false, awaitingSync=false
[PlaybackController] ≡ƒöä Received UI_SYNC
[STORE] ≡ƒÆÄ State Updated. isSyncing=false, awaitingSync=false
[SIGNAL] UI_SYNC | State: PLAY | Progress: C0S0 | IX: 100
[PlaybackController] ≡ƒöä Received UI_SYNC

 [32mΓ£ô[39m tests/webview/components/SnippetLookup.test.ts[2m > [22mSnippetLookup[2m > [22mshould show empty state when history is empty[32m 162[2mms[22m[39m
[90mstdout[2m | tests/webview/components/PlaybackControls.test.ts[2m > [22m[2mPlaybackControls[2m > [22m[2mstatus-dot indicator (#1 regression guard)[2m > [22m[2mshould add "stalled" class when playback is stalled
[22m[39m[STORE] ≡ƒÆÄ State Updated. isSyncing=false, awaitingSync=false
[STORE] ≡ƒÆÄ State Updated. isSyncing=false, awaitingSync=false
[AUDIO] ≡ƒ¢æ Stop triggered: intent=0 (Instance=0.8655396237940848, Resolvers=0)
[AUDIO] ≡ƒ¢æ Stop triggered: intent=0 (Instance=0.8655396237940848, Resolvers=0)
[MessageClient] Adding listener to window
[STORE] ≡ƒÆÄ State Updated. isSyncing=false, awaitingSync=false

[90mstdout[2m | tests/webview/components/SnippetLookup.test.ts[2m > [22m[2mSnippetLookup[2m > [22m[2mshould render session cards when multiple sessions exist
[22m[39m[STORE] ≡ƒÆÄ State Updated. isSyncing=false, awaitingSync=false
[STORE] ≡ƒÆÄ State Updated. isSyncing=false, awaitingSync=false
[AUDIO] ≡ƒ¢æ Stop triggered: intent=0 (Instance=0.17174981490539176, Resolvers=0)
[AUDIO] ≡ƒ¢æ Stop triggered: intent=0 (Instance=0.17174981490539176, Resolvers=0)
[MessageClient] Adding listener to window

[90mstdout[2m | tests/webview/control_system_audit.test.ts[2m > [22m[2mControl System Audit (Reproduction)[2m > [22m[2mAutoplay cycle should transition correctly: auto -> chapter -> row
[22m[39m[MessageClient] Adding listener to window
[STORE] ≡ƒÆÄ State Updated. isSyncing=false, awaitingSync=false

[90mstdout[2m | tests/webview/components/VoiceSelector.test.ts[2m > [22m[2mVoiceSelector[2m > [22m[2mshould filter the list based on search term
[22m[39m[STORE] ≡ƒÆÄ State Updated. isSyncing=false, awaitingSync=false
[STORE] ≡ƒÆÄ State Updated. isSyncing=false, awaitingSync=false
[AUDIO] ≡ƒ¢æ Stop triggered: intent=0 (Instance=0.9739754996073162, Resolvers=0)
[AUDIO] ≡ƒ¢æ Stop triggered: intent=0 (Instance=0.9739754996073162, Resolvers=0)
[MessageClient] Adding listener to window

[90mstdout[2m | tests/webview/components/PlaybackControls.test.ts[2m > [22m[2mPlaybackControls[2m > [22m[2mstatus-dot indicator (#1 regression guard)[2m > [22m[2mshould add "stalled" class when playback is stalled
[22m[39m[SIGNAL] UI_SYNC | State: PLAY | Progress: C0S0 | IX: 100
[STORE] ≡ƒÆÄ State Updated. isSyncing=false, awaitingSync=false
[STORE] ≡ƒÆÄ State Updated. isSyncing=false, awaitingSync=false
[PlaybackController] ≡ƒöä Received UI_SYNC
[STORE] ≡ƒÆÄ State Updated. isSyncing=false, awaitingSync=false
[SIGNAL] UI_SYNC | State: PLAY | Progress: C0S0 | IX: 100
[PlaybackController] ≡ƒöä Received UI_SYNC
[STORE] ≡ƒÆÄ State Updated. isSyncing=false, awaitingSync=false
[SIGNAL] UI_SYNC | State: PLAY | Progress: C0S0 | IX: 100
[PlaybackController] ≡ƒöä Received UI_SYNC

[90mstdout[2m | tests/webview/components/SnippetLookup.test.ts[2m > [22m[2mSnippetLookup[2m > [22m[2mshould render session cards when multiple sessions exist
[22m[39m[SIGNAL] UI_SYNC | State: STOP | Progress: C0S0 | Cache: 0 (0.00MB) | IX: 1
[STORE] ≡ƒÆÄ State Updated. isSyncing=false, awaitingSync=false
[PlaybackController] ≡ƒöä Received UI_SYNC
[STORE] ≡ƒÆÄ State Updated. isSyncing=false, awaitingSync=false
[SIGNAL] UI_SYNC | State: STOP | Progress: C0S0 | Cache: 0 (0.00MB) | IX: 1
[PlaybackController] ≡ƒöä Received UI_SYNC

[90mstdout[2m | tests/webview/control_system_audit.test.ts[2m > [22m[2mControl System Audit (Reproduction)[2m > [22m[2mAutoplay cycle should transition correctly: auto -> chapter -> row
[22m[39m[PlaybackController] setAutoPlayMode(chapter) requested
[STORE] ≡ƒÆÄ State Updated. isSyncing=false, awaitingSync=false
[ACTION] setAutoPlayMode | {"mode":"chapter","intentId":1}

[90mstdout[2m | tests/webview/components/PlaybackControls.test.ts[2m > [22m[2mPlaybackControls[2m > [22m[2mstatus-dot indicator (#1 regression guard)[2m > [22m[2mshould remove "online" and "stalled" when stopped
[22m[39m[STORE] ≡ƒÆÄ State Updated. isSyncing=false, awaitingSync=false
[STORE] ≡ƒÆÄ State Updated. isSyncing=false, awaitingSync=false
[AUDIO] ≡ƒ¢æ Stop triggered: intent=0 (Instance=0.797954302157346, Resolvers=0)
[AUDIO] ≡ƒ¢æ Stop triggered: intent=0 (Instance=0.797954302157346, Resolvers=0)
[MessageClient] Adding listener to window
[STORE] ≡ƒÆÄ State Updated. isSyncing=false, awaitingSync=false

[90mstdout[2m | tests/webview/components/SnippetLookup.test.ts[2m > [22m[2mSnippetLookup[2m > [22m[2mshould render specific artifact icons based on filename
[22m[39m[STORE] ≡ƒÆÄ State Updated. isSyncing=false, awaitingSync=false
[STORE] ≡ƒÆÄ State Updated. isSyncing=false, awaitingSync=false
[AUDIO] ≡ƒ¢æ Stop triggered: intent=0 (Instance=0.3680322148718196, Resolvers=0)
[AUDIO] ≡ƒ¢æ Stop triggered: intent=0 (Instance=0.3680322148718196, Resolvers=0)
[MessageClient] Adding listener to window

[90mstdout[2m | tests/webview/control_system_audit.test.ts[2m > [22m[2mControl System Audit (Reproduction)[2m > [22m[2mZOMBIE FIX: playFromCache should NOT trigger the Zombie Guard
[22m[39m[STORE] ≡ƒÆÄ State Updated. isSyncing=false, awaitingSync=false
[STORE] ≡ƒÆÄ State Updated. isSyncing=false, awaitingSync=false
[AUDIO] ≡ƒ¢æ Stop triggered: intent=0 (Instance=0.3261558754542728, Resolvers=0)
[AUDIO] ≡ƒ¢æ Stop triggered: intent=0 (Instance=0.3261558754542728, Resolvers=0)

[90mstdout[2m | tests/webview/components/VoiceSelector.test.ts[2m > [22m[2mVoiceSelector[2m > [22m[2mshould filter the list based on search term
[22m[39m[SIGNAL] UI_SYNC | State: STOP | Progress: C0S0 | IX: 0
[STORE] ≡ƒÆÄ State Updated. isSyncing=false, awaitingSync=false
[STORE] ≡ƒÆÄ State Updated. isSyncing=false, awaitingSync=false
[PlaybackController] ≡ƒñ¥ Webview Hydrated
[STORE] ≡ƒÆÄ State Updated. isSyncing=false, awaitingSync=false
[PlaybackController] ≡ƒöä Received UI_SYNC
[STORE] ≡ƒÆÄ State Updated. isSyncing=false, awaitingSync=false
[SIGNAL] UI_SYNC | State: STOP | Progress: C0S0 | IX: 0
[PlaybackController] ≡ƒöä Received UI_SYNC
[STORE] ≡ƒÆÄ State Updated. isSyncing=false, awaitingSync=false
[STORE] ≡ƒÆÄ State Updated. isSyncing=false, awaitingSync=false
[SIGNAL] UI_SYNC | State: STOP | Progress: C0S0 | IX: 0
[PlaybackController] ≡ƒöä Received UI_SYNC

[90mstdout[2m | tests/webview/components/PlaybackControls.test.ts[2m > [22m[2mPlaybackControls[2m > [22m[2mstatus-dot indicator (#1 regression guard)[2m > [22m[2mshould remove "online" and "stalled" when stopped
[22m[39m[SIGNAL] UI_SYNC | State: PLAY | Progress: C0S0 | IX: 100
[STORE] ≡ƒÆÄ State Updated. isSyncing=false, awaitingSync=false
[STORE] ≡ƒÆÄ State Updated. isSyncing=false, awaitingSync=false
[PlaybackController] ≡ƒöä Received UI_SYNC
[STORE] ≡ƒÆÄ State Updated. isSyncing=false, awaitingSync=false
[SIGNAL] UI_SYNC | State: PLAY | Progress: C0S0 | IX: 100
[PlaybackController] ≡ƒöä Received UI_SYNC
[STORE] ≡ƒÆÄ State Updated. isSyncing=false, awaitingSync=false
[SIGNAL] UI_SYNC | State: PLAY | Progress: C0S0 | IX: 100
[PlaybackController] ≡ƒöä Received UI_SYNC
[STORE] ≡ƒÆÄ State Updated. isSyncing=false, awaitingSync=false
[SIGNAL] UI_SYNC | State: PLAY | Progress: C0S0 | IX: 100
[PlaybackController] ≡ƒöä Received UI_SYNC
[SIGNAL] UI_SYNC | State: STOP | Progress: C0S0 | IX: 100
[AUDIO] ≡ƒ¢æ Stop triggered: intent=0 (Instance=0.5581599623724428, Resolvers=0)
[STORE] ≡ƒÆÄ State Updated. isSyncing=false, awaitingSync=false
[STORE] ≡ƒÆÄ State Updated. isSyncing=false, awaitingSync=false
[PlaybackController] ≡ƒöä Received UI_SYNC
[STORE] ≡ƒÆÄ State Updated. isSyncing=false, awaitingSync=false
[SIGNAL] UI_SYNC | State: STOP | Progress: C0S0 | IX: 100
[PlaybackController] ≡ƒöä Received UI_SYNC
[STORE] ≡ƒÆÄ State Updated. isSyncing=false, awaitingSync=false
[SIGNAL] UI_SYNC | State: STOP | Progress: C0S0 | IX: 100
[PlaybackController] ≡ƒöä Received UI_SYNC
[STORE] ≡ƒÆÄ State Updated. isSyncing=false, awaitingSync=false
[SIGNAL] UI_SYNC | State: STOP | Progress: C0S0 | IX: 100
[PlaybackController] ≡ƒöä Received UI_SYNC

 [32mΓ£ô[39m tests/webview/components/PlaybackControls.test.ts[2m > [22mPlaybackControls[2m > [22mstatus-dot indicator (#1 regression guard)[2m > [22mshould remove "online" class when paused[32m 38[2mms[22m[39m
 [32mΓ£ô[39m tests/webview/components/PlaybackControls.test.ts[2m > [22mPlaybackControls[2m > [22mstatus-dot indicator (#1 regression guard)[2m > [22mshould add "stalled" class when playback is stalled[32m 29[2mms[22m[39m
 [32mΓ£ô[39m tests/webview/components/PlaybackControls.test.ts[2m > [22mPlaybackControls[2m > [22mstatus-dot indicator (#1 regression guard)[2m > [22mshould remove "online" and "stalled" when stopped[32m 32[2mms[22m[39m
[90mstdout[2m | tests/webview/control_system_audit.test.ts[2m > [22m[2mControl System Audit (Reproduction)[2m > [22m[2mZOMBIE FIX: playFromCache should NOT trigger the Zombie Guard
[22m[39m[MessageClient] Adding listener to window
[STORE] ≡ƒÆÄ State Updated. isSyncing=false, awaitingSync=false

[90mstdout[2m | tests/webview/components/VoiceSelector.test.ts[2m > [22m[2mVoiceSelector[2m > [22m[2mshould post action when a voice item is clicked
[22m[39m[STORE] ≡ƒÆÄ State Updated. isSyncing=false, awaitingSync=false
[STORE] ≡ƒÆÄ State Updated. isSyncing=false, awaitingSync=false
[AUDIO] ≡ƒ¢æ Stop triggered: intent=0 (Instance=0.22435944610529768, Resolvers=0)
[AUDIO] ≡ƒ¢æ Stop triggered: intent=0 (Instance=0.22435944610529768, Resolvers=0)
[MessageClient] Adding listener to window

[90mstdout[2m | tests/webview/components/PlaybackControls.test.ts[2m > [22m[2mPlaybackControls[2m > [22m[2mstatus-dot indicator (#1 regression guard)[2m > [22m[2mshould not throw if statusDot element is null
[22m[39m[STORE] ≡ƒÆÄ State Updated. isSyncing=false, awaitingSync=false
[STORE] ≡ƒÆÄ State Updated. isSyncing=false, awaitingSync=false
[AUDIO] ≡ƒ¢æ Stop triggered: intent=0 (Instance=0.5581599623724428, Resolvers=0)
[AUDIO] ≡ƒ¢æ Stop triggered: intent=0 (Instance=0.5581599623724428, Resolvers=0)
[MessageClient] Adding listener to window
[STORE] ≡ƒÆÄ State Updated. isSyncing=false, awaitingSync=false

[90mstdout[2m | tests/webview/control_system_audit.test.ts[2m > [22m[2mControl System Audit (Reproduction)[2m > [22m[2mZOMBIE FIX: playFromCache should NOT trigger the Zombie Guard
[22m[39m[AUDIO] ≡ƒöÆ AcquireLock Start: intent=90, active=0
[AUDIO] ≡ƒöÑ Sovereign Preemption: 90 > 0 (Instance=0.30844881660558476)
[AUDIO] ≡ƒ¢æ Stop triggered: intent=0 (Instance=0.30844881660558476, Resolvers=0)
[AUDIO] ΓÅ│ Waiting for Mutex: intent=90 (Currently held by: null, Instance=0.30844881660558476)

[90mstdout[2m | tests/webview/components/SnippetLookup.test.ts[2m > [22m[2mSnippetLookup[2m > [22m[2mshould render specific artifact icons based on filename
[22m[39m[SIGNAL] UI_SYNC | State: STOP | Progress: C0S0 | Cache: 0 (0.00MB) | IX: 1
[STORE] ≡ƒÆÄ State Updated. isSyncing=false, awaitingSync=false
[PlaybackController] ≡ƒöä Received UI_SYNC
[STORE] ≡ƒÆÄ State Updated. isSyncing=false, awaitingSync=false
[SIGNAL] UI_SYNC | State: STOP | Progress: C0S0 | Cache: 0 (0.00MB) | IX: 1
[PlaybackController] ≡ƒöä Received UI_SYNC
[STORE] ≡ƒÆÄ State Updated. isSyncing=false, awaitingSync=false
[SIGNAL] UI_SYNC | State: STOP | Progress: C0S0 | Cache: 0 (0.00MB) | IX: 1
[PlaybackController] ≡ƒöä Received UI_SYNC

[90mstdout[2m | tests/webview/control_system_audit.test.ts[2m > [22m[2mControl System Audit (Reproduction)[2m > [22m[2mZOMBIE FIX: playFromCache should NOT trigger the Zombie Guard
[22m[39m[AUDIO] Γ£à Mutex Acquired: intent=90 (Instance=0.30844881660558476)

[90mstdout[2m | tests/webview/components/VoiceSelector.test.ts[2m > [22m[2mVoiceSelector[2m > [22m[2mshould post action when a voice item is clicked
[22m[39m[SIGNAL] UI_SYNC | State: STOP | Progress: C0S0 | IX: 0
[STORE] ≡ƒÆÄ State Updated. isSyncing=false, awaitingSync=false
[STORE] ≡ƒÆÄ State Updated. isSyncing=false, awaitingSync=false
[PlaybackController] ≡ƒñ¥ Webview Hydrated
[STORE] ≡ƒÆÄ State Updated. isSyncing=false, awaitingSync=false
[PlaybackController] ≡ƒöä Received UI_SYNC
[STORE] ≡ƒÆÄ State Updated. isSyncing=false, awaitingSync=false
[SIGNAL] UI_SYNC | State: STOP | Progress: C0S0 | IX: 0
[PlaybackController] ≡ƒöä Received UI_SYNC
[STORE] ≡ƒÆÄ State Updated. isSyncing=false, awaitingSync=false
[SIGNAL] UI_SYNC | State: STOP | Progress: C0S0 | IX: 0
[PlaybackController] ≡ƒöä Received UI_SYNC
[STORE] ≡ƒÆÄ State Updated. isSyncing=false, awaitingSync=false
[STORE] ≡ƒÆÄ State Updated. isSyncing=false, awaitingSync=false
[SIGNAL] UI_SYNC | State: STOP | Progress: C0S0 | IX: 0
[PlaybackController] ≡ƒöä Received UI_SYNC
[PlaybackController] selectVoice(v1) requested
[STORE] ≡ƒÆÄ State Updated. isSyncing=false, awaitingSync=false

[90mstdout[2m | tests/webview/components/PlaybackControls.test.ts[2m > [22m[2mPlaybackControls[2m > [22m[2mstatus-dot indicator (#1 regression guard)[2m > [22m[2mshould not throw if statusDot element is null
[22m[39m[SIGNAL] UI_SYNC | State: PLAY | Progress: C0S0 | IX: 100
[STORE] ≡ƒÆÄ State Updated. isSyncing=false, awaitingSync=false
[STORE] ≡ƒÆÄ State Updated. isSyncing=false, awaitingSync=false
[PlaybackController] ≡ƒöä Received UI_SYNC
[STORE] ≡ƒÆÄ State Updated. isSyncing=false, awaitingSync=false
[SIGNAL] UI_SYNC | State: PLAY | Progress: C0S0 | IX: 100
[PlaybackController] ≡ƒöä Received UI_SYNC
[STORE] ≡ƒÆÄ State Updated. isSyncing=false, awaitingSync=false
[SIGNAL] UI_SYNC | State: PLAY | Progress: C0S0 | IX: 100
[PlaybackController] ≡ƒöä Received UI_SYNC
[STORE] ≡ƒÆÄ State Updated. isSyncing=false, awaitingSync=false
[SIGNAL] UI_SYNC | State: PLAY | Progress: C0S0 | IX: 100
[PlaybackController] ≡ƒöä Received UI_SYNC
[STORE] ≡ƒÆÄ State Updated. isSyncing=false, awaitingSync=false
[SIGNAL] UI_SYNC | State: PLAY | Progress: C0S0 | IX: 100
[PlaybackController] ≡ƒöä Received UI_SYNC

 [32mΓ£ô[39m tests/webview/components/SnippetLookup.test.ts[2m > [22mSnippetLookup[2m > [22mshould render session cards when multiple sessions exist[32m 53[2mms[22m[39m
 [32mΓ£ô[39m tests/webview/components/SnippetLookup.test.ts[2m > [22mSnippetLookup[2m > [22mshould render specific artifact icons based on filename[32m 117[2mms[22m[39m
[90mstdout[2m | tests/webview/control_system_audit.test.ts[2m > [22m[2mControl System Audit (Reproduction)[2m > [22m[2mZOMBIE FIX: playFromCache should NOT trigger the Zombie Guard
[22m[39m[AUDIO] ≡ƒöÆ AcquireLock Start: intent=100, active=90
[AUDIO] ≡ƒöÑ Sovereign Preemption: 100 > 90 (Instance=0.30844881660558476)
[AUDIO] ≡ƒ¢æ Stop triggered: intent=90 (Instance=0.30844881660558476, Resolvers=0)
[AUDIO] ΓÅ│ Waiting for Mutex: intent=100 (Currently held by: null, Instance=0.30844881660558476)

[90mstdout[2m | tests/webview/components/PlaybackControls.test.ts[2m > [22m[2mPlaybackControls[2m > [22m[2mOptimistic UI & Haptics (Phase 2)[2m > [22m[2mshould optimistically cycle autoplay mode on click
[22m[39m[STORE] ≡ƒÆÄ State Updated. isSyncing=false, awaitingSync=false
[STORE] ≡ƒÆÄ State Updated. isSyncing=false, awaitingSync=false
[AUDIO] ≡ƒ¢æ Stop triggered: intent=0 (Instance=0.5158383865468216, Resolvers=0)
[AUDIO] ≡ƒ¢æ Stop triggered: intent=0 (Instance=0.5158383865468216, Resolvers=0)
[MessageClient] Adding listener to window
[STORE] ≡ƒÆÄ State Updated. isSyncing=false, awaitingSync=false

[90mstdout[2m | tests/webview/components/SnippetLookup.test.ts[2m > [22m[2mSnippetLookup[2m > [22m[2mshould navigate back to sessions when back button is clicked
[22m[39m[STORE] ≡ƒÆÄ State Updated. isSyncing=false, awaitingSync=false
[STORE] ≡ƒÆÄ State Updated. isSyncing=false, awaitingSync=false
[AUDIO] ≡ƒ¢æ Stop triggered: intent=0 (Instance=0.8265151423070419, Resolvers=0)
[AUDIO] ≡ƒ¢æ Stop triggered: intent=0 (Instance=0.8265151423070419, Resolvers=0)
[MessageClient] Adding listener to window

[90mstdout[2m | tests/webview/control_system_audit.test.ts[2m > [22m[2mControl System Audit (Reproduction)[2m > [22m[2mZOMBIE FIX: playFromCache should NOT trigger the Zombie Guard
[22m[39m[AUDIO] Γ£à Mutex Acquired: intent=100 (Instance=0.30844881660558476)

 [32mΓ£ô[39m tests/webview/components/VoiceSelector.test.ts[2m > [22mVoiceSelector[2m > [22mshould render a list of custom "voice-item" elements[32m 110[2mms[22m[39m
 [32mΓ£ô[39m tests/webview/components/VoiceSelector.test.ts[2m > [22mVoiceSelector[2m > [22mshould show sparkle icon for neural voices[32m 59[2mms[22m[39m
 [32mΓ£ô[39m tests/webview/components/VoiceSelector.test.ts[2m > [22mVoiceSelector[2m > [22mshould filter the list based on search term[32m 33[2mms[22m[39m
[90mstdout[2m | tests/webview/components/PlaybackControls.test.ts[2m > [22m[2mPlaybackControls[2m > [22m[2mOptimistic UI & Haptics (Phase 2)[2m > [22m[2mshould optimistically cycle autoplay mode on click
[22m[39m[PlaybackController] setAutoPlayMode(chapter) requested
[STORE] ≡ƒÆÄ State Updated. isSyncing=false, awaitingSync=false
[ACTION] setAutoPlayMode | {"mode":"chapter","intentId":100}

[90mstdout[2m | tests/webview/components/SnippetLookup.test.ts[2m > [22m[2mSnippetLookup[2m > [22m[2mshould navigate back to sessions when back button is clicked
[22m[39m[SIGNAL] UI_SYNC | State: STOP | Progress: C0S0 | Cache: 0 (0.00MB) | IX: 1
[STORE] ≡ƒÆÄ State Updated. isSyncing=false, awaitingSync=false
[PlaybackController] ≡ƒöä Received UI_SYNC
[STORE] ≡ƒÆÄ State Updated. isSyncing=false, awaitingSync=false
[SIGNAL] UI_SYNC | State: STOP | Progress: C0S0 | Cache: 0 (0.00MB) | IX: 1
[PlaybackController] ≡ƒöä Received UI_SYNC
[STORE] ≡ƒÆÄ State Updated. isSyncing=false, awaitingSync=false
[SIGNAL] UI_SYNC | State: STOP | Progress: C0S0 | Cache: 0 (0.00MB) | IX: 1
[PlaybackController] ≡ƒöä Received UI_SYNC
[STORE] ≡ƒÆÄ State Updated. isSyncing=false, awaitingSync=false
[SIGNAL] UI_SYNC | State: STOP | Progress: C0S0 | Cache: 0 (0.00MB) | IX: 1
[PlaybackController] ≡ƒöä Received UI_SYNC

[90mstdout[2m | tests/webview/control_system_audit.test.ts[2m > [22m[2mControl System Audit (Reproduction)[2m > [22m[2mZOMBIE FIX: playFromCache should NOT trigger the Zombie Guard
[22m[39m[CacheManager] ≡ƒÜÇ Database initialized (v3)

[90mstdout[2m | tests/webview/components/VoiceSelector.test.ts[2m > [22m[2mVoiceSelector[2m > [22m[2mshould scroll selected voice into view using timers
[22m[39m[STORE] ≡ƒÆÄ State Updated. isSyncing=false, awaitingSync=false
[STORE] ≡ƒÆÄ State Updated. isSyncing=false, awaitingSync=false
[AUDIO] ≡ƒ¢æ Stop triggered: intent=0 (Instance=0.5808016033974087, Resolvers=0)
[AUDIO] ≡ƒ¢æ Stop triggered: intent=0 (Instance=0.5808016033974087, Resolvers=0)
[MessageClient] Adding listener to window

[90mstdout[2m | tests/webview/components/PlaybackControls.test.ts[2m > [22m[2mPlaybackControls[2m > [22m[2mOptimistic UI & Haptics (Phase 2)[2m > [22m[2mshould trigger pulse haptics on statusDot for transport actions
[22m[39m[STORE] ≡ƒÆÄ State Updated. isSyncing=false, awaitingSync=false
[STORE] ≡ƒÆÄ State Updated. isSyncing=false, awaitingSync=false
[AUDIO] ≡ƒ¢æ Stop triggered: intent=0 (Instance=0.9347905077812395, Resolvers=0)
[AUDIO] ≡ƒ¢æ Stop triggered: intent=0 (Instance=0.9347905077812395, Resolvers=0)
[MessageClient] Adding listener to window
[STORE] ≡ƒÆÄ State Updated. isSyncing=false, awaitingSync=false

[90mstdout[2m | tests/webview/control_system_audit.test.ts[2m > [22m[2mControl System Audit (Reproduction)[2m > [22m[2mZOMBIE FIX: playFromCache should NOT trigger the Zombie Guard
[22m[39m[CacheManager] ≡ƒº╣ Starting GC sweep...

[90mstdout[2m | tests/webview/components/PlaybackControls.test.ts[2m > [22m[2mPlaybackControls[2m > [22m[2mOptimistic UI & Haptics (Phase 2)[2m > [22m[2mshould trigger pulse haptics on statusDot for transport actions
[22m[39m[PlaybackController] ΓÅ╕∩╕Å USER PAUSE requested
[STORE] ≡ƒÆÄ State Updated. isSyncing=false, awaitingSync=false
[STORE] ≡ƒÆÄ State Updated. isSyncing=false, awaitingSync=true
[ACTION] pause | {"intentId":101}
[STORE] ≡ƒÆÄ State Updated. isSyncing=false, awaitingSync=true
[ACTION] nextChapter | {"intentId":102}
[AUDIO] ≡ƒöô Primed
[AUDIO] ≡ƒöô Primed

[90mstdout[2m | tests/webview/control_system_audit.test.ts[2m > [22m[2mControl System Audit (Reproduction)[2m > [22m[2mZOMBIE FIX: playFromCache should NOT trigger the Zombie Guard
[22m[39m[CacheManager] ≡ƒôí Syncing Full Manifest (0 keys)

[90mstdout[2m | tests/webview/components/VoiceSelector.test.ts[2m > [22m[2mVoiceSelector[2m > [22m[2mshould scroll selected voice into view using timers
[22m[39m[SIGNAL] UI_SYNC | State: STOP | Progress: C0S0 | IX: 0
[STORE] ≡ƒÆÄ State Updated. isSyncing=false, awaitingSync=false
[STORE] ≡ƒÆÄ State Updated. isSyncing=false, awaitingSync=false
[PlaybackController] ≡ƒñ¥ Webview Hydrated
[STORE] ≡ƒÆÄ State Updated. isSyncing=false, awaitingSync=false
[PlaybackController] ≡ƒöä Received UI_SYNC
[STORE] ≡ƒÆÄ State Updated. isSyncing=false, awaitingSync=false
[SIGNAL] UI_SYNC | State: STOP | Progress: C0S0 | IX: 0
[PlaybackController] ≡ƒöä Received UI_SYNC
[STORE] ≡ƒÆÄ State Updated. isSyncing=false, awaitingSync=false
[SIGNAL] UI_SYNC | State: STOP | Progress: C0S0 | IX: 0
[PlaybackController] ≡ƒöä Received UI_SYNC
[STORE] ≡ƒÆÄ State Updated. isSyncing=false, awaitingSync=false
[SIGNAL] UI_SYNC | State: STOP | Progress: C0S0 | IX: 0
[90mstderr[2m | tests/webview/control_system_audit.test.ts[2m > [22m[2mControl System Audit (Reproduction)[2m > 
[22m[2mAutoplay cycle should transition correctly: auto -> chapter -> row
[22m[39m[PlaybackController] ≡ƒº▒ Sync blocked: stale intent 0 < 1

[90mstderr[2m | tests/webview/components/VoiceSelector.test.ts[2m > [22m[2mVoiceSelector[2m > [22m[2mshould 
show sparkle icon for neural voices
[22m[39m[PlaybackController] ≡ƒº▒ Sync blocked: stale intent 0 < 1
[PlaybackController] ≡ƒº▒ Sync blocked: stale intent 0 < 1
[PlaybackController] ≡ƒº▒ Sync blocked: stale intent 0 < 1

[90mstderr[2m | tests/webview/components/VoiceSelector.test.ts[2m > [22m[2mVoiceSelector[2m > [22m[2mshould 
filter the list based on search term
[22m[39m[MessageClient] acquireVsCodeApi is not available. Are you in a VS Code webview?

[90mstderr[2m | tests/webview/control_system_audit.test.ts[2m > [22m[2mControl System Audit (Reproduction)[2m > 
[22m[2mZOMBIE FIX: playFromCache should NOT trigger the Zombie Guard
[22m[39m[PlaybackController] ≡ƒº▒ Sync blocked: stale intent 0 < 1

[90mstderr[2m | tests/webview/components/VoiceSelector.test.ts[2m > [22m[2mVoiceSelector[2m > [22m[2mshould 
filter the list based on search term
[22m[39m[PlaybackController] ≡ƒº▒ Sync blocked: stale intent 0 < 1
[PlaybackController] ≡ƒº▒ Sync blocked: stale intent 0 < 1
[PlaybackController] ≡ƒº▒ Sync blocked: stale intent 0 < 1
[PlaybackController] ≡ƒº▒ Sync blocked: stale intent 0 < 1
[PlaybackController] ≡ƒº▒ Sync blocked: stale intent 0 < 1

[90mstderr[2m | tests/webview/components/VoiceSelector.test.ts[2m > [22m[2mVoiceSelector[2m > [22m[2mshould 
post action when a voice item is clicked
[22m[39m[MessageClient] acquireVsCodeApi is not available. Are you in a VS Code webview?

[90mstderr[2m | tests/webview/components/PlaybackControls.test.ts[2m > [22m[2mPlaybackControls[2m > 
[22m[2mstatus-dot indicator (#1 regression guard)[2m > [22m[2mshould not throw if statusDot element is null
[22m[39m[Component] Missing expected element for PlaybackControls: statusDot

[90mstderr[2m | tests/webview/components/VoiceSelector.test.ts[2m > [22m[2mVoiceSelector[2m > [22m[2mshould 
post action when a voice item is clicked
[22m[39m[PlaybackController] ≡ƒº▒ Sync blocked: stale intent 0 < 1
[PlaybackController] ≡ƒº▒ Sync blocked: stale intent 0 < 1
[PlaybackController] ≡ƒº▒ Sync blocked: stale intent 0 < 1
[PlaybackController] ≡ƒº▒ Sync blocked: stale intent 0 < 1
[PlaybackController] ≡ƒº▒ Sync blocked: stale intent 0 < 1
[PlaybackController] ≡ƒº▒ Sync blocked: stale intent 0 < 1
[PlaybackController] ≡ƒº▒ Sync blocked: stale intent 0 < 1
[MessageClient] Cannot post action voiceChanged: VS Code API not available.

[90mstderr[2m | tests/webview/components/VoiceSelector.test.ts[2m > [22m[2mVoiceSelector[2m > [22m[2mshould 
scroll selected voice into view using timers
[22m[39m[MessageClient] acquireVsCodeApi is not available. Are you in a VS Code webview?

[90mstderr[2m | tests/webview/components/VoiceSelector.test.ts[2m > [22m[2mVoiceSelector[2m > [22m[2mshould 
scroll selected voice into view using timers
[22m[39m[PlaybackController] ≡ƒº▒ Sync blocked: stale intent 0 < 1
[PlaybackController] ≡ƒº▒ Sync blocked: stale intent 0 < 1
[PlaybackController] ≡ƒº▒ Sync blocked: stale intent 0 < 1
[PlaybackController] ≡ƒº▒ Sync blocked: stale intent 0 < 1
[PlaybackController] ≡ƒöä Received UI_SYNC
[STORE] ≡ƒÆÄ State Updated. isSyncing=false, awaitingSync=false
[STORE] ≡ƒÆÄ State Updated. isSyncing=false, awaitingSync=false
[SIGNAL] UI_SYNC | State: STOP | Progress: C0S0 | IX: 0
[PlaybackController] ≡ƒöä Received UI_SYNC

[90mstdout[2m | tests/webview/control_system_audit.test.ts[2m > [22m[2mControl System Audit (Reproduction)[2m > [22m[2mZOMBIE FIX: playFromCache should NOT trigger the Zombie Guard
[22m[39m[PlaybackController] Cache miss for default_0.00_532fc42e_1505. Requesting synthesis...
[ACTION] REQUEST_SYNTHESIS | {"cacheKey":"default_0.00_532fc42e_1505","intentId":2,"batchId":0}

 [32mΓ£ô[39m tests/webview/components/SnippetLookup.test.ts[2m > [22mSnippetLookup[2m > [22mshould navigate back to sessions when back button is clicked[32m 37[2mms[22m[39m
 [32mΓ£ô[39m tests/webview/components/PlaybackControls.test.ts[2m > [22mPlaybackControls[2m > [22mstatus-dot indicator (#1 regression guard)[2m > [22mshould not throw if statusDot element is null[32m 24[2mms[22m[39m
 [32mΓ£ô[39m tests/webview/components/PlaybackControls.test.ts[2m > [22mPlaybackControls[2m > [22mOptimistic UI & Haptics (Phase 2)[2m > [22mshould optimistically cycle autoplay mode on click[32m 20[2mms[22m[39m
 [32mΓ£ô[39m tests/webview/components/PlaybackControls.test.ts[2m > [22mPlaybackControls[2m > [22mOptimistic UI & Haptics (Phase 2)[2m > [22mshould trigger pulse haptics on statusDot for transport actions[32m 23[2mms[22m[39m
[PlaybackController] ≡ƒº▒ Sync blocked: stale intent 0 < 1
[PlaybackController] ≡ƒº▒ Sync blocked: stale intent 0 < 1
[PlaybackController] ≡ƒº▒ Sync blocked: stale intent 0 < 1
[PlaybackController] ≡ƒº▒ Sync blocked: stale intent 0 < 1
[PlaybackController] ≡ƒº▒ Sync blocked: stale intent 0 < 1

 [32mΓ£ô[39m tests/webview/components/VoiceSelector.test.ts[2m > [22mVoiceSelector[2m > [22mshould post action when a voice item is clicked[32m 40[2mms[22m[39m
 [32mΓ£ô[39m tests/webview/components/VoiceSelector.test.ts[2m > [22mVoiceSelector[2m > [22mshould scroll selected voice into view using timers[32m 19[2mms[22m[39m
[90mstdout[2m | tests/webview/core/RaceCondition.test.ts[2m > [22m[2mResilience: RaceCondition (v2.3.1 - Mutex Guard)[2m > [22m[2mSHOULD reject late audio packets from a previous intent (Zombie Guard)
[22m[39m[AUDIO] ≡ƒ¢æ Stop triggered: intent=0 (Instance=0.40558780278399953, Resolvers=0)
[STORE] ≡ƒÆÄ State Updated. isSyncing=false, awaitingSync=false

[90mstdout[2m | tests/webview/core/RaceCondition.test.ts[2m > [22m[2mResilience: RaceCondition (v2.3.1 - Mutex Guard)[2m > [22m[2mSHOULD reject late audio packets from a previous intent (Zombie Guard)
[22m[39m[AUDIO] ≡ƒöÆ AcquireLock Start: intent=100, active=0
[AUDIO] ≡ƒöÑ Sovereign Preemption: 100 > 0 (Instance=0.40558780278399953)
[AUDIO] ≡ƒ¢æ Stop triggered: intent=0 (Instance=0.40558780278399953, Resolvers=0)
[AUDIO] ΓÅ│ Waiting for Mutex: intent=100 (Currently held by: null, Instance=0.40558780278399953)

[90mstdout[2m | tests/webview/core/RaceCondition.test.ts[2m > [22m[2mResilience: RaceCondition (v2.3.1 - Mutex Guard)[2m > [22m[2mSHOULD reject late audio packets from a previous intent (Zombie Guard)
[22m[39m[AUDIO] Γ£à Mutex Acquired: intent=100 (Instance=0.40558780278399953)

[90mstderr[2m | tests/webview/core/RaceCondition.test.ts[2m > [22m[2mResilience: RaceCondition (v2.3.1 - Mutex 
Guard)[2m > [22m[2mSHOULD reject late audio packets from a previous intent (Zombie Guard)
[22m[39m[AUDIO] ≡ƒºƒ Stale Intent Rejected: 90 < 100 (Instance=0.40558780278399953)

[90mstdout[2m | tests/webview/core/RaceCondition.test.ts[2m > [22m[2mResilience: RaceCondition (v2.3.1 - Mutex Guard)[2m > [22m[2mSHOULD reject late audio packets from a previous intent (Zombie Guard)
[22m[39m[AUDIO] ≡ƒöÆ AcquireLock Start: intent=90, active=100

[90mstdout[2m | tests/webview/core/RaceCondition.test.ts[2m > [22m[2mResilience: RaceCondition (v2.3.1 - Mutex Guard)[2m > [22m[2mSHOULD allow audio packets that match the current intent
[22m[39m[AUDIO] ≡ƒ¢æ Stop triggered: intent=100 (Instance=0.40558780278399953, Resolvers=0)
[AUDIO] ≡ƒ¢æ Stop triggered: intent=0 (Instance=0.40558780278399953, Resolvers=0)
[AUDIO] ≡ƒ¢æ Stop triggered: intent=0 (Instance=0.36541439764967787, Resolvers=0)
[STORE] ≡ƒÆÄ State Updated. isSyncing=false, awaitingSync=false

[90mstdout[2m | tests/webview/core/RaceCondition.test.ts[2m > [22m[2mResilience: RaceCondition (v2.3.1 - Mutex Guard)[2m > [22m[2mSHOULD allow audio packets that match the current intent
[22m[39m[AUDIO] ≡ƒöÆ AcquireLock Start: intent=200, active=0
[AUDIO] ≡ƒöÑ Sovereign Preemption: 200 > 0 (Instance=0.36541439764967787)
[AUDIO] ≡ƒ¢æ Stop triggered: intent=0 (Instance=0.36541439764967787, Resolvers=0)
[AUDIO] ΓÅ│ Waiting for Mutex: intent=200 (Currently held by: null, Instance=0.36541439764967787)

[90mstdout[2m | tests/webview/core/RaceCondition.test.ts[2m > [22m[2mResilience: RaceCondition (v2.3.1 - Mutex Guard)[2m > [22m[2mSHOULD allow audio packets that match the current intent
[22m[39m[AUDIO] Γ£à Mutex Acquired: intent=200 (Instance=0.36541439764967787)

[90mstdout[2m | tests/webview/core/RaceCondition.test.ts[2m > [22m[2mResilience: RaceCondition (v2.3.1 - Mutex Guard)[2m > [22m[2mSHOULD honor the STOP intent even if audio arrives
[22m[39m[AUDIO] ≡ƒ¢æ Stop triggered: intent=200 (Instance=0.36541439764967787, Resolvers=0)
[AUDIO] ≡ƒ¢æ Stop triggered: intent=0 (Instance=0.36541439764967787, Resolvers=0)
[AUDIO] ≡ƒ¢æ Stop triggered: intent=0 (Instance=0.7272964078386198, Resolvers=0)
[STORE] ≡ƒÆÄ State Updated. isSyncing=false, awaitingSync=false

[90mstdout[2m | tests/webview/core/RaceCondition.test.ts[2m > [22m[2mResilience: RaceCondition (v2.3.1 - Mutex Guard)[2m > [22m[2mSHOULD honor the STOP intent even if audio arrives
[22m[39m[AUDIO] ≡ƒöÆ AcquireLock Start: intent=100, active=0
[AUDIO] ≡ƒöÑ Sovereign Preemption: 100 > 0 (Instance=0.7272964078386198)
[AUDIO] ≡ƒ¢æ Stop triggered: intent=0 (Instance=0.7272964078386198, Resolvers=0)
[AUDIO] ΓÅ│ Waiting for Mutex: intent=100 (Currently held by: null, Instance=0.7272964078386198)

[90mstdout[2m | tests/webview/core/RaceCondition.test.ts[2m > [22m[2mResilience: RaceCondition (v2.3.1 - Mutex Guard)[2m > [22m[2mSHOULD honor the STOP intent even if audio arrives
[22m[39m[AUDIO] Γ£à Mutex Acquired: intent=100 (Instance=0.7272964078386198)

[90mstdout[2m | tests/webview/UnifiedPlaybackMutex.test.ts[2m > [22m[2mUnifiedPlaybackMutex (E2E Integration - v2.3.2)[2m > [22m[2mSHOULD serialize synthesis and playBlob calls
[22m[39m[STORE] ≡ƒÆÄ State Updated. isSyncing=false, awaitingSync=false

[90mstdout[2m | tests/webview/core/RaceCondition.test.ts[2m > [22m[2mResilience: RaceCondition (v2.3.1 - Mutex Guard)[2m > [22m[2mSHOULD honor the STOP intent even if audio arrives
[22m[39m[AUDIO] ≡ƒ¢æ Stop triggered: intent=100 (Instance=0.7272964078386198, Resolvers=1)
[AUDIO] ≡ƒöÆ AcquireLock Start: intent=90, active=0
[AUDIO] ≡ƒöÑ Sovereign Preemption: 90 > 0 (Instance=0.7272964078386198)
[AUDIO] ≡ƒ¢æ Stop triggered: intent=0 (Instance=0.7272964078386198, Resolvers=0)
[AUDIO] ΓÅ│ Waiting for Mutex: intent=90 (Currently held by: null, Instance=0.7272964078386198)

[90mstdout[2m | tests/webview/core/RaceCondition.test.ts[2m > [22m[2mResilience: RaceCondition (v2.3.1 - Mutex Guard)[2m > [22m[2mSHOULD honor the STOP intent even if audio arrives
[22m[39m[AUDIO] Γ£à Mutex Acquired: intent=90 (Instance=0.7272964078386198)

[90mstdout[2m | tests/webview/UnifiedPlaybackMutex.test.ts[2m > [22m[2mUnifiedPlaybackMutex (E2E Integration - v2.3.2)[2m > [22m[2mSHOULD serialize synthesis and playBlob calls
[22m[39m[AUDIO] ≡ƒöÆ AcquireLock Start: intent=100, active=0
[AUDIO] ≡ƒöÑ Sovereign Preemption: 100 > 0 (Instance=0.9349395809208194)
[AUDIO] ≡ƒ¢æ Stop triggered: intent=0 (Instance=0.9349395809208194, Resolvers=0)
[AUDIO] ΓÅ│ Waiting for Mutex: intent=100 (Currently held by: null, Instance=0.9349395809208194)

[90mstdout[2m | tests/webview/UnifiedPlaybackMutex.test.ts[2m > [22m[2mUnifiedPlaybackMutex (E2E Integration - v2.3.2)[2m > [22m[2mSHOULD serialize synthesis and playBlob calls
[22m[39m[AUDIO] Γ£à Mutex Acquired: intent=100 (Instance=0.9349395809208194)

 [32mΓ£ô[39m tests/webview/core/RaceCondition.test.ts[2m > [22mResilience: RaceCondition (v2.3.1 - Mutex Guard)[2m > [22mSHOULD reject late audio packets from a previous intent (Zombie Guard)[32m 21[2mms[22m[39m
 [32mΓ£ô[39m tests/webview/core/RaceCondition.test.ts[2m > [22mResilience: RaceCondition (v2.3.1 - Mutex Guard)[2m > [22mSHOULD allow audio packets that match the current intent[32m 15[2mms[22m[39m
[90mstdout[2m | tests/webview/UnifiedPlaybackMutex.test.ts[2m > [22m[2mUnifiedPlaybackMutex (E2E Integration - v2.3.2)[2m > [22m[2mSHOULD serialize synthesis and playBlob calls
[22m[39m[AUDIO] ≡ƒöÆ AcquireLock Start: intent=100, active=100
[AUDIO] ΓÅ│ Waiting for Mutex: intent=100 (Currently held by: 100, Instance=0.9349395809208194)

[90mstdout[2m | tests/webview/UnifiedPlaybackMutex.test.ts[2m > [22m[2mUnifiedPlaybackMutex (E2E Integration - v2.3.2)[2m > [22m[2mSHOULD serialize synthesis and playBlob calls
[22m[39m[AUDIO] ≡ƒ¢æ Stop triggered: intent=100 (Instance=0.9349395809208194, Resolvers=2)

[90mstderr[2m | tests/webview/UnifiedPlaybackMutex.test.ts[2m > [22m[2mUnifiedPlaybackMutex (E2E Integration - 
v2.3.2)[2m > [22m[2mSHOULD serialize synthesis and playBlob calls
[22m[39m[AUDIO] ≡ƒöÆ Lock Failed: Aborted (intent=100)

[90mstdout[2m | tests/webview/UnifiedPlaybackMutex.test.ts[2m > [22m[2mUnifiedPlaybackMutex (E2E Integration - v2.3.2)[2m > [22m[2mSHOULD NOT allow an old intent to play if a new intent took over
[22m[39m[AUDIO] ≡ƒ¢æ Stop triggered: intent=0 (Instance=0.9349395809208194, Resolvers=0)
[AUDIO] ≡ƒ¢æ Stop triggered: intent=0 (Instance=0.9349395809208194, Resolvers=0)
[STORE] ≡ƒÆÄ State Updated. isSyncing=false, awaitingSync=false

[90mstdout[2m | tests/webview/UnifiedPlaybackMutex.test.ts[2m > [22m[2mUnifiedPlaybackMutex (E2E Integration - v2.3.2)[2m > [22m[2mSHOULD NOT allow an old intent to play if a new intent took over
[22m[39m[AUDIO] ≡ƒöÆ AcquireLock Start: intent=100, active=0
[AUDIO] ≡ƒöÑ Sovereign Preemption: 100 > 0 (Instance=0.25481369897036554)
[AUDIO] ≡ƒ¢æ Stop triggered: intent=0 (Instance=0.25481369897036554, Resolvers=0)
[AUDIO] ΓÅ│ Waiting for Mutex: intent=100 (Currently held by: null, Instance=0.25481369897036554)

[90mstdout[2m | tests/webview/UnifiedPlaybackMutex.test.ts[2m > [22m[2mUnifiedPlaybackMutex (E2E Integration - v2.3.2)[2m > [22m[2mSHOULD NOT allow an old intent to play if a new intent took over
[22m[39m[AUDIO] Γ£à Mutex Acquired: intent=100 (Instance=0.25481369897036554)

[90mstderr[2m | tests/webview/UnifiedPlaybackMutex.test.ts[2m > [22m[2mUnifiedPlaybackMutex (E2E Integration - 
v2.3.2)[2m > [22m[2mSHOULD NOT allow an old intent to play if a new intent took over
[22m[39m[AUDIO] ≡ƒºƒ Stale Intent Rejected: 90 < 100 (Instance=0.25481369897036554)

[90mstdout[2m | tests/webview/UnifiedPlaybackMutex.test.ts[2m > [22m[2mUnifiedPlaybackMutex (E2E Integration - v2.3.2)[2m > [22m[2mSHOULD NOT allow an old intent to play if a new intent took over
[22m[39m[AUDIO] ≡ƒöÆ AcquireLock Start: intent=90, active=100
[AUDIO] ≡ƒöÆ AcquireLock Start: intent=110, active=100
[AUDIO] ≡ƒöÑ Sovereign Preemption: 110 > 100 (Instance=0.25481369897036554)
[AUDIO] ≡ƒ¢æ Stop triggered: intent=100 (Instance=0.25481369897036554, Resolvers=1)
[AUDIO] ΓÅ│ Waiting for Mutex: intent=110 (Currently held by: null, Instance=0.25481369897036554)

[90mstdout[2m | tests/webview/UnifiedPlaybackMutex.test.ts[2m > [22m[2mUnifiedPlaybackMutex (E2E Integration - v2.3.2)[2m > [22m[2mSHOULD NOT allow an old intent to play if a new intent took over
[22m[39m[AUDIO] Γ£à Mutex Acquired: intent=110 (Instance=0.25481369897036554)

[90mstdout[2m | tests/webview/UnifiedPlaybackMutex.test.ts[2m > [22m[2mUnifiedPlaybackMutex (E2E Integration - v2.3.2)[2m > [22m[2mSHOULD recover and allow subsequent playback if a previous one fails
[22m[39m[AUDIO] ≡ƒ¢æ Stop triggered: intent=110 (Instance=0.25481369897036554, Resolvers=0)
[AUDIO] ≡ƒ¢æ Stop triggered: intent=0 (Instance=0.25481369897036554, Resolvers=0)
[STORE] ≡ƒÆÄ State Updated. isSyncing=false, awaitingSync=false

[90mstdout[2m | tests/webview/UnifiedPlaybackMutex.test.ts[2m > [22m[2mUnifiedPlaybackMutex (E2E Integration - v2.3.2)[2m > [22m[2mSHOULD recover and allow subsequent playback if a previous one fails
[22m[39m[AUDIO] ≡ƒöÆ AcquireLock Start: intent=300, active=0
[AUDIO] ≡ƒöÑ Sovereign Preemption: 300 > 0 (Instance=0.36040570749333245)
[AUDIO] ≡ƒ¢æ Stop triggered: intent=0 (Instance=0.36040570749333245, Resolvers=0)
[AUDIO] ΓÅ│ Waiting for Mutex: intent=300 (Currently held by: null, Instance=0.36040570749333245)

[90mstdout[2m | tests/webview/UnifiedPlaybackMutex.test.ts[2m > [22m[2mUnifiedPlaybackMutex (E2E Integration - v2.3.2)[2m > [22m[2mSHOULD recover and allow subsequent playback if a previous one fails
[22m[39m[AUDIO] Γ£à Mutex Acquired: intent=300 (Instance=0.36040570749333245)

[90mstderr[2m | tests/webview/UnifiedPlaybackMutex.test.ts[2m > [22m[2mUnifiedPlaybackMutex (E2E Integration - 
v2.3.2)[2m > [22m[2mSHOULD recover and allow subsequent playback if a previous one fails
[22m[39m[AUDIO] Γ¥î Play Rejected: intent=300 Error: Audio Error
    at window.Audio.<anonymous> 
(C:/Users/Idan4/Desktop/readme-preview-read-aloud/tests/webview/UnifiedPlaybackMutex.test.ts:135:35)
    at window.Audio.Mock [90m(file:///C:/Users/Idan4/Desktop/readme-preview-read-aloud/[39mnode_modules/[4m@vitest/s
py[24m/dist/index.js:332:34[90m)[39m
    at C:/Users/Idan4/Desktop/readme-preview-read-aloud/src/webview/core/WebviewAudioEngine.ts:249:25
    at new Promise (<anonymous>)
    at WebviewAudioEngine.playBlob 
(C:/Users/Idan4/Desktop/readme-preview-read-aloud/src/webview/core/WebviewAudioEngine.ts:208:15)
    at C:/Users/Idan4/Desktop/readme-preview-read-aloud/tests/webview/UnifiedPlaybackMutex.test.ts:139:15
    at [90mfile:///C:/Users/Idan4/Desktop/readme-preview-read-aloud/[39mnode_modules/[4m@vitest/runner[24m/dist/chu
nk-artifact.js:1893:20

[90mstdout[2m | tests/webview/UnifiedPlaybackMutex.test.ts[2m > [22m[2mUnifiedPlaybackMutex (E2E Integration - v2.3.2)[2m > [22m[2mSHOULD recover and allow subsequent playback if a previous one fails
[22m[39m[AUDIO] ≡ƒöÆ AcquireLock Start: intent=301, active=300
[AUDIO] ≡ƒöÑ Sovereign Preemption: 301 > 300 (Instance=0.36040570749333245)
[AUDIO] ≡ƒ¢æ Stop triggered: intent=300 (Instance=0.36040570749333245, Resolvers=0)
[AUDIO] ΓÅ│ Waiting for Mutex: intent=301 (Currently held by: null, Instance=0.36040570749333245)

[90mstdout[2m | tests/webview/UnifiedPlaybackMutex.test.ts[2m > [22m[2mUnifiedPlaybackMutex (E2E Integration - v2.3.2)[2m > [22m[2mSHOULD recover and allow subsequent playback if a previous one fails
[22m[39m[AUDIO] Γ£à Mutex Acquired: intent=301 (Instance=0.36040570749333245)

 [32mΓ£ô[39m tests/webview/UnifiedPlaybackMutex.test.ts[2m > [22mUnifiedPlaybackMutex (E2E Integration - v2.3.2)[2m > [22mSHOULD serialize synthesis and playBlob calls[32m 240[2mms[22m[39m
 [32mΓ£ô[39m tests/webview/UnifiedPlaybackMutex.test.ts[2m > [22mUnifiedPlaybackMutex (E2E Integration - v2.3.2)[2m > [22mSHOULD NOT allow an old intent to play if a new intent took over[32m 21[2mms[22m[39m
[90mstdout[2m | tests/webview/core/WebviewAudioEngine.test.ts[2m > [22m[2mWebviewAudioEngine (v2.3.1 - Dumb Player)[2m > [22m[2mshould acquire lock for speakLocal and release it on completion
[22m[39m[AUDIO] ≡ƒ¢æ Stop triggered: intent=0 (Instance=0.4567063955284393, Resolvers=0)
[STORE] ≡ƒÆÄ State Updated. isSyncing=false, awaitingSync=false

[90mstdout[2m | tests/webview/core/WebviewAudioEngine.test.ts[2m > [22m[2mWebviewAudioEngine (v2.3.1 - Dumb Player)[2m > [22m[2mshould acquire lock for speakLocal and release it on completion
[22m[39m[AUDIO] ≡ƒöÆ AcquireLock Start: intent=12345, active=0
[AUDIO] ≡ƒöÑ Sovereign Preemption: 12345 > 0 (Instance=0.4567063955284393)
[AUDIO] ≡ƒ¢æ Stop triggered: intent=0 (Instance=0.4567063955284393, Resolvers=0)
[AUDIO] ΓÅ│ Waiting for Mutex: intent=12345 (Currently held by: null, Instance=0.4567063955284393)

[90mstdout[2m | tests/webview/core/WebviewAudioEngine.test.ts[2m > [22m[2mWebviewAudioEngine (v2.3.1 - Dumb Player)[2m > [22m[2mshould acquire lock for speakLocal and release it on completion
[22m[39m[AUDIO] Γ£à Mutex Acquired: intent=12345 (Instance=0.4567063955284393)

[90mstdout[2m | tests/webview/PlaybackStateAgnostic.test.ts[2m > [22m[2mPlayback State-Aware UI & Transition Grace (v2.3.1)[2m > [22m[2mPAUSE GESTURE: should switch icon immediately and NOT show spinner even if sync is pending
[22m[39m[STORE] ≡ƒÆÄ State Updated. isSyncing=false, awaitingSync=false

[90mstdout[2m | tests/webview/PlaybackStateAgnostic.test.ts[2m > [22m[2mPlayback State-Aware UI & Transition Grace (v2.3.1)[2m > [22m[2mPAUSE GESTURE: should switch icon immediately and NOT show spinner even if sync is pending
[22m[39m[STORE] ≡ƒÆÄ State Updated. isSyncing=false, awaitingSync=false
[STORE] ≡ƒÆÄ State Updated. isSyncing=false, awaitingSync=true

[90mstdout[2m | tests/webview/core/WebviewAudioEngine.test.ts[2m > [22m[2mWebviewAudioEngine (v2.3.1 - Dumb Player)[2m > [22m[2mshould acquire lock for playBlob and release it on completion
[22m[39m[AUDIO] ≡ƒ¢æ Stop triggered: intent=12345 (Instance=0.4567063955284393, Resolvers=0)
[AUDIO] ≡ƒ¢æ Stop triggered: intent=0 (Instance=0.4567063955284393, Resolvers=0)
[AUDIO] ≡ƒ¢æ Stop triggered: intent=0 (Instance=0.7836384093351028, Resolvers=0)
[STORE] ≡ƒÆÄ State Updated. isSyncing=false, awaitingSync=false

[90mstdout[2m | tests/webview/core/WebviewAudioEngine.test.ts[2m > [22m[2mWebviewAudioEngine (v2.3.1 - Dumb Player)[2m > [22m[2mshould acquire lock for playBlob and release it on completion
[22m[39m[AUDIO] ≡ƒöÆ AcquireLock Start: intent=67890, active=0
[AUDIO] ≡ƒöÑ Sovereign Preemption: 67890 > 0 (Instance=0.7836384093351028)
[AUDIO] ≡ƒ¢æ Stop triggered: intent=0 (Instance=0.7836384093351028, Resolvers=0)
[AUDIO] ΓÅ│ Waiting for Mutex: intent=67890 (Currently held by: null, Instance=0.7836384093351028)

[90mstdout[2m | tests/webview/core/WebviewAudioEngine.test.ts[2m > [22m[2mWebviewAudioEngine (v2.3.1 - Dumb Player)[2m > [22m[2mshould acquire lock for playBlob and release it on completion
[22m[39m[AUDIO] Γ£à Mutex Acquired: intent=67890 (Instance=0.7836384093351028)

[90mstdout[2m | tests/webview/PlaybackStateAgnostic.test.ts[2m > [22m[2mPlayback State-Aware UI & Transition Grace (v2.3.1)[2m > [22m[2mINITIAL PLAY: should show spinner IMMEDIATELY for user clicks (0ms grace)
[22m[39m[STORE] ≡ƒÆÄ State Updated. isSyncing=false, awaitingSync=false

 [32mΓ£ô[39m tests/webview/PlaybackStateAgnostic.test.ts[2m > [22mPlayback State-Aware UI & Transition Grace (v2.3.1)[2m > [22mPAUSE GESTURE: should switch icon immediately and NOT show spinner even if sync is pending[32m 93[2mms[22m[39m
[90mstdout[2m | tests/webview/PlaybackStateAgnostic.test.ts[2m > [22m[2mPlayback State-Aware UI & Transition Grace (v2.3.1)[2m > [22m[2mINITIAL PLAY: should show spinner IMMEDIATELY for user clicks (0ms grace)
[22m[39m[STORE] ≡ƒÆÄ State Updated. isSyncing=true, awaitingSync=true

[90mstdout[2m | tests/webview/PlaybackStateAgnostic.test.ts[2m > [22m[2mPlayback State-Aware UI & Transition Grace (v2.3.1)[2m > [22m[2mCONTINUOUS PLAY: should NOT flicker spinner during AUTO transitions (< 300ms)
[22m[39m[STORE] ≡ƒÆÄ State Updated. isSyncing=false, awaitingSync=false

[90mstdout[2m | tests/webview/PlaybackStateAgnostic.test.ts[2m > [22m[2mPlayback State-Aware UI & Transition Grace (v2.3.1)[2m > [22m[2mCONTINUOUS PLAY: should NOT flicker spinner during AUTO transitions (< 300ms)
[22m[39m[STORE] ≡ƒÆÄ State Updated. isSyncing=false, awaitingSync=false
[STORE] ≡ƒÆÄ State Updated. isSyncing=false, awaitingSync=true

 [32mΓ£ô[39m tests/webview/core/WebviewAudioEngine.test.ts[2m > [22mWebviewAudioEngine (v2.3.1 - Dumb Player)[2m > [22mshould acquire lock for speakLocal and release it on completion[32m 50[2mms[22m[39m
[90mstdout[2m | tests/webview/core/WebviewAudioEngine.test.ts[2m > [22m[2mWebviewAudioEngine (v2.3.1 - Dumb Player)[2m > [22m[2mstop() should kill all active playback and release locks
[22m[39m[AUDIO] ≡ƒ¢æ Stop triggered: intent=67890 (Instance=0.7836384093351028, Resolvers=0)
[AUDIO] ≡ƒ¢æ Stop triggered: intent=0 (Instance=0.7836384093351028, Resolvers=0)
[AUDIO] ≡ƒ¢æ Stop triggered: intent=0 (Instance=0.8812718720333153, Resolvers=0)
[STORE] ≡ƒÆÄ State Updated. isSyncing=false, awaitingSync=false

[90mstdout[2m | tests/webview/PlaybackStateAgnostic.test.ts[2m > [22m[2mPlayback State-Aware UI & Transition Grace (v2.3.1)[2m > [22m[2mSTALL THRESHOLD: should show spinner only after 400ms grace period
[22m[39m[STORE] ≡ƒÆÄ State Updated. isSyncing=false, awaitingSync=false

[90mstdout[2m | tests/webview/core/WebviewAudioEngine.test.ts[2m > [22m[2mWebviewAudioEngine (v2.3.1 - Dumb Player)[2m > [22m[2mstop() should kill all active playback and release locks
[22m[39m[AUDIO] ≡ƒöÆ AcquireLock Start: intent=999, active=0
[AUDIO] ≡ƒöÑ Sovereign Preemption: 999 > 0 (Instance=0.8812718720333153)
[AUDIO] ≡ƒ¢æ Stop triggered: intent=0 (Instance=0.8812718720333153, Resolvers=0)
[AUDIO] ΓÅ│ Waiting for Mutex: intent=999 (Currently held by: null, Instance=0.8812718720333153)

[90mstdout[2m | tests/webview/core/WebviewAudioEngine.test.ts[2m > [22m[2mWebviewAudioEngine (v2.3.1 - Dumb Player)[2m > [22m[2mstop() should kill all active playback and release locks
[22m[39m[AUDIO] ≡ƒ¢æ Stop triggered: intent=999 (Instance=0.8812718720333153, Resolvers=1)

[90mstderr[2m | tests/webview/core/WebviewAudioEngine.test.ts[2m > [22m[2mWebviewAudioEngine (v2.3.1 - Dumb 
Player)[2m > [22m[2mstop() should kill all active playback and release locks
[22m[39m[AUDIO] ≡ƒºƒ Intent Discarded (Post-Lock): intent=999 (Instance=0.8812718720333153)

[90mstdout[2m | tests/webview/PlaybackStateAgnostic.test.ts[2m > [22m[2mPlayback State-Aware UI & Transition Grace (v2.3.1)[2m > [22m[2mSTALL THRESHOLD: should show spinner only after 400ms grace period
[22m[39m[STORE] ≡ƒÆÄ State Updated. isSyncing=false, awaitingSync=true

[90mstdout[2m | tests/webview/PlaybackStateAgnostic.test.ts[2m > [22m[2mPlayback State-Aware UI & Transition Grace (v2.3.1)[2m > [22m[2mRESPONSIVENESS: should allow user to pause even if button is in loading state
[22m[39m[STORE] ≡ƒÆÄ State Updated. isSyncing=false, awaitingSync=false

[90mstdout[2m | tests/webview/core/WebviewAudioEngine.test.ts[2m > [22m[2mWebviewAudioEngine (v2.3.1 - Dumb Player)[2m > [22m[2mshould allow newer intents to bust older ones
[22m[39m[AUDIO] ≡ƒ¢æ Stop triggered: intent=0 (Instance=0.8812718720333153, Resolvers=0)
[AUDIO] ≡ƒ¢æ Stop triggered: intent=0 (Instance=0.8812718720333153, Resolvers=0)
[AUDIO] ≡ƒ¢æ Stop triggered: intent=0 (Instance=0.13855002605175237, Resolvers=0)
[STORE] ≡ƒÆÄ State Updated. isSyncing=false, awaitingSync=false

[90mstderr[2m | tests/webview/PlaybackStateAgnostic.test.ts[2m > [22m[2mPlayback State-Aware UI & Transition 
Grace (v2.3.1)[2m > [22m[2mRESPONSIVENESS: should allow user to pause even if button is in loading state
[22m[39m[MessageClient] acquireVsCodeApi is not available. Are you in a VS Code webview?
[MessageClient] Cannot post action pause: VS Code API not available.

[90mstdout[2m | tests/webview/PlaybackStateAgnostic.test.ts[2m > [22m[2mPlayback State-Aware UI & Transition Grace (v2.3.1)[2m > [22m[2mRESPONSIVENESS: should allow user to pause even if button is in loading state
[22m[39m[STORE] ≡ƒÆÄ State Updated. isSyncing=true, awaitingSync=true
[MessageClient] Adding listener to window
[PlaybackController] ΓÅ╕∩╕Å USER PAUSE requested
[STORE] ≡ƒÆÄ State Updated. isSyncing=true, awaitingSync=true
[STORE] ≡ƒÆÄ State Updated. isSyncing=false, awaitingSync=false
[STORE] ≡ƒÆÄ State Updated. isSyncing=false, awaitingSync=true
[AUDIO] ≡ƒöô Primed

[90mstdout[2m | tests/webview/core/WebviewAudioEngine.test.ts[2m > [22m[2mWebviewAudioEngine (v2.3.1 - Dumb Player)[2m > [22m[2mshould allow newer intents to bust older ones
[22m[39m[AUDIO] ≡ƒöÆ AcquireLock Start: intent=1000, active=0
[AUDIO] ≡ƒöÑ Sovereign Preemption: 1000 > 0 (Instance=0.13855002605175237)
[AUDIO] ≡ƒ¢æ Stop triggered: intent=0 (Instance=0.13855002605175237, Resolvers=0)
[AUDIO] ΓÅ│ Waiting for Mutex: intent=1000 (Currently held by: null, Instance=0.13855002605175237)

[90mstderr[2m | tests/webview/core/WebviewAudioEngine.test.ts[2m > [22m[2mWebviewAudioEngine (v2.3.1 - Dumb 
Player)[2m > [22m[2mshould allow newer intents to bust older ones
[22m[39m[AUDIO] ≡ƒºƒ Intent Discarded (Post-Lock): intent=1000 (Instance=0.13855002605175237)

[90mstdout[2m | tests/webview/core/WebviewAudioEngine.test.ts[2m > [22m[2mWebviewAudioEngine (v2.3.1 - Dumb Player)[2m > [22m[2mshould allow newer intents to bust older ones
[22m[39m[AUDIO] ≡ƒöÆ AcquireLock Start: intent=1001, active=1000
[AUDIO] ≡ƒöÑ Sovereign Preemption: 1001 > 1000 (Instance=0.13855002605175237)
[AUDIO] ≡ƒ¢æ Stop triggered: intent=1000 (Instance=0.13855002605175237, Resolvers=1)
[AUDIO] ΓÅ│ Waiting for Mutex: intent=1001 (Currently held by: null, Instance=0.13855002605175237)

[90mstdout[2m | tests/webview/PlaybackStateAgnostic.test.ts[2m > [22m[2mPlayback State-Aware UI & Transition Grace (v2.3.1)[2m > [22m[2mSTABILITY: should ensure primary controls have consistent identifying classes
[22m[39m[STORE] ≡ƒÆÄ State Updated. isSyncing=false, awaitingSync=false
[STORE] ≡ƒÆÄ State Updated. isSyncing=false, awaitingSync=false
[AUDIO] ≡ƒ¢æ Stop triggered: intent=0 (Instance=0.3837450454344965, Resolvers=0)
[AUDIO] ≡ƒ¢æ Stop triggered: intent=0 (Instance=0.3837450454344965, Resolvers=0)
[STORE] ≡ƒÆÄ State Updated. isSyncing=false, awaitingSync=false

 [32mΓ£ô[39m tests/webview/PlaybackStateAgnostic.test.ts[2m > [22mPlayback State-Aware UI & Transition Grace (v2.3.1)[2m > [22mINITIAL PLAY: should show spinner IMMEDIATELY for user clicks (0ms grace)[32m 28[2mms[22m[39m
 [32mΓ£ô[39m tests/webview/PlaybackStateAgnostic.test.ts[2m > [22mPlayback State-Aware UI & Transition Grace (v2.3.1)[2m > [22mCONTINUOUS PLAY: should NOT flicker spinner during AUTO transitions (< 300ms)[32m 10[2mms[22m[39m
 [32mΓ£ô[39m tests/webview/PlaybackStateAgnostic.test.ts[2m > [22mPlayback State-Aware UI & Transition Grace (v2.3.1)[2m > [22mSTALL THRESHOLD: should show spinner only after 400ms grace period[32m 18[2mms[22m[39m
 [32mΓ£ô[39m tests/webview/PlaybackStateAgnostic.test.ts[2m > [22mPlayback State-Aware UI & Transition Grace (v2.3.1)[2m > [22mRESPONSIVENESS: should allow user to pause even if button is in loading state[32m 67[2mms[22m[39m
[90mstdout[2m | tests/webview/PlaybackStateAgnostic.test.ts[2m > [22m[2mPlayback State-Aware UI & Transition Grace (v2.3.1)[2m > [22m[2mSTABILITY: should ensure primary controls have consistent identifying classes
[22m[39m[STORE] ≡ƒÆÄ State Updated. isSyncing=false, awaitingSync=false

[90mstdout[2m | tests/webview/core/WebviewAudioEngine.test.ts[2m > [22m[2mWebviewAudioEngine (v2.3.1 - Dumb Player)[2m > [22m[2mshould allow newer intents to bust older ones
[22m[39m[AUDIO] Γ£à Mutex Acquired: intent=1001 (Instance=0.13855002605175237)

 [32mΓ£ô[39m tests/webview/PlaybackStateAgnostic.test.ts[2m > [22mPlayback State-Aware UI & Transition Grace (v2.3.1)[2m > [22mSTABILITY: should ensure primary controls have consistent identifying classes[32m 11[2mms[22m[39m
[90mstdout[2m | tests/webview/core/WebviewAudioEngine.test.ts[2m > [22m[2mWebviewAudioEngine (v2.3.1 - Dumb Player)[2m > [22m[2mshould reject requests with old intent IDs
[22m[39m[AUDIO] ≡ƒ¢æ Stop triggered: intent=1001 (Instance=0.13855002605175237, Resolvers=0)
[AUDIO] ≡ƒ¢æ Stop triggered: intent=0 (Instance=0.13855002605175237, Resolvers=0)
[AUDIO] ≡ƒ¢æ Stop triggered: intent=0 (Instance=0.9460251901977562, Resolvers=0)
[STORE] ≡ƒÆÄ State Updated. isSyncing=false, awaitingSync=false

[90mstdout[2m | tests/webview/core/WebviewAudioEngine.test.ts[2m > [22m[2mWebviewAudioEngine (v2.3.1 - Dumb Player)[2m > [22m[2mshould reject requests with old intent IDs
[22m[39m[AUDIO] ≡ƒöÆ AcquireLock Start: intent=2000, active=0
[AUDIO] ≡ƒöÑ Sovereign Preemption: 2000 > 0 (Instance=0.9460251901977562)
[AUDIO] ≡ƒ¢æ Stop triggered: intent=0 (Instance=0.9460251901977562, Resolvers=0)
[AUDIO] ΓÅ│ Waiting for Mutex: intent=2000 (Currently held by: null, Instance=0.9460251901977562)

[90mstderr[2m | tests/webview/core/WebviewAudioEngine.test.ts[2m > [22m[2mWebviewAudioEngine (v2.3.1 - Dumb 
Player)[2m > [22m[2mshould reject requests with old intent IDs
[22m[39m[AUDIO] ≡ƒºƒ Stale Intent Rejected: 1999 < 2000 (Instance=0.9460251901977562)

[90mstdout[2m | tests/webview/core/WebviewAudioEngine.test.ts[2m > [22m[2mWebviewAudioEngine (v2.3.1 - Dumb Player)[2m > [22m[2mshould reject requests with old intent IDs
[22m[39m[AUDIO] ≡ƒöÆ AcquireLock Start: intent=1999, active=2000

[90mstdout[2m | tests/webview/core/WebviewAudioEngine.test.ts[2m > [22m[2mWebviewAudioEngine (v2.3.1 - Dumb Player)[2m > [22m[2mshould reject requests with old intent IDs
[22m[39m[AUDIO] Γ£à Mutex Acquired: intent=2000 (Instance=0.9460251901977562)

[90mstdout[2m | tests/webview/SyncAwarePlayback.test.ts[2m > [22m[2mSimplified Sync Playback UI[2m > [22m[2mshould reflect isAwaitingSync immediately on PlaybackController trigger
[22m[39m[MessageClient] Adding listener to window
[STORE] ≡ƒÆÄ State Updated. isSyncing=false, awaitingSync=false

[90mstderr[2m | tests/webview/SyncAwarePlayback.test.ts[2m > [22m[2mSimplified Sync Playback UI[2m > 
[22m[2mshould reflect isAwaitingSync immediately on PlaybackController trigger
[22m[39m[MessageClient] acquireVsCodeApi is not available. Are you in a VS Code webview?

[90mstdout[2m | tests/webview/SyncAwarePlayback.test.ts[2m > [22m[2mSimplified Sync Playback UI[2m > [22m[2mshould reflect isAwaitingSync immediately on PlaybackController trigger
[22m[39m[PlaybackController] ≡ƒƒó USER PLAY requested
[STORE] ≡ƒÆÄ State Updated. isSyncing=false, awaitingSync=false
[STORE] ≡ƒÆÄ State Updated. isSyncing=true, awaitingSync=true
[Dispatcher] ≡ƒ¢í∩╕Å Incoming sync during lock (intent to play: true)
[STORE] ≡ƒÆÄ State Updated. isSyncing=true, awaitingSync=true
[STORE] ≡ƒÆÄ State Updated. isSyncing=false, awaitingSync=false

[90mstderr[2m | tests/webview/SyncAwarePlayback.test.ts[2m > [22m[2mSimplified Sync Playback UI[2m > 
[22m[2mshould reflect isAwaitingSync immediately on PlaybackController trigger
[22m[39m[MessageClient] Cannot post action play: VS Code API not available.

 [32mΓ£ô[39m tests/webview/core/WebviewAudioEngine.test.ts[2m > [22mWebviewAudioEngine (v2.3.1 - Dumb Player)[2m > [22mshould acquire lock for playBlob and release it on completion[32m 54[2mms[22m[39m
 [32mΓ£ô[39m tests/webview/core/WebviewAudioEngine.test.ts[2m > [22mWebviewAudioEngine (v2.3.1 - Dumb Player)[2m > [22mstop() should kill all active playback and release locks[32m 11[2mms[22m[39m
 [32mΓ£ô[39m tests/webview/core/WebviewAudioEngine.test.ts[2m > [22mWebviewAudioEngine (v2.3.1 - Dumb Player)[2m > [22mshould allow newer intents to bust older ones[32m 81[2mms[22m[39m
[90mstdout[2m | tests/webview/SyncAwarePlayback.test.ts[2m > [22m[2mSimplified Sync Playback UI[2m > [22m[2mshould apply loading classes and respect grace periods (Stall Logic)
[22m[39m[STORE] ≡ƒÆÄ State Updated. isSyncing=false, awaitingSync=false
[STORE] ≡ƒÆÄ State Updated. isSyncing=false, awaitingSync=false
[AUDIO] ≡ƒ¢æ Stop triggered: intent=0 (Instance=0.9955434840389189, Resolvers=0)
[AUDIO] ≡ƒ¢æ Stop triggered: intent=0 (Instance=0.9955434840389189, Resolvers=0)
[MessageClient] Adding listener to window
[STORE] ≡ƒÆÄ State Updated. isSyncing=false, awaitingSync=false

[90mstderr[2m | tests/webview/SyncAwarePlayback.test.ts[2m > [22m[2mSimplified Sync Playback UI[2m > 
[22m[2mshould apply loading classes and respect grace periods (Stall Logic)
[22m[39m[MessageClient] acquireVsCodeApi is not available. Are you in a VS Code webview?

[90mstdout[2m | tests/webview/SyncAwarePlayback.test.ts[2m > [22m[2mSimplified Sync Playback UI[2m > [22m[2mshould apply loading classes and respect grace periods (Stall Logic)
[22m[39m[PlaybackController] ≡ƒƒó USER PLAY requested
[STORE] ≡ƒÆÄ State Updated. isSyncing=false, awaitingSync=false
[STORE] ≡ƒÆÄ State Updated. isSyncing=true, awaitingSync=true
[Dispatcher] ≡ƒ¢í∩╕Å Incoming sync during lock (intent to play: true)
[STORE] ≡ƒÆÄ State Updated. isSyncing=true, awaitingSync=true
[STORE] ≡ƒÆÄ State Updated. isSyncing=false, awaitingSync=false

[90mstderr[2m | tests/webview/SyncAwarePlayback.test.ts[2m > [22m[2mSimplified Sync Playback UI[2m > 
[22m[2mshould apply loading classes and respect grace periods (Stall Logic)
[22m[39m[MessageClient] Cannot post action play: VS Code API not available.

[90mstdout[2m | tests/webview/SyncAwarePlayback.test.ts[2m > [22m[2mSimplified Sync Playback UI[2m > [22m[2mshould apply loading classes and respect grace periods (Stall Logic)
[22m[39m[STORE] ≡ƒÆÄ State Updated. isSyncing=true, awaitingSync=false

 [32mΓ£ô[39m tests/webview/SyncAwarePlayback.test.ts[2m > [22mSimplified Sync Playback UI[2m > [22mshould reflect isAwaitingSync immediately on PlaybackController trigger[32m 271[2mms[22m[39m
 [32mΓ£ô[39m tests/webview/SyncAwarePlayback.test.ts[2m > [22mSimplified Sync Playback UI[2m > [22mshould apply loading classes and respect grace periods (Stall Logic)[32m 79[2mms[22m[39m
 [31m├ù[39m tests/webview/core/WebviewAudioEngine.test.ts[2m > [22mWebviewAudioEngine (v2.3.1 - Dumb Player)[2m > [22mshould reject requests with old intent IDs[32m 49[2mms[22m[39m
[31m   ΓåÆ expected "vi.fn()" to be called 1 times, but got 0 times[39m
[90mstdout[2m | tests/webview/integration_v3.test.ts[2m > [22m[2mRead Aloud Integration v3 (Full Stability & Parity)[2m > [22m[2mSuite 1: Settings Drawer[2m > [22m[2mT1.1 ΓÇö should toggle the drawer open on ΓÜÖ click
[22m[39m[STORE] ≡ƒÆÄ State Updated. isSyncing=false, awaitingSync=false
[MessageClient] Adding listener to window
[STORE] ≡ƒÆÄ State Updated. isSyncing=false, awaitingSync=false

[90mstdout[2m | tests/webview/e2e_sovereignty.test.ts[2m > [22m[2mE2E Handshake & UI Integrity[2m > [22m[2mFile Context Interactions[2m > [22m[2mshould trigger OutgoingAction.LOAD_DOCUMENT when load button is clicked
[22m[39m[MessageClient] Adding listener to window
[STORE] ≡ƒÆÄ State Updated. isSyncing=false, awaitingSync=false

[90mstdout[2m | tests/webview/e2e_sovereignty.test.ts[2m > [22m[2mE2E Handshake & UI Integrity[2m > [22m[2mFile Context Interactions[2m > [22m[2mshould trigger OutgoingAction.LOAD_DOCUMENT when load button is clicked
[22m[39m[PlaybackController] ≡ƒôä USER LOAD_DOCUMENT requested
[STORE] ≡ƒÆÄ State Updated. isSyncing=false, awaitingSync=false
[STORE] ≡ƒÆÄ State Updated. isSyncing=false, awaitingSync=true
[ACTION] loadDocument | {"intentId":2}

[90mstdout[2m | tests/webview/e2e_sovereignty.test.ts[2m > [22m[2mE2E Handshake & UI Integrity[2m > [22m[2mFile Context Interactions[2m > [22m[2mshould trigger OutgoingAction.LOAD_DOCUMENT when load button is clicked
[22m[39m[STORE] ≡ƒÆÄ State Updated. isSyncing=false, awaitingSync=false
[STORE] ≡ƒÆÄ State Updated. isSyncing=false, awaitingSync=false
[AUDIO] ≡ƒ¢æ Stop triggered: intent=0 (Instance=0.06935574926496668, Resolvers=0)
[AUDIO] ≡ƒ¢æ Stop triggered: intent=0 (Instance=0.06935574926496668, Resolvers=0)

[90mstdout[2m | tests/webview/e2e_sovereignty.test.ts[2m > [22m[2mE2E Handshake & UI Integrity[2m > [22m[2mFile Context Interactions[2m > [22m[2mshould trigger OutgoingAction.RESET_CONTEXT when clear button is clicked
[22m[39m[MessageClient] Adding listener to window
[STORE] ≡ƒÆÄ State Updated. isSyncing=false, awaitingSync=false

[90mstdout[2m | tests/webview/integration_v3.test.ts[2m > [22m[2mRead Aloud Integration v3 (Full Stability & Parity)[2m > [22m[2mSuite 1: Settings Drawer[2m > [22m[2mT1.2 ΓÇö should toggle the drawer closed on second ΓÜÖ click
[22m[39m[STORE] ≡ƒÆÄ State Updated. isSyncing=false, awaitingSync=false
[STORE] ≡ƒÆÄ State Updated. isSyncing=false, awaitingSync=false
[STORE] ≡ƒÆÄ State Updated. isSyncing=false, awaitingSync=false
[STORE] ≡ƒÆÄ State Updated. isSyncing=false, awaitingSync=false
[AUDIO] ≡ƒ¢æ Stop triggered: intent=0 (Instance=0.6770021407776671, Resolvers=0)
[AUDIO] ≡ƒ¢æ Stop triggered: intent=0 (Instance=0.6770021407776671, Resolvers=0)
[STORE] ≡ƒÆÄ State Updated. isSyncing=false, awaitingSync=false
[MessageClient] Adding listener to window
[STORE] ≡ƒÆÄ State Updated. isSyncing=false, awaitingSync=false

[90mstdout[2m | tests/webview/e2e_sovereignty.test.ts[2m > [22m[2mE2E Handshake & UI Integrity[2m > [22m[2mFile Context Interactions[2m > [22m[2mshould trigger OutgoingAction.RESET_CONTEXT when clear button is clicked
[22m[39m[STORE] ≡ƒÆÄ State Updated. isSyncing=false, awaitingSync=true
[PlaybackController] ≡ƒº╣ USER RESET_CONTEXT requested
[STORE] ≡ƒÆÄ State Updated. isSyncing=false, awaitingSync=true
[STORE] ≡ƒÆÄ State Updated. isSyncing=false, awaitingSync=true
[ACTION] resetContext | {"intentId":2}

 [32mΓ£ô[39m tests/webview/integration_v3.test.ts[2m > [22mRead Aloud Integration v3 (Full Stability & Parity)[2m > [22mSuite 1: Settings Drawer[2m > [22mT1.1 ΓÇö should toggle the drawer open on ΓÜÖ click[32m 299[2mms[22m[39m
[90mstdout[2m | tests/webview/e2e_sovereignty.test.ts[2m > [22m[2mE2E Handshake & UI Integrity[2m > [22m[2mFile Context Interactions[2m > [22m[2mshould trigger OutgoingAction.RESET_CONTEXT when clear button is clicked
[22m[39m[STORE] ≡ƒÆÄ State Updated. isSyncing=false, awaitingSync=false
[STORE] ≡ƒÆÄ State Updated. isSyncing=false, awaitingSync=false
[AUDIO] ≡ƒ¢æ Stop triggered: intent=0 (Instance=0.47721060903092827, Resolvers=0)
[AUDIO] ≡ƒ¢æ Stop triggered: intent=0 (Instance=0.47721060903092827, Resolvers=0)

[90mstdout[2m | tests/webview/integration_v3.test.ts[2m > [22m[2mRead Aloud Integration v3 (Full Stability & Parity)[2m > [22m[2mSuite 1: Settings Drawer[2m > [22m[2mT1.3 ΓÇö should update rate display on volume store change
[22m[39m[STORE] ≡ƒÆÄ State Updated. isSyncing=false, awaitingSync=false
[STORE] ≡ƒÆÄ State Updated. isSyncing=false, awaitingSync=false
[STORE] ≡ƒÆÄ State Updated. isSyncing=false, awaitingSync=false
[STORE] ≡ƒÆÄ State Updated. isSyncing=false, awaitingSync=false
[AUDIO] ≡ƒ¢æ Stop triggered: intent=0 (Instance=0.10783817264445394, Resolvers=0)
[AUDIO] ≡ƒ¢æ Stop triggered: intent=0 (Instance=0.10783817264445394, Resolvers=0)
[STORE] ≡ƒÆÄ State Updated. isSyncing=false, awaitingSync=false
[MessageClient] Adding listener to window
[STORE] ≡ƒÆÄ State Updated. isSyncing=false, awaitingSync=false

[90mstdout[2m | tests/webview/integration_v3.test.ts[2m > [22m[2mRead Aloud Integration v3 (Full Stability & Parity)[2m > [22m[2mSuite 1: Settings Drawer[2m > [22m[2mT1.3 ΓÇö should update rate display on volume store change
[22m[39m[STORE] ≡ƒÆÄ State Updated. isSyncing=false, awaitingSync=false

[90mstdout[2m | tests/webview/e2e_sovereignty.test.ts[2m > [22m[2mE2E Handshake & UI Integrity[2m > [22m[2mFile Context Interactions[2m > [22m[2mshould pulse the load button when a mismatch is detected
[22m[39m[MessageClient] Adding listener to window
[STORE] ≡ƒÆÄ State Updated. isSyncing=false, awaitingSync=false

 [32mΓ£ô[39m tests/webview/e2e_sovereignty.test.ts[2m > [22mE2E Handshake & UI Integrity[2m > [22mFile Context Interactions[2m > [22mshould trigger OutgoingAction.LOAD_DOCUMENT when load button is clicked[33m 451[2mms[22m[39m
 [32mΓ£ô[39m tests/webview/e2e_sovereignty.test.ts[2m > [22mE2E Handshake & UI Integrity[2m > [22mFile Context Interactions[2m > [22mshould trigger OutgoingAction.RESET_CONTEXT when clear button is clicked[32m 68[2mms[22m[39m
[90mstdout[2m | tests/webview/integration_v3.test.ts[2m > [22m[2mRead Aloud Integration v3 (Full Stability & Parity)[2m > [22m[2mSuite 1: Settings Drawer[2m > [22m[2mT1.4 ΓÇö should update rate display on rate store change
[22m[39m[STORE] ≡ƒÆÄ State Updated. isSyncing=false, awaitingSync=false
[STORE] ≡ƒÆÄ State Updated. isSyncing=false, awaitingSync=false
[STORE] ≡ƒÆÄ State Updated. isSyncing=false, awaitingSync=false
[STORE] ≡ƒÆÄ State Updated. isSyncing=false, awaitingSync=false
[AUDIO] ≡ƒ¢æ Stop triggered: intent=0 (Instance=0.5486026478393008, Resolvers=0)
[AUDIO] ≡ƒ¢æ Stop triggered: intent=0 (Instance=0.5486026478393008, Resolvers=0)
[STORE] ≡ƒÆÄ State Updated. isSyncing=false, awaitingSync=false
[MessageClient] Adding listener to window
[STORE] ≡ƒÆÄ State Updated. isSyncing=false, awaitingSync=false

[90mstdout[2m | tests/webview/e2e_sovereignty.test.ts[2m > [22m[2mE2E Handshake & UI Integrity[2m > [22m[2mFile Context Interactions[2m > [22m[2mshould pulse the load button when a mismatch is detected
[22m[39m[STORE] ≡ƒÆÄ State Updated. isSyncing=false, awaitingSync=false

[90mstdout[2m | tests/webview/integration_v3.test.ts[2m > [22m[2mRead Aloud Integration v3 (Full Stability & Parity)[2m > [22m[2mSuite 1: Settings Drawer[2m > [22m[2mT1.4 ΓÇö should update rate display on rate store change
[22m[39m[STORE] ≡ƒÆÄ State Updated. isSyncing=false, awaitingSync=false

[90mstdout[2m | tests/webview/e2e_sovereignty.test.ts[2m > [22m[2mE2E Handshake & UI Integrity[2m > [22m[2mFile Context Interactions[2m > [22m[2mshould pulse the load button when a mismatch is detected
[22m[39m[STORE] ≡ƒÆÄ State Updated. isSyncing=false, awaitingSync=false
[STORE] ≡ƒÆÄ State Updated. isSyncing=false, awaitingSync=false
[AUDIO] ≡ƒ¢æ Stop triggered: intent=0 (Instance=0.40914985479227217, Resolvers=0)
[AUDIO] ≡ƒ¢æ Stop triggered: intent=0 (Instance=0.40914985479227217, Resolvers=0)

[90mstdout[2m | tests/webview/integration_v3.test.ts[2m > [22m[2mRead Aloud Integration v3 (Full Stability & Parity)[2m > [22m[2mSuite 1: Settings Drawer[2m > [22m[2mT1.5 ΓÇö should mark engine-neural as active when engineMode is neural
[22m[39m[STORE] ≡ƒÆÄ State Updated. isSyncing=false, awaitingSync=false
[STORE] ≡ƒÆÄ State Updated. isSyncing=false, awaitingSync=false
[STORE] ≡ƒÆÄ State Updated. isSyncing=false, awaitingSync=false
[STORE] ≡ƒÆÄ State Updated. isSyncing=false, awaitingSync=false
[AUDIO] ≡ƒ¢æ Stop triggered: intent=0 (Instance=0.8131346920866073, Resolvers=0)
[AUDIO] ≡ƒ¢æ Stop triggered: intent=0 (Instance=0.8131346920866073, Resolvers=0)
[STORE] ≡ƒÆÄ State Updated. isSyncing=false, awaitingSync=false
[MessageClient] Adding listener to window
[STORE] ≡ƒÆÄ State Updated. isSyncing=false, awaitingSync=false

[90mstdout[2m | tests/webview/integration_v3.test.ts[2m > [22m[2mRead Aloud Integration v3 (Full Stability & Parity)[2m > [22m[2mSuite 1: Settings Drawer[2m > [22m[2mT1.5 ΓÇö should mark engine-neural as active when engineMode is neural
[22m[39m[STORE] ≡ƒÆÄ State Updated. isSyncing=false, awaitingSync=false

[90mstdout[2m | tests/webview/integration_v3.test.ts[2m > [22m[2mRead Aloud Integration v3 (Full Stability & Parity)[2m > [22m[2mSuite 1: Settings Drawer[2m > [22m[2mT1.6 ΓÇö should post ENGINE_MODE_CHANGED when neural engine button is clicked
[22m[39m[STORE] ≡ƒÆÄ State Updated. isSyncing=false, awaitingSync=false
[STORE] ≡ƒÆÄ State Updated. isSyncing=false, awaitingSync=false
[STORE] ≡ƒÆÄ State Updated. isSyncing=false, awaitingSync=false
[STORE] ≡ƒÆÄ State Updated. isSyncing=false, awaitingSync=false
[AUDIO] ≡ƒ¢æ Stop triggered: intent=0 (Instance=0.6003957038933617, Resolvers=0)
[AUDIO] ≡ƒ¢æ Stop triggered: intent=0 (Instance=0.6003957038933617, Resolvers=0)
[STORE] ≡ƒÆÄ State Updated. isSyncing=false, awaitingSync=false
[MessageClient] Adding listener to window
[STORE] ≡ƒÆÄ State Updated. isSyncing=false, awaitingSync=false

[90mstdout[2m | tests/webview/e2e_sovereignty.test.ts[2m > [22m[2mE2E Handshake & UI Integrity[2m > [22m[2mFile Context Interactions[2m > [22m[2mshould update rate when slider is changed
[22m[39m[MessageClient] Adding listener to window
[STORE] ≡ƒÆÄ State Updated. isSyncing=false, awaitingSync=false

[90mstdout[2m | tests/webview/e2e_sovereignty.test.ts[2m > [22m[2mE2E Handshake & UI Integrity[2m > [22m[2mFile Context Interactions[2m > [22m[2mshould update rate when slider is changed
[22m[39m[STORE] ≡ƒÆÄ State Updated. isSyncing=false, awaitingSync=false
[STORE] ≡ƒÆÄ State Updated. isSyncing=false, awaitingSync=false
[ACTION] rateChanged | {"rate":5,"intentId":1}

[90mstdout[2m | tests/webview/e2e_sovereignty.test.ts[2m > [22m[2mE2E Handshake & UI Integrity[2m > [22m[2mFile Context Interactions[2m > [22m[2mshould update rate when slider is changed
[22m[39m[STORE] ≡ƒÆÄ State Updated. isSyncing=false, awaitingSync=false
[STORE] ≡ƒÆÄ State Updated. isSyncing=false, awaitingSync=false
[AUDIO] ≡ƒ¢æ Stop triggered: intent=0 (Instance=0.6663837816859687, Resolvers=0)
[AUDIO] ≡ƒ¢æ Stop triggered: intent=0 (Instance=0.6663837816859687, Resolvers=0)

[90mstdout[2m | tests/webview/integration_v3.test.ts[2m > [22m[2mRead Aloud Integration v3 (Full Stability & Parity)[2m > [22m[2mSuite 1: Settings Drawer[2m > [22m[2mT1.6 ΓÇö should post ENGINE_MODE_CHANGED when neural engine button is clicked
[22m[39m[PlaybackController] setEngineMode(neural) requested
[STORE] ≡ƒÆÄ State Updated. isSyncing=false, awaitingSync=false

[90mstdout[2m | tests/webview/integration_v3.test.ts[2m > [22m[2mRead Aloud Integration v3 (Full Stability & Parity)[2m > [22m[2mSuite 1: Settings Drawer[2m > [22m[2mT1.7 ΓÇö should post ENGINE_MODE_CHANGED when local engine button is clicked
[22m[39m[STORE] ≡ƒÆÄ State Updated. isSyncing=false, awaitingSync=false
[STORE] ≡ƒÆÄ State Updated. isSyncing=false, awaitingSync=false
[STORE] ≡ƒÆÄ State Updated. isSyncing=false, awaitingSync=false
[STORE] ≡ƒÆÄ State Updated. isSyncing=false, awaitingSync=false
[AUDIO] ≡ƒ¢æ Stop triggered: intent=0 (Instance=0.5451250470240198, Resolvers=0)
[AUDIO] ≡ƒ¢æ Stop triggered: intent=0 (Instance=0.5451250470240198, Resolvers=0)
[STORE] ≡ƒÆÄ State Updated. isSyncing=false, awaitingSync=false
[MessageClient] Adding listener to window
[STORE] ≡ƒÆÄ State Updated. isSyncing=false, awaitingSync=false

 [32mΓ£ô[39m tests/webview/integration_v3.test.ts[2m > [22mRead Aloud Integration v3 (Full Stability & Parity)[2m > [22mSuite 1: Settings Drawer[2m > [22mT1.2 ΓÇö should toggle the drawer closed on second ΓÜÖ click[32m 48[2mms[22m[39m
 [32mΓ£ô[39m tests/webview/integration_v3.test.ts[2m > [22mRead Aloud Integration v3 (Full Stability & Parity)[2m > [22mSuite 1: Settings Drawer[2m > [22mT1.3 ΓÇö should update rate display on volume store change[32m 24[2mms[22m[39m
 [32mΓ£ô[39m tests/webview/integration_v3.test.ts[2m > [22mRead Aloud Integration v3 (Full Stability & Parity)[2m > [22mSuite 1: Settings Drawer[2m > [22mT1.4 ΓÇö should update rate display on rate store change[32m 23[2mms[22m[39m
 [32mΓ£ô[39m tests/webview/integration_v3.test.ts[2m > [22mRead Aloud Integration v3 (Full Stability & Parity)[2m > [22mSuite 1: Settings Drawer[2m > [22mT1.5 ΓÇö should mark engine-neural as active when engineMode is neural[32m 16[2mms[22m[39m
 [32mΓ£ô[39m tests/webview/integration_v3.test.ts[2m > [22mRead Aloud Integration v3 (Full Stability & Parity)[2m > [22mSuite 1: Settings Drawer[2m > [22mT1.6 ΓÇö should post ENGINE_MODE_CHANGED when neural engine button is clicked[32m 31[2mms[22m[39m
[90mstdout[2m | tests/webview/integration_v3.test.ts[2m > [22m[2mRead Aloud Integration v3 (Full Stability & Parity)[2m > [22m[2mSuite 1: Settings Drawer[2m > [22m[2mT1.7 ΓÇö should post ENGINE_MODE_CHANGED when local engine button is clicked
[22m[39m[PlaybackController] setEngineMode(local) requested
[STORE] ≡ƒÆÄ State Updated. isSyncing=false, awaitingSync=false

[90mstdout[2m | tests/webview/e2e_sovereignty.test.ts[2m > [22m[2mE2E Handshake & UI Integrity[2m > [22m[2mPlayback Controls Handshake[2m > [22m[2mshould trigger OutgoingAction.PLAY when play is clicked
[22m[39m[MessageClient] Adding listener to window
[STORE] ≡ƒÆÄ State Updated. isSyncing=false, awaitingSync=false

[90mstdout[2m | tests/webview/integration_v3.test.ts[2m > [22m[2mRead Aloud Integration v3 (Full Stability & Parity)[2m > [22m[2mSuite 2: Playback Controls ΓÇö Button Matrix[2m > [22m[2mT2.1 ΓÇö PLAY button posts OutgoingAction.PLAY with metadata
[22m[39m[STORE] ≡ƒÆÄ State Updated. isSyncing=false, awaitingSync=false
[STORE] ≡ƒÆÄ State Updated. isSyncing=false, awaitingSync=false
[STORE] ≡ƒÆÄ State Updated. isSyncing=false, awaitingSync=false
[STORE] ≡ƒÆÄ State Updated. isSyncing=false, awaitingSync=false
[AUDIO] ≡ƒ¢æ Stop triggered: intent=0 (Instance=0.5907102403641178, Resolvers=0)
[AUDIO] ≡ƒ¢æ Stop triggered: intent=0 (Instance=0.5907102403641178, Resolvers=0)
[STORE] ≡ƒÆÄ State Updated. isSyncing=false, awaitingSync=false
[MessageClient] Adding listener to window
[STORE] ≡ƒÆÄ State Updated. isSyncing=false, awaitingSync=false

[90mstdout[2m | tests/webview/e2e_sovereignty.test.ts[2m > [22m[2mE2E Handshake & UI Integrity[2m > [22m[2mPlayback Controls Handshake[2m > [22m[2mshould trigger OutgoingAction.PLAY when play is clicked
[22m[39m[PlaybackController] ≡ƒƒó USER PLAY requested
[STORE] ≡ƒÆÄ State Updated. isSyncing=false, awaitingSync=false
[STORE] ≡ƒÆÄ State Updated. isSyncing=true, awaitingSync=true
[ACTION] play | {"cacheKey":"default_0.00_532fc42e_1505","intentId":2,"batchId":1}
[AUDIO] ≡ƒöô Primed

[90mstdout[2m | tests/webview/e2e_sovereignty.test.ts[2m > [22m[2mE2E Handshake & UI Integrity[2m > [22m[2mPlayback Controls Handshake[2m > [22m[2mshould trigger OutgoingAction.PLAY when play is clicked
[22m[39m[STORE] ≡ƒÆÄ State Updated. isSyncing=false, awaitingSync=false
[STORE] ≡ƒÆÄ State Updated. isSyncing=false, awaitingSync=false
[AUDIO] ≡ƒ¢æ Stop triggered: intent=0 (Instance=0.2551668842953644, Resolvers=0)
[AUDIO] ≡ƒ¢æ Stop triggered: intent=0 (Instance=0.2551668842953644, Resolvers=0)

[90mstdout[2m | tests/webview/integration_v3.test.ts[2m > [22m[2mRead Aloud Integration v3 (Full Stability & Parity)[2m > [22m[2mSuite 2: Playback Controls ΓÇö Button Matrix[2m > [22m[2mT2.1 ΓÇö PLAY button posts OutgoingAction.PLAY with metadata
[22m[39m[PlaybackController] ≡ƒƒó USER PLAY requested
[STORE] ≡ƒÆÄ State Updated. isSyncing=false, awaitingSync=false
[STORE] ≡ƒÆÄ State Updated. isSyncing=true, awaitingSync=true
[AUDIO] ≡ƒöô Primed

[90mstdout[2m | tests/webview/e2e_sovereignty.test.ts[2m > [22m[2mE2E Handshake & UI Integrity[2m > [22m[2mPlayback Controls Handshake[2m > [22m[2mshould trigger OutgoingAction.STOP when stop is clicked
[22m[39m[MessageClient] Adding listener to window
[STORE] ≡ƒÆÄ State Updated. isSyncing=false, awaitingSync=false

[90mstdout[2m | tests/webview/integration_v3.test.ts[2m > [22m[2mRead Aloud Integration v3 (Full Stability & Parity)[2m > [22m[2mSuite 2: Playback Controls ΓÇö Button Matrix[2m > [22m[2mT2.2 ΓÇö PAUSE button posts OutgoingAction.PAUSE
[22m[39m[STORE] ≡ƒÆÄ State Updated. isSyncing=false, awaitingSync=false
[STORE] ≡ƒÆÄ State Updated. isSyncing=false, awaitingSync=false
[STORE] ≡ƒÆÄ State Updated. isSyncing=false, awaitingSync=false
[STORE] ≡ƒÆÄ State Updated. isSyncing=false, awaitingSync=false
[AUDIO] ≡ƒ¢æ Stop triggered: intent=0 (Instance=0.8958266137229527, Resolvers=0)
[AUDIO] ≡ƒ¢æ Stop triggered: intent=0 (Instance=0.8958266137229527, Resolvers=0)
[STORE] ≡ƒÆÄ State Updated. isSyncing=false, awaitingSync=false
[MessageClient] Adding listener to window
[STORE] ≡ƒÆÄ State Updated. isSyncing=false, awaitingSync=false

 [32mΓ£ô[39m tests/webview/e2e_sovereignty.test.ts[2m > [22mE2E Handshake & UI Integrity[2m > [22mFile Context Interactions[2m > [22mshould pulse the load button when a mismatch is detected[32m 52[2mms[22m[39m
 [32mΓ£ô[39m tests/webview/e2e_sovereignty.test.ts[2m > [22mE2E Handshake & UI Integrity[2m > [22mFile Context Interactions[2m > [22mshould update rate when slider is changed[32m 39[2mms[22m[39m
 [32mΓ£ô[39m tests/webview/e2e_sovereignty.test.ts[2m > [22mE2E Handshake & UI Integrity[2m > [22mPlayback Controls Handshake[2m > [22mshould trigger OutgoingAction.PLAY when play is clicked[32m 47[2mms[22m[39m
[90mstdout[2m | tests/webview/e2e_sovereignty.test.ts[2m > [22m[2mE2E Handshake & UI Integrity[2m > [22m[2mPlayback Controls Handshake[2m > [22m[2mshould trigger OutgoingAction.STOP when stop is clicked
[22m[39m[PlaybackController] ΓÅ╣∩╕Å USER STOP requested
[STORE] ≡ƒÆÄ State Updated. isSyncing=false, awaitingSync=false
[STORE] ≡ƒÆÄ State Updated. isSyncing=false, awaitingSync=true
[AUDIO] ≡ƒ¢æ Stop triggered: intent=0 (Instance=0.5824395179452743, Resolvers=0)
[ACTION] stop | {"intentId":2}
[AUDIO] ≡ƒöô Primed

[90mstdout[2m | tests/webview/e2e_sovereignty.test.ts[2m > [22m[2mE2E Handshake & UI Integrity[2m > [22m[2mPlayback Controls Handshake[2m > [22m[2mshould trigger OutgoingAction.STOP when stop is clicked
[22m[39m[STORE] ≡ƒÆÄ State Updated. isSyncing=false, awaitingSync=false
[STORE] ≡ƒÆÄ State Updated. isSyncing=false, awaitingSync=false
[AUDIO] ≡ƒ¢æ Stop triggered: intent=0 (Instance=0.5824395179452743, Resolvers=0)
[AUDIO] ≡ƒ¢æ Stop triggered: intent=0 (Instance=0.5824395179452743, Resolvers=0)

[90mstdout[2m | tests/webview/integration_v3.test.ts[2m > [22m[2mRead Aloud Integration v3 (Full Stability & Parity)[2m > [22m[2mSuite 2: Playback Controls ΓÇö Button Matrix[2m > [22m[2mT2.2 ΓÇö PAUSE button posts OutgoingAction.PAUSE
[22m[39m[PlaybackController] ΓÅ╕∩╕Å USER PAUSE requested
[STORE] ≡ƒÆÄ State Updated. isSyncing=false, awaitingSync=false
[STORE] ≡ƒÆÄ State Updated. isSyncing=false, awaitingSync=false
[STORE] ≡ƒÆÄ State Updated. isSyncing=false, awaitingSync=true
[AUDIO] ≡ƒöô Primed

[90mstdout[2m | tests/webview/integration_v3.test.ts[2m > [22m[2mRead Aloud Integration v3 (Full Stability & Parity)[2m > [22m[2mSuite 2: Playback Controls ΓÇö Button Matrix[2m > [22m[2mT2.3 ΓÇö STOP button posts OutgoingAction.STOP
[22m[39m[STORE] ≡ƒÆÄ State Updated. isSyncing=false, awaitingSync=false
[STORE] ≡ƒÆÄ State Updated. isSyncing=false, awaitingSync=false
[STORE] ≡ƒÆÄ State Updated. isSyncing=false, awaitingSync=false
[STORE] ≡ƒÆÄ State Updated. isSyncing=false, awaitingSync=false
[AUDIO] ≡ƒ¢æ Stop triggered: intent=0 (Instance=0.3500307986370993, Resolvers=0)
[AUDIO] ≡ƒ¢æ Stop triggered: intent=0 (Instance=0.3500307986370993, Resolvers=0)
[STORE] ≡ƒÆÄ State Updated. isSyncing=false, awaitingSync=false
[MessageClient] Adding listener to window
[STORE] ≡ƒÆÄ State Updated. isSyncing=false, awaitingSync=false

[90mstdout[2m | tests/webview/integration_v3.test.ts[2m > [22m[2mRead Aloud Integration v3 (Full Stability & Parity)[2m > [22m[2mSuite 2: Playback Controls ΓÇö Button Matrix[2m > [22m[2mT2.3 ΓÇö STOP button posts OutgoingAction.STOP
[22m[39m[PlaybackController] ΓÅ╣∩╕Å USER STOP requested
[STORE] ≡ƒÆÄ State Updated. isSyncing=false, awaitingSync=false
[STORE] ≡ƒÆÄ State Updated. isSyncing=false, awaitingSync=false
[STORE] ≡ƒÆÄ State Updated. isSyncing=false, awaitingSync=true
[AUDIO] ≡ƒ¢æ Stop triggered: intent=0 (Instance=0.516971096736335, Resolvers=0)
[AUDIO] ≡ƒöô Primed

[90mstdout[2m | tests/webview/e2e_sovereignty.test.ts[2m > [22m[2mE2E Handshake & UI Integrity[2m > [22m[2mPlayback Controls Handshake[2m > [22m[2mshould trigger sentence skip actions
[22m[39m[MessageClient] Adding listener to window
[STORE] ≡ƒÆÄ State Updated. isSyncing=false, awaitingSync=false

[90mstdout[2m | tests/webview/integration_v3.test.ts[2m > [22m[2mRead Aloud Integration v3 (Full Stability & Parity)[2m > [22m[2mSuite 2: Playback Controls ΓÇö Button Matrix[2m > [22m[2mT2.4 ΓÇö PREV CHAPTER button posts OutgoingAction.PREV_CHAPTER
[22m[39m[STORE] ≡ƒÆÄ State Updated. isSyncing=false, awaitingSync=false
[STORE] ≡ƒÆÄ State Updated. isSyncing=false, awaitingSync=false
[STORE] ≡ƒÆÄ State Updated. isSyncing=false, awaitingSync=false
[STORE] ≡ƒÆÄ State Updated. isSyncing=false, awaitingSync=false
[AUDIO] ≡ƒ¢æ Stop triggered: intent=0 (Instance=0.516971096736335, Resolvers=0)
[AUDIO] ≡ƒ¢æ Stop triggered: intent=0 (Instance=0.516971096736335, Resolvers=0)
[STORE] ≡ƒÆÄ State Updated. isSyncing=false, awaitingSync=false
[MessageClient] Adding listener to window
[STORE] ≡ƒÆÄ State Updated. isSyncing=false, awaitingSync=false

[90mstdout[2m | tests/webview/e2e_sovereignty.test.ts[2m > [22m[2mE2E Handshake & UI Integrity[2m > [22m[2mPlayback Controls Handshake[2m > [22m[2mshould trigger sentence skip actions
[22m[39m[STORE] ≡ƒÆÄ State Updated. isSyncing=false, awaitingSync=false
[STORE] ≡ƒÆÄ State Updated. isSyncing=false, awaitingSync=true
[ACTION] nextSentence | {"intentId":2}
[AUDIO] ≡ƒöô Primed

[90mstdout[2m | tests/webview/e2e_sovereignty.test.ts[2m > [22m[2mE2E Handshake & UI Integrity[2m > [22m[2mPlayback Controls Handshake[2m > [22m[2mshould trigger sentence skip actions
[22m[39m[STORE] ≡ƒÆÄ State Updated. isSyncing=false, awaitingSync=false
[STORE] ≡ƒÆÄ State Updated. isSyncing=false, awaitingSync=false
[AUDIO] ≡ƒ¢æ Stop triggered: intent=0 (Instance=0.3464564102922657, Resolvers=0)
[AUDIO] ≡ƒ¢æ Stop triggered: intent=0 (Instance=0.3464564102922657, Resolvers=0)

[90mstdout[2m | tests/webview/integration_v3.test.ts[2m > [22m[2mRead Aloud Integration v3 (Full Stability & Parity)[2m > [22m[2mSuite 2: Playback Controls ΓÇö Button Matrix[2m > [22m[2mT2.4 ΓÇö PREV CHAPTER button posts OutgoingAction.PREV_CHAPTER
[22m[39m[STORE] ≡ƒÆÄ State Updated. isSyncing=false, awaitingSync=false
[STORE] ≡ƒÆÄ State Updated. isSyncing=false, awaitingSync=true
[AUDIO] ≡ƒöô Primed

 [32mΓ£ô[39m tests/webview/integration_v3.test.ts[2m > [22mRead Aloud Integration v3 (Full Stability & Parity)[2m > [22mSuite 1: Settings Drawer[2m > [22mT1.7 ΓÇö should post ENGINE_MODE_CHANGED when local engine button is clicked[32m 22[2mms[22m[39m
 [32mΓ£ô[39m tests/webview/integration_v3.test.ts[2m > [22mRead Aloud Integration v3 (Full Stability & Parity)[2m > [22mSuite 2: Playback Controls ΓÇö Button Matrix[2m > [22mT2.1 ΓÇö PLAY button posts OutgoingAction.PLAY with metadata[32m 24[2mms[22m[39m
 [32mΓ£ô[39m tests/webview/integration_v3.test.ts[2m > [22mRead Aloud Integration v3 (Full Stability & Parity)[2m > [22mSuite 2: Playback Controls ΓÇö Button Matrix[2m > [22mT2.2 ΓÇö PAUSE button posts OutgoingAction.PAUSE[32m 26[2mms[22m[39m
 [32mΓ£ô[39m tests/webview/integration_v3.test.ts[2m > [22mRead Aloud Integration v3 (Full Stability & Parity)[2m > [22mSuite 2: Playback Controls ΓÇö Button Matrix[2m > [22mT2.3 ΓÇö STOP button posts OutgoingAction.STOP[32m 13[2mms[22m[39m
[90mstdout[2m | tests/webview/integration_v3.test.ts[2m > [22m[2mRead Aloud Integration v3 (Full Stability & Parity)[2m > [22m[2mSuite 2: Playback Controls ΓÇö Button Matrix[2m > [22m[2mT2.5 ΓÇö NEXT CHAPTER button posts OutgoingAction.NEXT_CHAPTER
[22m[39m[STORE] ≡ƒÆÄ State Updated. isSyncing=false, awaitingSync=false
[STORE] ≡ƒÆÄ State Updated. isSyncing=false, awaitingSync=false
[STORE] ≡ƒÆÄ State Updated. isSyncing=false, awaitingSync=false
[STORE] ≡ƒÆÄ State Updated. isSyncing=false, awaitingSync=false
[AUDIO] ≡ƒ¢æ Stop triggered: intent=0 (Instance=0.3277220734706756, Resolvers=0)
[AUDIO] ≡ƒ¢æ Stop triggered: intent=0 (Instance=0.3277220734706756, Resolvers=0)
[STORE] ≡ƒÆÄ State Updated. isSyncing=false, awaitingSync=false
[MessageClient] Adding listener to window
[STORE] ≡ƒÆÄ State Updated. isSyncing=false, awaitingSync=false

[90mstdout[2m | tests/webview/integration_v3.test.ts[2m > [22m[2mRead Aloud Integration v3 (Full Stability & Parity)[2m > [22m[2mSuite 2: Playback Controls ΓÇö Button Matrix[2m > [22m[2mT2.5 ΓÇö NEXT CHAPTER button posts OutgoingAction.NEXT_CHAPTER
[22m[39m[STORE] ≡ƒÆÄ State Updated. isSyncing=false, awaitingSync=false
[STORE] ≡ƒÆÄ State Updated. isSyncing=false, awaitingSync=true
[AUDIO] ≡ƒöô Primed

[90mstdout[2m | tests/webview/integration_v3.test.ts[2m > [22m[2mRead Aloud Integration v3 (Full Stability & Parity)[2m > [22m[2mSuite 2: Playback Controls ΓÇö Button Matrix[2m > [22m[2mT2.6 ΓÇö PREV SENTENCE button posts OutgoingAction.PREV_SENTENCE
[22m[39m[STORE] ≡ƒÆÄ State Updated. isSyncing=false, awaitingSync=false
[STORE] ≡ƒÆÄ State Updated. isSyncing=false, awaitingSync=false
[STORE] ≡ƒÆÄ State Updated. isSyncing=false, awaitingSync=false
[STORE] ≡ƒÆÄ State Updated. isSyncing=false, awaitingSync=false
[AUDIO] ≡ƒ¢æ Stop triggered: intent=0 (Instance=0.258995367351174, Resolvers=0)
[AUDIO] ≡ƒ¢æ Stop triggered: intent=0 (Instance=0.258995367351174, Resolvers=0)
[STORE] ≡ƒÆÄ State Updated. isSyncing=false, awaitingSync=false
[MessageClient] Adding listener to window
[STORE] ≡ƒÆÄ State Updated. isSyncing=false, awaitingSync=false

[90mstdout[2m | tests/webview/integration_v3.test.ts[2m > [22m[2mRead Aloud Integration v3 (Full Stability & Parity)[2m > [22m[2mSuite 2: Playback Controls ΓÇö Button Matrix[2m > [22m[2mT2.6 ΓÇö PREV SENTENCE button posts OutgoingAction.PREV_SENTENCE
[22m[39m[STORE] ≡ƒÆÄ State Updated. isSyncing=false, awaitingSync=false
[STORE] ≡ƒÆÄ State Updated. isSyncing=false, awaitingSync=true
[AUDIO] ≡ƒöô Primed

[90mstdout[2m | tests/webview/e2e_sovereignty.test.ts[2m > [22m[2mE2E Handshake & UI Integrity[2m > [22m[2mPlayback Controls Handshake[2m > [22m[2mshould trigger chapter skip actions
[22m[39m[MessageClient] Adding listener to window
[STORE] ≡ƒÆÄ State Updated. isSyncing=false, awaitingSync=false

[90mstdout[2m | tests/webview/e2e_sovereignty.test.ts[2m > [22m[2mE2E Handshake & UI Integrity[2m > [22m[2mPlayback Controls Handshake[2m > [22m[2mshould trigger chapter skip actions
[22m[39m[STORE] ≡ƒÆÄ State Updated. isSyncing=false, awaitingSync=false
[STORE] ≡ƒÆÄ State Updated. isSyncing=false, awaitingSync=true
[ACTION] nextChapter | {"intentId":2}
[AUDIO] ≡ƒöô Primed

[90mstdout[2m | tests/webview/integration_v3.test.ts[2m > [22m[2mRead Aloud Integration v3 (Full Stability & Parity)[2m > [22m[2mSuite 2: Playback Controls ΓÇö Button Matrix[2m > [22m[2mT2.7 ΓÇö NEXT SENTENCE button posts OutgoingAction.NEXT_SENTENCE
[22m[39m[STORE] ≡ƒÆÄ State Updated. isSyncing=false, awaitingSync=false
[STORE] ≡ƒÆÄ State Updated. isSyncing=false, awaitingSync=false
[STORE] ≡ƒÆÄ State Updated. isSyncing=false, awaitingSync=false
[STORE] ≡ƒÆÄ State Updated. isSyncing=false, awaitingSync=false
[AUDIO] ≡ƒ¢æ Stop triggered: intent=0 (Instance=0.13086352523212363, Resolvers=0)
[AUDIO] ≡ƒ¢æ Stop triggered: intent=0 (Instance=0.13086352523212363, Resolvers=0)
[STORE] ≡ƒÆÄ State Updated. isSyncing=false, awaitingSync=false
[MessageClient] Adding listener to window
[STORE] ≡ƒÆÄ State Updated. isSyncing=false, awaitingSync=false

[90mstdout[2m | tests/webview/integration_v3.test.ts[2m > [22m[2mRead Aloud Integration v3 (Full Stability & Parity)[2m > [22m[2mSuite 2: Playback Controls ΓÇö Button Matrix[2m > [22m[2mT2.7 ΓÇö NEXT SENTENCE button posts OutgoingAction.NEXT_SENTENCE
[22m[39m[STORE] ≡ƒÆÄ State Updated. isSyncing=false, awaitingSync=false
[STORE] ≡ƒÆÄ State Updated. isSyncing=false, awaitingSync=true
[AUDIO] ≡ƒöô Primed

[90mstdout[2m | tests/webview/e2e_sovereignty.test.ts[2m > [22m[2mE2E Handshake & UI Integrity[2m > [22m[2mPlayback Controls Handshake[2m > [22m[2mshould trigger chapter skip actions
[22m[39m[STORE] ≡ƒÆÄ State Updated. isSyncing=false, awaitingSync=false
[STORE] ≡ƒÆÄ State Updated. isSyncing=false, awaitingSync=false
[AUDIO] ≡ƒ¢æ Stop triggered: intent=0 (Instance=0.084845268815265, Resolvers=0)
[AUDIO] ≡ƒ¢æ Stop triggered: intent=0 (Instance=0.084845268815265, Resolvers=0)

 [32mΓ£ô[39m tests/webview/e2e_sovereignty.test.ts[2m > [22mE2E Handshake & UI Integrity[2m > [22mPlayback Controls Handshake[2m > [22mshould trigger OutgoingAction.STOP when stop is clicked[32m 23[2mms[22m[39m
 [32mΓ£ô[39m tests/webview/e2e_sovereignty.test.ts[2m > [22mE2E Handshake & UI Integrity[2m > [22mPlayback Controls Handshake[2m > [22mshould trigger sentence skip actions[32m 48[2mms[22m[39m
[90mstdout[2m | tests/webview/integration_v3.test.ts[2m > [22m[2mRead Aloud Integration v3 (Full Stability & Parity)[2m > [22m[2mSuite 2: Playback Controls ΓÇö Button Matrix[2m > [22m[2mT2.8 ΓÇö AUTOPLAY button cycles from auto ΓåÆ chapter and posts SET_AUTO_PLAY_MODE
[22m[39m[STORE] ≡ƒÆÄ State Updated. isSyncing=false, awaitingSync=false
[STORE] ≡ƒÆÄ State Updated. isSyncing=false, awaitingSync=false
[STORE] ≡ƒÆÄ State Updated. isSyncing=false, awaitingSync=false
[STORE] ≡ƒÆÄ State Updated. isSyncing=false, awaitingSync=false
[AUDIO] ≡ƒ¢æ Stop triggered: intent=0 (Instance=0.20982223764481955, Resolvers=0)
[AUDIO] ≡ƒ¢æ Stop triggered: intent=0 (Instance=0.20982223764481955, Resolvers=0)
[STORE] ≡ƒÆÄ State Updated. isSyncing=false, awaitingSync=false
[MessageClient] Adding listener to window
[STORE] ≡ƒÆÄ State Updated. isSyncing=false, awaitingSync=false

[90mstdout[2m | tests/webview/e2e_sovereignty.test.ts[2m > [22m[2mE2E Handshake & UI Integrity[2m > [22m[2mSettings Drawer Logic[2m > [22m[2mshould toggle the drawer open class when clicking the gear icon
[22m[39m[MessageClient] Adding listener to window
[STORE] ≡ƒÆÄ State Updated. isSyncing=false, awaitingSync=false

[90mstdout[2m | tests/webview/e2e_sovereignty.test.ts[2m > [22m[2mE2E Handshake & UI Integrity[2m > [22m[2mSettings Drawer Logic[2m > [22m[2mshould toggle the drawer open class when clicking the gear icon
[22m[39m[STORE] ≡ƒÆÄ State Updated. isSyncing=false, awaitingSync=false
[STORE] ≡ƒÆÄ State Updated. isSyncing=false, awaitingSync=false
[AUDIO] ≡ƒ¢æ Stop triggered: intent=0 (Instance=0.12006819202357955, Resolvers=0)
[AUDIO] ≡ƒ¢æ Stop triggered: intent=0 (Instance=0.12006819202357955, Resolvers=0)

[90mstdout[2m | tests/webview/integration_v3.test.ts[2m > [22m[2mRead Aloud Integration v3 (Full Stability & Parity)[2m > [22m[2mSuite 2: Playback Controls ΓÇö Button Matrix[2m > [22m[2mT2.8 ΓÇö AUTOPLAY button cycles from auto ΓåÆ chapter and posts SET_AUTO_PLAY_MODE
[22m[39m[STORE] ≡ƒÆÄ State Updated. isSyncing=false, awaitingSync=false
[PlaybackController] setAutoPlayMode(chapter) requested
[STORE] ≡ƒÆÄ State Updated. isSyncing=false, awaitingSync=false
[STORE] ≡ƒÆÄ State Updated. isSyncing=false, awaitingSync=false

 [32mΓ£ô[39m tests/webview/e2e_sovereignty.test.ts[2m > [22mE2E Handshake & UI Integrity[2m > [22mPlayback Controls Handshake[2m > [22mshould trigger chapter skip actions[32m 48[2mms[22m[39m
 [32mΓ£ô[39m tests/webview/e2e_sovereignty.test.ts[2m > [22mE2E Handshake & UI Integrity[2m > [22mSettings Drawer Logic[2m > [22mshould toggle the drawer open class when clicking the gear icon[32m 25[2mms[22m[39m
[90mstdout[2m | tests/webview/integration_v3.test.ts[2m > [22m[2mRead Aloud Integration v3 (Full Stability & Parity)[2m > [22m[2mSuite 2: Playback Controls ΓÇö Button Matrix[2m > [22m[2mT2.9 ΓÇö AUTOPLAY button cycles from chapter ΓåÆ row
[22m[39m[STORE] ≡ƒÆÄ State Updated. isSyncing=false, awaitingSync=false
[STORE] ≡ƒÆÄ State Updated. isSyncing=false, awaitingSync=false
[STORE] ≡ƒÆÄ State Updated. isSyncing=false, awaitingSync=false
[STORE] ≡ƒÆÄ State Updated. isSyncing=false, awaitingSync=false
[AUDIO] ≡ƒ¢æ Stop triggered: intent=0 (Instance=0.11923262108978328, Resolvers=0)
[AUDIO] ≡ƒ¢æ Stop triggered: intent=0 (Instance=0.11923262108978328, Resolvers=0)
[STORE] ≡ƒÆÄ State Updated. isSyncing=false, awaitingSync=false
[MessageClient] Adding listener to window
[STORE] ≡ƒÆÄ State Updated. isSyncing=false, awaitingSync=false

[90mstdout[2m | tests/webview/integration_v3.test.ts[2m > [22m[2mRead Aloud Integration v3 (Full Stability & Parity)[2m > [22m[2mSuite 2: Playback Controls ΓÇö Button Matrix[2m > [22m[2mT2.9 ΓÇö AUTOPLAY button cycles from chapter ΓåÆ row
[22m[39m[STORE] ≡ƒÆÄ State Updated. isSyncing=false, awaitingSync=false
[PlaybackController] setAutoPlayMode(row) requested
[STORE] ≡ƒÆÄ State Updated. isSyncing=false, awaitingSync=false
[STORE] ≡ƒÆÄ State Updated. isSyncing=false, awaitingSync=false

[90mstdout[2m | tests/webview/integration_v3.test.ts[2m > [22m[2mRead Aloud Integration v3 (Full Stability & Parity)[2m > [22m[2mSuite 2: Playback Controls ΓÇö Button Matrix[2m > [22m[2mT2.10 ΓÇö AUTOPLAY button cycles from row ΓåÆ auto
[22m[39m[STORE] ≡ƒÆÄ State Updated. isSyncing=false, awaitingSync=false
[STORE] ≡ƒÆÄ State Updated. isSyncing=false, awaitingSync=false
[STORE] ≡ƒÆÄ State Updated. isSyncing=false, awaitingSync=false
[STORE] ≡ƒÆÄ State Updated. isSyncing=false, awaitingSync=false
[AUDIO] ≡ƒ¢æ Stop triggered: intent=0 (Instance=0.8836149175309467, Resolvers=0)
[AUDIO] ≡ƒ¢æ Stop triggered: intent=0 (Instance=0.8836149175309467, Resolvers=0)
[STORE] ≡ƒÆÄ State Updated. isSyncing=false, awaitingSync=false
[MessageClient] Adding listener to window
[STORE] ≡ƒÆÄ State Updated. isSyncing=false, awaitingSync=false

[90mstdout[2m | tests/webview/integration_v3.test.ts[2m > [22m[2mRead Aloud Integration v3 (Full Stability & Parity)[2m > [22m[2mSuite 2: Playback Controls ΓÇö Button Matrix[2m > [22m[2mT2.10 ΓÇö AUTOPLAY button cycles from row ΓåÆ auto
[22m[39m[STORE] ≡ƒÆÄ State Updated. isSyncing=false, awaitingSync=false
[PlaybackController] setAutoPlayMode(auto) requested
[STORE] ≡ƒÆÄ State Updated. isSyncing=false, awaitingSync=false
[STORE] ≡ƒÆÄ State Updated. isSyncing=false, awaitingSync=false

[90mstdout[2m | tests/webview/integration_v3.test.ts[2m > [22m[2mRead Aloud Integration v3 (Full Stability & Parity)[2m > [22m[2mSuite 3: Playback Controls ΓÇö Reactive State[2m > [22m[2mT3.1 ΓÇö Should show PAUSE button and hide PLAY when isPlaying=true, isPaused=false
[22m[39m[STORE] ≡ƒÆÄ State Updated. isSyncing=false, awaitingSync=false
[STORE] ≡ƒÆÄ State Updated. isSyncing=false, awaitingSync=false
[STORE] ≡ƒÆÄ State Updated. isSyncing=false, awaitingSync=false
[STORE] ≡ƒÆÄ State Updated. isSyncing=false, awaitingSync=false
[AUDIO] ≡ƒ¢æ Stop triggered: intent=0 (Instance=0.23730401081208397, Resolvers=0)
[AUDIO] ≡ƒ¢æ Stop triggered: intent=0 (Instance=0.23730401081208397, Resolvers=0)
[STORE] ≡ƒÆÄ State Updated. isSyncing=false, awaitingSync=false
[MessageClient] Adding listener to window
[STORE] ≡ƒÆÄ State Updated. isSyncing=false, awaitingSync=false

 [32mΓ£ô[39m tests/webview/integration_v3.test.ts[2m > [22mRead Aloud Integration v3 (Full Stability & Parity)[2m > [22mSuite 2: Playback Controls ΓÇö Button Matrix[2m > [22mT2.4 ΓÇö PREV CHAPTER button posts OutgoingAction.PREV_CHAPTER[32m 32[2mms[22m[39m
 [32mΓ£ô[39m tests/webview/integration_v3.test.ts[2m > [22mRead Aloud Integration v3 (Full Stability & Parity)[2m > [22mSuite 2: Playback Controls ΓÇö Button Matrix[2m > [22mT2.5 ΓÇö NEXT CHAPTER button posts OutgoingAction.NEXT_CHAPTER[32m 17[2mms[22m[39m
 [32mΓ£ô[39m tests/webview/integration_v3.test.ts[2m > [22mRead Aloud Integration v3 (Full Stability & Parity)[2m > [22mSuite 2: Playback Controls ΓÇö Button Matrix[2m > [22mT2.6 ΓÇö PREV SENTENCE button posts OutgoingAction.PREV_SENTENCE[32m 15[2mms[22m[39m
 [32mΓ£ô[39m tests/webview/integration_v3.test.ts[2m > [22mRead Aloud Integration v3 (Full Stability & Parity)[2m > [22mSuite 2: Playback Controls ΓÇö Button Matrix[2m > [22mT2.7 ΓÇö NEXT SENTENCE button posts OutgoingAction.NEXT_SENTENCE[32m 21[2mms[22m[39m
 [32mΓ£ô[39m tests/webview/integration_v3.test.ts[2m > [22mRead Aloud Integration v3 (Full Stability & Parity)[2m > [22mSuite 2: Playback Controls ΓÇö Button Matrix[2m > [22mT2.8 ΓÇö AUTOPLAY button cycles from auto ΓåÆ chapter and posts SET_AUTO_PLAY_MODE[32m 17[2mms[22m[39m
 [32mΓ£ô[39m tests/webview/integration_v3.test.ts[2m > [22mRead Aloud Integration v3 (Full Stability & Parity)[2m > [22mSuite 2: Playback Controls ΓÇö Button Matrix[2m > [22mT2.9 ΓÇö AUTOPLAY button cycles from chapter ΓåÆ row[32m 15[2mms[22m[39m
 [32mΓ£ô[39m tests/webview/integration_v3.test.ts[2m > [22mRead Aloud Integration v3 (Full Stability & Parity)[2m > [22mSuite 2: Playback Controls ΓÇö Button Matrix[2m > [22mT2.10 ΓÇö AUTOPLAY button cycles from row ΓåÆ auto[32m 13[2mms[22m[39m
[90mstderr[2m | tests/webview/integration_v3.test.ts[2m > [22m[2mRead Aloud Integration v3 (Full Stability & 
Parity)[2m > [22m[2mSuite 3: Playback Controls ΓÇö Reactive State[2m > [22m[2mT3.1 ΓÇö Should show PAUSE button 
and hide PLAY when isPlaying=true, isPaused=false
[22m[39m[PlaybackController] ≡ƒº▒ Sync blocked: stale intent 0 < 1

[90mstdout[2m | tests/webview/integration_v3.test.ts[2m > [22m[2mRead Aloud Integration v3 (Full Stability & Parity)[2m > [22m[2mSuite 3: Playback Controls ΓÇö Reactive State[2m > [22m[2mT3.1 ΓÇö Should show PAUSE button and hide PLAY when isPlaying=true, isPaused=false
[22m[39m[HOST -> WEBVIEW] [PLAYBACK_STATE_CHANGED] isPlaying:true | isPaused:false
[STORE] ≡ƒÆÄ State Updated. isSyncing=false, awaitingSync=false
[STORE] ≡ƒÆÄ State Updated. isSyncing=false, awaitingSync=false
[PlaybackController] ≡ƒñ¥ Webview Hydrated
[STORE] ≡ƒÆÄ State Updated. isSyncing=false, awaitingSync=false

[90mstdout[2m | tests/webview/integration_v3.test.ts[2m > [22m[2mRead Aloud Integration v3 (Full Stability & Parity)[2m > [22m[2mSuite 3: Playback Controls ΓÇö Reactive State[2m > [22m[2mT3.2 ΓÇö Should show PLAY button and hide PAUSE when paused
[22m[39m[STORE] ≡ƒÆÄ State Updated. isSyncing=false, awaitingSync=false
[STORE] ≡ƒÆÄ State Updated. isSyncing=false, awaitingSync=false
[STORE] ≡ƒÆÄ State Updated. isSyncing=false, awaitingSync=false
[STORE] ≡ƒÆÄ State Updated. isSyncing=false, awaitingSync=false
[AUDIO] ≡ƒ¢æ Stop triggered: intent=0 (Instance=0.5553418009379056, Resolvers=0)
[AUDIO] ≡ƒ¢æ Stop triggered: intent=0 (Instance=0.5553418009379056, Resolvers=0)
[STORE] ≡ƒÆÄ State Updated. isSyncing=false, awaitingSync=false
[MessageClient] Adding listener to window
[STORE] ≡ƒÆÄ State Updated. isSyncing=false, awaitingSync=false

[90mstderr[2m | tests/webview/integration_v3.test.ts[2m > [22m[2mRead Aloud Integration v3 (Full Stability & 
Parity)[2m > [22m[2mSuite 3: Playback Controls ΓÇö Reactive State[2m > [22m[2mT3.2 ΓÇö Should show PLAY button 
and hide PAUSE when paused
[22m[39m[PlaybackController] ≡ƒº▒ Sync blocked: stale intent 0 < 1

[90mstdout[2m | tests/webview/integration_v3.test.ts[2m > [22m[2mRead Aloud Integration v3 (Full Stability & Parity)[2m > [22m[2mSuite 3: Playback Controls ΓÇö Reactive State[2m > [22m[2mT3.2 ΓÇö Should show PLAY button and hide PAUSE when paused
[22m[39m[HOST -> WEBVIEW] [PLAYBACK_STATE_CHANGED] isPlaying:true | isPaused:true
[STORE] ≡ƒÆÄ State Updated. isSyncing=false, awaitingSync=false
[STORE] ≡ƒÆÄ State Updated. isSyncing=false, awaitingSync=false
[PlaybackController] ≡ƒñ¥ Webview Hydrated
[STORE] ≡ƒÆÄ State Updated. isSyncing=false, awaitingSync=false

[90mstdout[2m | tests/webview/integration_v3.test.ts[2m > [22m[2mRead Aloud Integration v3 (Full Stability & Parity)[2m > [22m[2mSuite 3: Playback Controls ΓÇö Reactive State[2m > [22m[2mT3.3 ΓÇö Status dot gets "online" class when actively playing
[22m[39m[STORE] ≡ƒÆÄ State Updated. isSyncing=false, awaitingSync=false
[STORE] ≡ƒÆÄ State Updated. isSyncing=false, awaitingSync=false
[STORE] ≡ƒÆÄ State Updated. isSyncing=false, awaitingSync=false
[STORE] ≡ƒÆÄ State Updated. isSyncing=false, awaitingSync=false
[AUDIO] ≡ƒ¢æ Stop triggered: intent=0 (Instance=0.35040681899870363, Resolvers=0)
[AUDIO] ≡ƒ¢æ Stop triggered: intent=0 (Instance=0.35040681899870363, Resolvers=0)
[STORE] ≡ƒÆÄ State Updated. isSyncing=false, awaitingSync=false
[MessageClient] Adding listener to window
[STORE] ≡ƒÆÄ State Updated. isSyncing=false, awaitingSync=false

[90mstdout[2m | tests/webview/integration_v3.test.ts[2m > [22m[2mRead Aloud Integration v3 (Full Stability & Parity)[2m > [22m[2mSuite 3: Playback Controls ΓÇö Reactive State[2m > [22m[2mT3.3 ΓÇö Status dot gets "online" class when actively playing
[22m[39m[STORE] ≡ƒÆÄ State Updated. isSyncing=false, awaitingSync=false

[90mstdout[2m | tests/webview/integration_v3.test.ts[2m > [22m[2mRead Aloud Integration v3 (Full Stability & Parity)[2m > [22m[2mSuite 3: Playback Controls ΓÇö Reactive State[2m > [22m[2mT3.4 ΓÇö Status dot loses "online" class when stopped
[22m[39m[STORE] ≡ƒÆÄ State Updated. isSyncing=false, awaitingSync=false
[MessageClient] Adding listener to window
[STORE] ≡ƒÆÄ State Updated. isSyncing=false, awaitingSync=false

[90mstdout[2m | tests/webview/integration_v3.test.ts[2m > [22m[2mRead Aloud Integration v3 (Full Stability & Parity)[2m > [22m[2mSuite 3: Playback Controls ΓÇö Reactive State[2m > [22m[2mT3.4 ΓÇö Status dot loses "online" class when stopped
[22m[39m[STORE] ≡ƒÆÄ State Updated. isSyncing=false, awaitingSync=false
[STORE] ≡ƒÆÄ State Updated. isSyncing=false, awaitingSync=false

[90mstdout[2m | tests/webview/integration_v3.test.ts[2m > [22m[2mRead Aloud Integration v3 (Full Stability & Parity)[2m > [22m[2mSuite 3: Playback Controls ΓÇö Reactive State[2m > [22m[2mT3.5 ΓÇö Status dot gets "stalled" class when playbackStalled=true
[22m[39m[STORE] ≡ƒÆÄ State Updated. isSyncing=false, awaitingSync=false
[MessageClient] Adding listener to window
[STORE] ≡ƒÆÄ State Updated. isSyncing=false, awaitingSync=false

[90mstdout[2m | tests/webview/integration_v3.test.ts[2m > [22m[2mRead Aloud Integration v3 (Full Stability & Parity)[2m > [22m[2mSuite 3: Playback Controls ΓÇö Reactive State[2m > [22m[2mT3.5 ΓÇö Status dot gets "stalled" class when playbackStalled=true
[22m[39m[STORE] ≡ƒÆÄ State Updated. isSyncing=false, awaitingSync=false

[90mstdout[2m | tests/webview/integration_v3.test.ts[2m > [22m[2mRead Aloud Integration v3 (Full Stability & Parity)[2m > [22m[2mSuite 3: Playback Controls ΓÇö Reactive State[2m > [22m[2mT3.6 ΓÇö Autoplay button visual updates to "1 CH" mode-chapter on chapter mode
[22m[39m[STORE] ≡ƒÆÄ State Updated. isSyncing=false, awaitingSync=false
[MessageClient] Adding listener to window
[STORE] ≡ƒÆÄ State Updated. isSyncing=false, awaitingSync=false

[90mstdout[2m | tests/webview/integration_v3.test.ts[2m > [22m[2mRead Aloud Integration v3 (Full Stability & Parity)[2m > [22m[2mSuite 3: Playback Controls ΓÇö Reactive State[2m > [22m[2mT3.6 ΓÇö Autoplay button visual updates to "1 CH" mode-chapter on chapter mode
[22m[39m[STORE] ≡ƒÆÄ State Updated. isSyncing=false, awaitingSync=false

[90mstdout[2m | tests/webview/integration_v3.test.ts[2m > [22m[2mRead Aloud Integration v3 (Full Stability & Parity)[2m > [22m[2mSuite 4: Keyboard Shortcuts[2m > [22m[2mT4.1 ΓÇö Space key triggers PLAY when currently stopped
[22m[39m[STORE] ≡ƒÆÄ State Updated. isSyncing=false, awaitingSync=false
[MessageClient] Adding listener to window
[STORE] ≡ƒÆÄ State Updated. isSyncing=false, awaitingSync=false

[90mstdout[2m | tests/webview/integration_v3.test.ts[2m > [22m[2mRead Aloud Integration v3 (Full Stability & Parity)[2m > [22m[2mSuite 4: Keyboard Shortcuts[2m > [22m[2mT4.1 ΓÇö Space key triggers PLAY when currently stopped
[22m[39m[INTERACTION] Global listeners mounted.
[PlaybackController] ≡ƒƒó USER PLAY requested
[STORE] ≡ƒÆÄ State Updated. isSyncing=false, awaitingSync=false
[STORE] ≡ƒÆÄ State Updated. isSyncing=true, awaitingSync=true
[AUDIO] ≡ƒöô Primed
[AUDIO] ≡ƒöô Primed

[90mstdout[2m | tests/webview/integration_v3.test.ts[2m > [22m[2mRead Aloud Integration v3 (Full Stability & Parity)[2m > [22m[2mSuite 4: Keyboard Shortcuts[2m > [22m[2mT4.2 ΓÇö ArrowLeft triggers PREV_SENTENCE
[22m[39m[STORE] ≡ƒÆÄ State Updated. isSyncing=false, awaitingSync=false
[STORE] ≡ƒÆÄ State Updated. isSyncing=false, awaitingSync=false
[STORE] ≡ƒÆÄ State Updated. isSyncing=false, awaitingSync=false
[STORE] ≡ƒÆÄ State Updated. isSyncing=false, awaitingSync=false
[AUDIO] ≡ƒ¢æ Stop triggered: intent=0 (Instance=0.633678831481445, Resolvers=0)
[AUDIO] ≡ƒ¢æ Stop triggered: intent=0 (Instance=0.633678831481445, Resolvers=0)
[STORE] ≡ƒÆÄ State Updated. isSyncing=false, awaitingSync=false
[MessageClient] Adding listener to window
[STORE] ≡ƒÆÄ State Updated. isSyncing=false, awaitingSync=false

 [32mΓ£ô[39m tests/webview/integration_v3.test.ts[2m > [22mRead Aloud Integration v3 (Full Stability & Parity)[2m > [22mSuite 3: Playback Controls ΓÇö Reactive State[2m > [22mT3.1 ΓÇö Should show PAUSE button and hide PLAY when isPlaying=true, isPaused=false[32m 25[2mms[22m[39m
 [32mΓ£ô[39m tests/webview/integration_v3.test.ts[2m > [22mRead Aloud Integration v3 (Full Stability & Parity)[2m > [22mSuite 3: Playback Controls ΓÇö Reactive State[2m > [22mT3.2 ΓÇö Should show PLAY button and hide PAUSE when paused[32m 20[2mms[22m[39m
 [32mΓ£ô[39m tests/webview/integration_v3.test.ts[2m > [22mRead Aloud Integration v3 (Full Stability & Parity)[2m > [22mSuite 3: Playback Controls ΓÇö Reactive State[2m > [22mT3.3 ΓÇö Status dot gets "online" class when actively playing[32m 9[2mms[22m[39m
 [32mΓ£ô[39m tests/webview/integration_v3.test.ts[2m > [22mRead Aloud Integration v3 (Full Stability & Parity)[2m > [22mSuite 3: Playback Controls ΓÇö Reactive State[2m > [22mT3.4 ΓÇö Status dot loses "online" class when stopped[32m 8[2mms[22m[39m
 [32mΓ£ô[39m tests/webview/integration_v3.test.ts[2m > [22mRead Aloud Integration v3 (Full Stability & Parity)[2m > [22mSuite 3: Playback Controls ΓÇö Reactive State[2m > [22mT3.5 ΓÇö Status dot gets "stalled" class when playbackStalled=true[32m 10[2mms[22m[39m
 [32mΓ£ô[39m tests/webview/integration_v3.test.ts[2m > [22mRead Aloud Integration v3 (Full Stability & Parity)[2m > [22mSuite 3: Playback Controls ΓÇö Reactive State[2m > [22mT3.6 ΓÇö Autoplay button visual updates to "1 CH" mode-chapter on chapter mode[32m 17[2mms[22m[39m
 [32mΓ£ô[39m tests/webview/integration_v3.test.ts[2m > [22mRead Aloud Integration v3 (Full Stability & Parity)[2m > [22mSuite 4: Keyboard Shortcuts[2m > [22mT4.1 ΓÇö Space key triggers PLAY when currently stopped[32m 16[2mms[22m[39m
[90mstdout[2m | tests/webview/integration_v3.test.ts[2m > [22m[2mRead Aloud Integration v3 (Full Stability & Parity)[2m > [22m[2mSuite 4: Keyboard Shortcuts[2m > [22m[2mT4.2 ΓÇö ArrowLeft triggers PREV_SENTENCE
[22m[39m[INTERACTION] Global listeners mounted.
[STORE] ≡ƒÆÄ State Updated. isSyncing=false, awaitingSync=false
[STORE] ≡ƒÆÄ State Updated. isSyncing=false, awaitingSync=true
[AUDIO] ≡ƒöô Primed
[AUDIO] ≡ƒöô Primed

[90mstdout[2m | tests/webview/integration_v3.test.ts[2m > [22m[2mRead Aloud Integration v3 (Full Stability & Parity)[2m > [22m[2mSuite 4: Keyboard Shortcuts[2m > [22m[2mT4.3 ΓÇö ArrowRight triggers NEXT_SENTENCE
[22m[39m[STORE] ≡ƒÆÄ State Updated. isSyncing=false, awaitingSync=false
[STORE] ≡ƒÆÄ State Updated. isSyncing=false, awaitingSync=false
[STORE] ≡ƒÆÄ State Updated. isSyncing=false, awaitingSync=false
[STORE] ≡ƒÆÄ State Updated. isSyncing=false, awaitingSync=false
[AUDIO] ≡ƒ¢æ Stop triggered: intent=0 (Instance=0.6553686754060757, Resolvers=0)
[AUDIO] ≡ƒ¢æ Stop triggered: intent=0 (Instance=0.6553686754060757, Resolvers=0)
[STORE] ≡ƒÆÄ State Updated. isSyncing=false, awaitingSync=false
[MessageClient] Adding listener to window
[STORE] ≡ƒÆÄ State Updated. isSyncing=false, awaitingSync=false

[90mstdout[2m | tests/webview/integration_v3.test.ts[2m > [22m[2mRead Aloud Integration v3 (Full Stability & Parity)[2m > [22m[2mSuite 4: Keyboard Shortcuts[2m > [22m[2mT4.3 ΓÇö ArrowRight triggers NEXT_SENTENCE
[22m[39m[INTERACTION] Global listeners mounted.
[STORE] ≡ƒÆÄ State Updated. isSyncing=false, awaitingSync=false
[STORE] ≡ƒÆÄ State Updated. isSyncing=false, awaitingSync=true
[AUDIO] ≡ƒöô Primed
[AUDIO] ≡ƒöô Primed

[90mstdout[2m | tests/webview/integration_v3.test.ts[2m > [22m[2mRead Aloud Integration v3 (Full Stability & Parity)[2m > [22m[2mSuite 4: Keyboard Shortcuts[2m > [22m[2mT4.4 ΓÇö ArrowUp triggers PREV_CHAPTER
[22m[39m[STORE] ≡ƒÆÄ State Updated. isSyncing=false, awaitingSync=false
[STORE] ≡ƒÆÄ State Updated. isSyncing=false, awaitingSync=false
[STORE] ≡ƒÆÄ State Updated. isSyncing=false, awaitingSync=false
[STORE] ≡ƒÆÄ State Updated. isSyncing=false, awaitingSync=false
[AUDIO] ≡ƒ¢æ Stop triggered: intent=0 (Instance=0.38334862305538997, Resolvers=0)
[AUDIO] ≡ƒ¢æ Stop triggered: intent=0 (Instance=0.38334862305538997, Resolvers=0)
[STORE] ≡ƒÆÄ State Updated. isSyncing=false, awaitingSync=false
[MessageClient] Adding listener to window
[STORE] ≡ƒÆÄ State Updated. isSyncing=false, awaitingSync=false

[90mstdout[2m | tests/webview/integration_v3.test.ts[2m > [22m[2mRead Aloud Integration v3 (Full Stability & Parity)[2m > [22m[2mSuite 4: Keyboard Shortcuts[2m > [22m[2mT4.4 ΓÇö ArrowUp triggers PREV_CHAPTER
[22m[39m[INTERACTION] Global listeners mounted.
[STORE] ≡ƒÆÄ State Updated. isSyncing=false, awaitingSync=false
[STORE] ≡ƒÆÄ State Updated. isSyncing=false, awaitingSync=true
[AUDIO] ≡ƒöô Primed
[AUDIO] ≡ƒöô Primed

[90mstdout[2m | tests/webview/integration_v3.test.ts[2m > [22m[2mRead Aloud Integration v3 (Full Stability & Parity)[2m > [22m[2mSuite 4: Keyboard Shortcuts[2m > [22m[2mT4.5 ΓÇö ArrowDown triggers NEXT_CHAPTER
[22m[39m[STORE] ≡ƒÆÄ State Updated. isSyncing=false, awaitingSync=false
[STORE] ≡ƒÆÄ State Updated. isSyncing=false, awaitingSync=false
[STORE] ≡ƒÆÄ State Updated. isSyncing=false, awaitingSync=false
[STORE] ≡ƒÆÄ State Updated. isSyncing=false, awaitingSync=false
[AUDIO] ≡ƒ¢æ Stop triggered: intent=0 (Instance=0.48692887054740586, Resolvers=0)
[AUDIO] ≡ƒ¢æ Stop triggered: intent=0 (Instance=0.48692887054740586, Resolvers=0)
[STORE] ≡ƒÆÄ State Updated. isSyncing=false, awaitingSync=false
[MessageClient] Adding listener to window
[STORE] ≡ƒÆÄ State Updated. isSyncing=false, awaitingSync=false

[90mstdout[2m | tests/webview/integration_v3.test.ts[2m > [22m[2mRead Aloud Integration v3 (Full Stability & Parity)[2m > [22m[2mSuite 4: Keyboard Shortcuts[2m > [22m[2mT4.5 ΓÇö ArrowDown triggers NEXT_CHAPTER
[22m[39m[INTERACTION] Global listeners mounted.
[STORE] ≡ƒÆÄ State Updated. isSyncing=false, awaitingSync=false
[STORE] ≡ƒÆÄ State Updated. isSyncing=false, awaitingSync=true
[AUDIO] ≡ƒöô Primed
[AUDIO] ≡ƒöô Primed

[90mstdout[2m | tests/webview/integration_v3.test.ts[2m > [22m[2mRead Aloud Integration v3 (Full Stability & Parity)[2m > [22m[2mSuite 4: Keyboard Shortcuts[2m > [22m[2mT4.6 ΓÇö Repeat guard: second immediate ArrowRight is suppressed
[22m[39m[STORE] ≡ƒÆÄ State Updated. isSyncing=false, awaitingSync=false
[STORE] ≡ƒÆÄ State Updated. isSyncing=false, awaitingSync=false
[STORE] ≡ƒÆÄ State Updated. isSyncing=false, awaitingSync=false
[STORE] ≡ƒÆÄ State Updated. isSyncing=false, awaitingSync=false
[AUDIO] ≡ƒ¢æ Stop triggered: intent=0 (Instance=0.006579713899406259, Resolvers=0)
[AUDIO] ≡ƒ¢æ Stop triggered: intent=0 (Instance=0.006579713899406259, Resolvers=0)
[STORE] ≡ƒÆÄ State Updated. isSyncing=false, awaitingSync=false
[MessageClient] Adding listener to window
[STORE] ≡ƒÆÄ State Updated. isSyncing=false, awaitingSync=false

[90mstdout[2m | tests/webview/integration_v3.test.ts[2m > [22m[2mRead Aloud Integration v3 (Full Stability & Parity)[2m > [22m[2mSuite 4: Keyboard Shortcuts[2m > [22m[2mT4.6 ΓÇö Repeat guard: second immediate ArrowRight is suppressed
[22m[39m[INTERACTION] Global listeners mounted.
[STORE] ≡ƒÆÄ State Updated. isSyncing=false, awaitingSync=false
[STORE] ≡ƒÆÄ State Updated. isSyncing=false, awaitingSync=true
[AUDIO] ≡ƒöô Primed
[AUDIO] ≡ƒöô Primed

[90mstdout[2m | tests/webview/integration_v3.test.ts[2m > [22m[2mRead Aloud Integration v3 (Full Stability & Parity)[2m > [22m[2mSuite 4: Keyboard Shortcuts[2m > [22m[2mT4.7 ΓÇö e.repeat guard: auto-repeat keydown events are suppressed
[22m[39m[STORE] ≡ƒÆÄ State Updated. isSyncing=false, awaitingSync=false
[STORE] ≡ƒÆÄ State Updated. isSyncing=false, awaitingSync=false
[STORE] ≡ƒÆÄ State Updated. isSyncing=false, awaitingSync=false
[STORE] ≡ƒÆÄ State Updated. isSyncing=false, awaitingSync=false
[AUDIO] ≡ƒ¢æ Stop triggered: intent=0 (Instance=0.5939081053805061, Resolvers=0)
[AUDIO] ≡ƒ¢æ Stop triggered: intent=0 (Instance=0.5939081053805061, Resolvers=0)
[STORE] ≡ƒÆÄ State Updated. isSyncing=false, awaitingSync=false
[MessageClient] Adding listener to window
[STORE] ≡ƒÆÄ State Updated. isSyncing=false, awaitingSync=false

[90mstdout[2m | tests/webview/integration_v3.test.ts[2m > [22m[2mRead Aloud Integration v3 (Full Stability & Parity)[2m > [22m[2mSuite 4: Keyboard Shortcuts[2m > [22m[2mT4.7 ΓÇö e.repeat guard: auto-repeat keydown events are suppressed
[22m[39m[INTERACTION] Global listeners mounted.

[90mstdout[2m | tests/webview/integration_v3.test.ts[2m > [22m[2mRead Aloud Integration v3 (Full Stability & Parity)[2m > [22m[2mSuite 4: Keyboard Shortcuts[2m > [22m[2mT4.8 ΓÇö Escape key closes settings drawer via LayoutManager
[22m[39m[STORE] ≡ƒÆÄ State Updated. isSyncing=false, awaitingSync=false
[MessageClient] Adding listener to window
[STORE] ≡ƒÆÄ State Updated. isSyncing=false, awaitingSync=false

[90mstdout[2m | tests/webview/integration_v3.test.ts[2m > [22m[2mRead Aloud Integration v3 (Full Stability & Parity)[2m > [22m[2mSuite 4: Keyboard Shortcuts[2m > [22m[2mT4.8 ΓÇö Escape key closes settings drawer via LayoutManager
[22m[39m[INTERACTION] Global listeners mounted.
[LAYOUT] Closing all overlays...

[90mstdout[2m | tests/webview/integration_v3.test.ts[2m > [22m[2mRead Aloud Integration v3 (Full Stability & Parity)[2m > [22m[2mSuite 4: Keyboard Shortcuts[2m > [22m[2mT4.8 ΓÇö Escape key closes settings drawer via LayoutManager
[22m[39m[AUDIO] ≡ƒöô Primed

[90mstdout[2m | tests/webview/integration_v3.test.ts[2m > [22m[2mRead Aloud Integration v3 (Full Stability & Parity)[2m > [22m[2mSuite 4: Keyboard Shortcuts[2m > [22m[2mT4.9 ΓÇö Shortcut is suppressed when an input field is focused
[22m[39m[STORE] ≡ƒÆÄ State Updated. isSyncing=false, awaitingSync=false
[STORE] ≡ƒÆÄ State Updated. isSyncing=false, awaitingSync=false
[STORE] ≡ƒÆÄ State Updated. isSyncing=false, awaitingSync=false
[STORE] ≡ƒÆÄ State Updated. isSyncing=false, awaitingSync=false
[AUDIO] ≡ƒ¢æ Stop triggered: intent=0 (Instance=0.640380165969761, Resolvers=0)
[AUDIO] ≡ƒ¢æ Stop triggered: intent=0 (Instance=0.640380165969761, Resolvers=0)
[STORE] ≡ƒÆÄ State Updated. isSyncing=false, awaitingSync=false
[MessageClient] Adding listener to window
[STORE] ≡ƒÆÄ State Updated. isSyncing=false, awaitingSync=false

[90mstdout[2m | tests/webview/integration_v3.test.ts[2m > [22m[2mRead Aloud Integration v3 (Full Stability & Parity)[2m > [22m[2mSuite 4: Keyboard Shortcuts[2m > [22m[2mT4.9 ΓÇö Shortcut is suppressed when an input field is focused
[22m[39m[INTERACTION] Global listeners mounted.

[90mstdout[2m | tests/webview/integration_v3.test.ts[2m > [22m[2mRead Aloud Integration v3 (Full Stability & Parity)[2m > [22m[2mSuite 5: File Loading Lifecycle[2m > [22m[2mT5.1 ΓÇö LOAD FILE button posts LOAD_DOCUMENT when a focused file exists
[22m[39m[STORE] ≡ƒÆÄ State Updated. isSyncing=false, awaitingSync=false
[MessageClient] Adding listener to window
[STORE] ≡ƒÆÄ State Updated. isSyncing=false, awaitingSync=false

 [32mΓ£ô[39m tests/webview/integration_v3.test.ts[2m > [22mRead Aloud Integration v3 (Full Stability & Parity)[2m > [22mSuite 4: Keyboard Shortcuts[2m > [22mT4.2 ΓÇö ArrowLeft triggers PREV_SENTENCE[32m 13[2mms[22m[39m
 [32mΓ£ô[39m tests/webview/integration_v3.test.ts[2m > [22mRead Aloud Integration v3 (Full Stability & Parity)[2m > [22mSuite 4: Keyboard Shortcuts[2m > [22mT4.3 ΓÇö ArrowRight triggers NEXT_SENTENCE[32m 11[2mms[22m[39m
 [32mΓ£ô[39m tests/webview/integration_v3.test.ts[2m > [22mRead Aloud Integration v3 (Full Stability & Parity)[2m > [22mSuite 4: Keyboard Shortcuts[2m > [22mT4.4 ΓÇö ArrowUp triggers PREV_CHAPTER[32m 11[2mms[22m[39m
 [32mΓ£ô[39m tests/webview/integration_v3.test.ts[2m > [22mRead Aloud Integration v3 (Full Stability & Parity)[2m > [22mSuite 4: Keyboard Shortcuts[2m > [22mT4.5 ΓÇö ArrowDown triggers NEXT_CHAPTER[32m 15[2mms[22m[39m
 [32mΓ£ô[39m tests/webview/integration_v3.test.ts[2m > [22mRead Aloud Integration v3 (Full Stability & Parity)[2m > [22mSuite 4: Keyboard Shortcuts[2m > [22mT4.6 ΓÇö Repeat guard: second immediate ArrowRight is suppressed[32m 16[2mms[22m[39m
 [32mΓ£ô[39m tests/webview/integration_v3.test.ts[2m > [22mRead Aloud Integration v3 (Full Stability & Parity)[2m > [22mSuite 4: Keyboard Shortcuts[2m > [22mT4.7 ΓÇö e.repeat guard: auto-repeat keydown events are suppressed[32m 12[2mms[22m[39m
 [32mΓ£ô[39m tests/webview/integration_v3.test.ts[2m > [22mRead Aloud Integration v3 (Full Stability & Parity)[2m > [22mSuite 4: Keyboard Shortcuts[2m > [22mT4.8 ΓÇö Escape key closes settings drawer via LayoutManager[32m 15[2mms[22m[39m
 [32mΓ£ô[39m tests/webview/integration_v3.test.ts[2m > [22mRead Aloud Integration v3 (Full Stability & Parity)[2m > [22mSuite 4: Keyboard Shortcuts[2m > [22mT4.9 ΓÇö Shortcut is suppressed when an input field is focused[32m 11[2mms[22m[39m
[90mstderr[2m | tests/webview/integration_v3.test.ts[2m > [22m[2mRead Aloud Integration v3 (Full Stability & 
Parity)[2m > [22m[2mSuite 5: File Loading Lifecycle[2m > [22m[2mT5.1 ΓÇö LOAD FILE button posts LOAD_DOCUMENT 
when a focused file exists
[22m[39m[PlaybackController] ≡ƒº▒ Sync blocked: stale intent 0 < 1

[90mstdout[2m | tests/webview/integration_v3.test.ts[2m > [22m[2mRead Aloud Integration v3 (Full Stability & Parity)[2m > [22m[2mSuite 5: File Loading Lifecycle[2m > [22m[2mT5.1 ΓÇö LOAD FILE button posts LOAD_DOCUMENT when a focused file exists
[22m[39m[STORE] ≡ƒÆÄ State Updated. isSyncing=false, awaitingSync=false
[STORE] ≡ƒÆÄ State Updated. isSyncing=false, awaitingSync=false
[PlaybackController] ≡ƒñ¥ Webview Hydrated
[STORE] ≡ƒÆÄ State Updated. isSyncing=false, awaitingSync=false
[PlaybackController] ≡ƒôä USER LOAD_DOCUMENT requested
[STORE] ≡ƒÆÄ State Updated. isSyncing=false, awaitingSync=false
[STORE] ≡ƒÆÄ State Updated. isSyncing=false, awaitingSync=true

[90mstdout[2m | tests/webview/integration_v3.test.ts[2m > [22m[2mRead Aloud Integration v3 (Full Stability & Parity)[2m > [22m[2mSuite 5: File Loading Lifecycle[2m > [22m[2mT5.2 ΓÇö CLEAR READER button posts RESET_CONTEXT
[22m[39m[STORE] ≡ƒÆÄ State Updated. isSyncing=false, awaitingSync=false
[STORE] ≡ƒÆÄ State Updated. isSyncing=false, awaitingSync=false
[STORE] ≡ƒÆÄ State Updated. isSyncing=false, awaitingSync=false
[STORE] ≡ƒÆÄ State Updated. isSyncing=false, awaitingSync=false
[AUDIO] ≡ƒ¢æ Stop triggered: intent=0 (Instance=0.4964693809603681, Resolvers=0)
[AUDIO] ≡ƒ¢æ Stop triggered: intent=0 (Instance=0.4964693809603681, Resolvers=0)
[STORE] ≡ƒÆÄ State Updated. isSyncing=false, awaitingSync=false
[MessageClient] Adding listener to window
[STORE] ≡ƒÆÄ State Updated. isSyncing=false, awaitingSync=false

[90mstdout[2m | tests/webview/integration_v3.test.ts[2m > [22m[2mRead Aloud Integration v3 (Full Stability & Parity)[2m > [22m[2mSuite 5: File Loading Lifecycle[2m > [22m[2mT5.2 ΓÇö CLEAR READER button posts RESET_CONTEXT
[22m[39m[STORE] ≡ƒÆÄ State Updated. isSyncing=false, awaitingSync=true
[PlaybackController] ≡ƒº╣ USER RESET_CONTEXT requested
[STORE] ≡ƒÆÄ State Updated. isSyncing=false, awaitingSync=true
[STORE] ≡ƒÆÄ State Updated. isSyncing=false, awaitingSync=true
[STORE] ≡ƒÆÄ State Updated. isSyncing=false, awaitingSync=true

[90mstdout[2m | tests/webview/integration_v3.test.ts[2m > [22m[2mRead Aloud Integration v3 (Full Stability & Parity)[2m > [22m[2mSuite 5: File Loading Lifecycle[2m > [22m[2mT5.3 ΓÇö Active filename updates when UI_SYNC delivers focusedFileName
[22m[39m[STORE] ≡ƒÆÄ State Updated. isSyncing=false, awaitingSync=false
[STORE] ≡ƒÆÄ State Updated. isSyncing=false, awaitingSync=false
[STORE] ≡ƒÆÄ State Updated. isSyncing=false, awaitingSync=false
[STORE] ≡ƒÆÄ State Updated. isSyncing=false, awaitingSync=false
[AUDIO] ≡ƒ¢æ Stop triggered: intent=0 (Instance=0.4870884796832665, Resolvers=0)
[AUDIO] ≡ƒ¢æ Stop triggered: intent=0 (Instance=0.4870884796832665, Resolvers=0)
[STORE] ≡ƒÆÄ State Updated. isSyncing=false, awaitingSync=false
[MessageClient] Adding listener to window
[STORE] ≡ƒÆÄ State Updated. isSyncing=false, awaitingSync=false

[90mstderr[2m | tests/webview/integration_v3.test.ts[2m > [22m[2mRead Aloud Integration v3 (Full Stability & 
Parity)[2m > [22m[2mSuite 5: File Loading Lifecycle[2m > [22m[2mT5.3 ΓÇö Active filename updates when UI_SYNC 
delivers focusedFileName
[22m[39m[PlaybackController] ≡ƒº▒ Sync blocked: stale intent 0 < 1

[90mstdout[2m | tests/webview/integration_v3.test.ts[2m > [22m[2mRead Aloud Integration v3 (Full Stability & Parity)[2m > [22m[2mSuite 5: File Loading Lifecycle[2m > [22m[2mT5.3 ΓÇö Active filename updates when UI_SYNC delivers focusedFileName
[22m[39m[STORE] ≡ƒÆÄ State Updated. isSyncing=false, awaitingSync=false
[STORE] ≡ƒÆÄ State Updated. isSyncing=false, awaitingSync=false
[PlaybackController] ≡ƒñ¥ Webview Hydrated
[STORE] ≡ƒÆÄ State Updated. isSyncing=false, awaitingSync=false

[90mstdout[2m | tests/webview/integration_v3.test.ts[2m > [22m[2mRead Aloud Integration v3 (Full Stability & Parity)[2m > [22m[2mSuite 5: File Loading Lifecycle[2m > [22m[2mT5.4 ΓÇö Global file link click delegates OPEN_FILE with uri
[22m[39m[STORE] ≡ƒÆÄ State Updated. isSyncing=false, awaitingSync=false
[STORE] ≡ƒÆÄ State Updated. isSyncing=false, awaitingSync=false
[STORE] ≡ƒÆÄ State Updated. isSyncing=false, awaitingSync=false
[STORE] ≡ƒÆÄ State Updated. isSyncing=false, awaitingSync=false
[AUDIO] ≡ƒ¢æ Stop triggered: intent=0 (Instance=0.28960721189156435, Resolvers=0)
[AUDIO] ≡ƒ¢æ Stop triggered: intent=0 (Instance=0.28960721189156435, Resolvers=0)
[STORE] ≡ƒÆÄ State Updated. isSyncing=false, awaitingSync=false
[MessageClient] Adding listener to window
[STORE] ≡ƒÆÄ State Updated. isSyncing=false, awaitingSync=false

[90mstdout[2m | tests/webview/integration_v3.test.ts[2m > [22m[2mRead Aloud Integration v3 (Full Stability & Parity)[2m > [22m[2mSuite 5: File Loading Lifecycle[2m > [22m[2mT5.4 ΓÇö Global file link click delegates OPEN_FILE with uri
[22m[39m[INTERACTION] Global listeners mounted.

[90mstdout[2m | tests/webview/integration_v3.test.ts[2m > [22m[2mRead Aloud Integration v3 (Full Stability & Parity)[2m > [22m[2mSuite 6: Voice Selector & Filtering[2m > [22m[2mT6.1 ΓÇö Voice list renders all voices on VOICES command
[22m[39m[STORE] ≡ƒÆÄ State Updated. isSyncing=false, awaitingSync=false
[MessageClient] Adding listener to window
[STORE] ≡ƒÆÄ State Updated. isSyncing=false, awaitingSync=false

[90mstdout[2m | tests/webview/integration_v3.test.ts[2m > [22m[2mRead Aloud Integration v3 (Full Stability & Parity)[2m > [22m[2mSuite 6: Voice Selector & Filtering[2m > [22m[2mT6.1 ΓÇö Voice list renders all voices on VOICES command
[22m[39m[HOST -> WEBVIEW] [VOICES] voices:[{"name":"Microsoft David","lang":"en-US"},{"name":"Microsoft Zira","lang":"en-US"},{"name":"Google Deutsch","lang":"de-DE"}] | neuralVoices:[]
[STORE] ≡ƒÆÄ State Updated. isSyncing=false, awaitingSync=false

 [32mΓ£ô[39m tests/webview/integration_v3.test.ts[2m > [22mRead Aloud Integration v3 (Full Stability & Parity)[2m > [22mSuite 5: File Loading Lifecycle[2m > [22mT5.1 ΓÇö LOAD FILE button posts LOAD_DOCUMENT when a focused file exists[32m 22[2mms[22m[39m
 [32mΓ£ô[39m tests/webview/integration_v3.test.ts[2m > [22mRead Aloud Integration v3 (Full Stability & Parity)[2m > [22mSuite 5: File Loading Lifecycle[2m > [22mT5.2 ΓÇö CLEAR READER button posts RESET_CONTEXT[32m 14[2mms[22m[39m
 [32mΓ£ô[39m tests/webview/integration_v3.test.ts[2m > [22mRead Aloud Integration v3 (Full Stability & Parity)[2m > [22mSuite 5: File Loading Lifecycle[2m > [22mT5.3 ΓÇö Active filename updates when UI_SYNC delivers focusedFileName[32m 15[2mms[22m[39m
 [32mΓ£ô[39m tests/webview/integration_v3.test.ts[2m > [22mRead Aloud Integration v3 (Full Stability & Parity)[2m > [22mSuite 5: File Loading Lifecycle[2m > [22mT5.4 ΓÇö Global file link click delegates OPEN_FILE with uri[32m 33[2mms[22m[39m
[90mstdout[2m | tests/webview/integration_v3.test.ts[2m > [22m[2mRead Aloud Integration v3 (Full Stability & Parity)[2m > [22m[2mSuite 6: Voice Selector & Filtering[2m > [22m[2mT6.2 ΓÇö Voice list filters on search input
[22m[39m[STORE] ≡ƒÆÄ State Updated. isSyncing=false, awaitingSync=false
[STORE] ≡ƒÆÄ State Updated. isSyncing=false, awaitingSync=false
[STORE] ≡ƒÆÄ State Updated. isSyncing=false, awaitingSync=false
[STORE] ≡ƒÆÄ State Updated. isSyncing=false, awaitingSync=false
[AUDIO] ≡ƒ¢æ Stop triggered: intent=0 (Instance=0.6149404063254349, Resolvers=0)
[AUDIO] ≡ƒ¢æ Stop triggered: intent=0 (Instance=0.6149404063254349, Resolvers=0)
[STORE] ≡ƒÆÄ State Updated. isSyncing=false, awaitingSync=false
[MessageClient] Adding listener to window
[STORE] ≡ƒÆÄ State Updated. isSyncing=false, awaitingSync=false

[90mstdout[2m | tests/webview/integration_v3.test.ts[2m > [22m[2mRead Aloud Integration v3 (Full Stability & Parity)[2m > [22m[2mSuite 6: Voice Selector & Filtering[2m > [22m[2mT6.2 ΓÇö Voice list filters on search input
[22m[39m[HOST -> WEBVIEW] [VOICES] voices:[{"name":"Microsoft David","lang":"en-US"},{"name":"Microsoft Zira","lang":"en-US"},{"name":"Google Deutsch","lang":"de-DE"}] | neuralVoices:[]
[STORE] ≡ƒÆÄ State Updated. isSyncing=false, awaitingSync=false

[90mstdout[2m | tests/webview/integration_v3.test.ts[2m > [22m[2mRead Aloud Integration v3 (Full Stability & Parity)[2m > [22m[2mSuite 6: Voice Selector & Filtering[2m > [22m[2mT6.3 ΓÇö Clicking a voice item posts VOICE_CHANGED action
[22m[39m[STORE] ≡ƒÆÄ State Updated. isSyncing=false, awaitingSync=false
[STORE] ≡ƒÆÄ State Updated. isSyncing=false, awaitingSync=false
[STORE] ≡ƒÆÄ State Updated. isSyncing=false, awaitingSync=false
[STORE] ≡ƒÆÄ State Updated. isSyncing=false, awaitingSync=false
[AUDIO] ≡ƒ¢æ Stop triggered: intent=0 (Instance=0.19613049953217299, Resolvers=0)
[AUDIO] ≡ƒ¢æ Stop triggered: intent=0 (Instance=0.19613049953217299, Resolvers=0)
[STORE] ≡ƒÆÄ State Updated. isSyncing=false, awaitingSync=false
[MessageClient] Adding listener to window
[STORE] ≡ƒÆÄ State Updated. isSyncing=false, awaitingSync=false

[90mstdout[2m | tests/webview/integration_v3.test.ts[2m > [22m[2mRead Aloud Integration v3 (Full Stability & Parity)[2m > [22m[2mSuite 6: Voice Selector & Filtering[2m > [22m[2mT6.3 ΓÇö Clicking a voice item posts VOICE_CHANGED action
[22m[39m[HOST -> WEBVIEW] [VOICES] voices:[{"name":"Microsoft David","lang":"en-US","id":"david"},{"name":"Microsoft Zira","lang":"en-US","id":"zira"}] | neuralVoices:[]
[STORE] ≡ƒÆÄ State Updated. isSyncing=false, awaitingSync=false

[90mstdout[2m | tests/webview/integration_v3.test.ts[2m > [22m[2mRead Aloud Integration v3 (Full Stability & Parity)[2m > [22m[2mSuite 6: Voice Selector & Filtering[2m > [22m[2mT6.3 ΓÇö Clicking a voice item posts VOICE_CHANGED action
[22m[39m[PlaybackController] selectVoice(david) requested
[STORE] ≡ƒÆÄ State Updated. isSyncing=false, awaitingSync=false

[90mstdout[2m | tests/webview/integration_v3.test.ts[2m > [22m[2mRead Aloud Integration v3 (Full Stability & Parity)[2m > [22m[2mSuite 7: IPC Command Dispatcher[2m > [22m[2mT7.1 ΓÇö UI_SYNC hydrates store with isPlaying=true
[22m[39m[STORE] ≡ƒÆÄ State Updated. isSyncing=false, awaitingSync=false
[STORE] ≡ƒÆÄ State Updated. isSyncing=false, awaitingSync=false
[STORE] ≡ƒÆÄ State Updated. isSyncing=false, awaitingSync=false
[STORE] ≡ƒÆÄ State Updated. isSyncing=false, awaitingSync=false
[AUDIO] ≡ƒ¢æ Stop triggered: intent=0 (Instance=0.03839800832012008, Resolvers=0)
[AUDIO] ≡ƒ¢æ Stop triggered: intent=0 (Instance=0.03839800832012008, Resolvers=0)
[STORE] ≡ƒÆÄ State Updated. isSyncing=false, awaitingSync=false
[MessageClient] Adding listener to window
[STORE] ≡ƒÆÄ State Updated. isSyncing=false, awaitingSync=false

[90mstderr[2m | tests/webview/integration_v3.test.ts[2m > [22m[2mRead Aloud Integration v3 (Full Stability & 
Parity)[2m > [22m[2mSuite 7: IPC Command Dispatcher[2m > [22m[2mT7.1 ΓÇö UI_SYNC hydrates store with 
isPlaying=true
[22m[39m[PlaybackController] ≡ƒº▒ Sync blocked: stale intent 0 < 1

[90mstdout[2m | tests/webview/integration_v3.test.ts[2m > [22m[2mRead Aloud Integration v3 (Full Stability & Parity)[2m > [22m[2mSuite 7: IPC Command Dispatcher[2m > [22m[2mT7.1 ΓÇö UI_SYNC hydrates store with isPlaying=true
[22m[39m[STORE] ≡ƒÆÄ State Updated. isSyncing=false, awaitingSync=false
[STORE] ≡ƒÆÄ State Updated. isSyncing=false, awaitingSync=false
[PlaybackController] ≡ƒñ¥ Webview Hydrated
[STORE] ≡ƒÆÄ State Updated. isSyncing=false, awaitingSync=false

[90mstdout[2m | tests/webview/integration_v3.test.ts[2m > [22m[2mRead Aloud Integration v3 (Full Stability & Parity)[2m > [22m[2mSuite 7: IPC Command Dispatcher[2m > [22m[2mT7.2 ΓÇö STOP command sets isPlaying=false in store
[22m[39m[STORE] ≡ƒÆÄ State Updated. isSyncing=false, awaitingSync=false
[STORE] ≡ƒÆÄ State Updated. isSyncing=false, awaitingSync=false
[STORE] ≡ƒÆÄ State Updated. isSyncing=false, awaitingSync=false
[STORE] ≡ƒÆÄ State Updated. isSyncing=false, awaitingSync=false
[AUDIO] ≡ƒ¢æ Stop triggered: intent=0 (Instance=0.32868109514463484, Resolvers=0)
[AUDIO] ≡ƒ¢æ Stop triggered: intent=0 (Instance=0.32868109514463484, Resolvers=0)
[STORE] ≡ƒÆÄ State Updated. isSyncing=false, awaitingSync=false
[MessageClient] Adding listener to window
[STORE] ≡ƒÆÄ State Updated. isSyncing=false, awaitingSync=false

[90mstdout[2m | tests/webview/integration_v3.test.ts[2m > [22m[2mRead Aloud Integration v3 (Full Stability & Parity)[2m > [22m[2mSuite 7: IPC Command Dispatcher[2m > [22m[2mT7.2 ΓÇö STOP command sets isPlaying=false in store
[22m[39m[STORE] ≡ƒÆÄ State Updated. isSyncing=false, awaitingSync=false
[AUDIO] ≡ƒ¢æ Stop triggered: intent=0 (Instance=0.7519722458596281, Resolvers=0)
[STORE] ≡ƒÆÄ State Updated. isSyncing=false, awaitingSync=false
[AUDIO] ≡ƒ¢æ Stop triggered: intent=0 (Instance=0.7519722458596281, Resolvers=0)
[STORE] ≡ƒÆÄ State Updated. isSyncing=false, awaitingSync=false

[90mstdout[2m | tests/webview/integration_v3.test.ts[2m > [22m[2mRead Aloud Integration v3 (Full Stability & Parity)[2m > [22m[2mSuite 7: IPC Command Dispatcher[2m > [22m[2mT7.3 ΓÇö PURGE_MEMORY command calls audioEngine.purgeMemory()
[22m[39m[STORE] ≡ƒÆÄ State Updated. isSyncing=false, awaitingSync=false
[STORE] ≡ƒÆÄ State Updated. isSyncing=false, awaitingSync=false
[STORE] ≡ƒÆÄ State Updated. isSyncing=false, awaitingSync=false
[STORE] ≡ƒÆÄ State Updated. isSyncing=false, awaitingSync=false
[AUDIO] ≡ƒ¢æ Stop triggered: intent=0 (Instance=0.7519722458596281, Resolvers=0)
[AUDIO] ≡ƒ¢æ Stop triggered: intent=0 (Instance=0.7519722458596281, Resolvers=0)
[STORE] ≡ƒÆÄ State Updated. isSyncing=false, awaitingSync=false
[MessageClient] Adding listener to window
[STORE] ≡ƒÆÄ State Updated. isSyncing=false, awaitingSync=false

[90mstdout[2m | tests/webview/integration_v3.test.ts[2m > [22m[2mRead Aloud Integration v3 (Full Stability & Parity)[2m > [22m[2mSuite 7: IPC Command Dispatcher[2m > [22m[2mT7.4 ΓÇö VOICES command updates availableVoices in store
[22m[39m[STORE] ≡ƒÆÄ State Updated. isSyncing=false, awaitingSync=false
[STORE] ≡ƒÆÄ State Updated. isSyncing=false, awaitingSync=false
[STORE] ≡ƒÆÄ State Updated. isSyncing=false, awaitingSync=false
[STORE] ≡ƒÆÄ State Updated. isSyncing=false, awaitingSync=false
[AUDIO] ≡ƒ¢æ Stop triggered: intent=0 (Instance=0.42816687774824547, Resolvers=0)
[AUDIO] ≡ƒ¢æ Stop triggered: intent=0 (Instance=0.42816687774824547, Resolvers=0)
[STORE] ≡ƒÆÄ State Updated. isSyncing=false, awaitingSync=false
[MessageClient] Adding listener to window
[STORE] ≡ƒÆÄ State Updated. isSyncing=false, awaitingSync=false

[90mstdout[2m | tests/webview/integration_v3.test.ts[2m > [22m[2mRead Aloud Integration v3 (Full Stability & Parity)[2m > [22m[2mSuite 7: IPC Command Dispatcher[2m > [22m[2mT7.4 ΓÇö VOICES command updates availableVoices in store
[22m[39m[HOST -> WEBVIEW] [VOICES] voices:[{"name":"LocalVoice","lang":"en"}] | neuralVoices:[{"name":"NeuralVoice","lang":"en"}] | engineMode:"local"
[STORE] ≡ƒÆÄ State Updated. isSyncing=false, awaitingSync=false

 [32mΓ£ô[39m tests/webview/integration_v3.test.ts[2m > [22mRead Aloud Integration v3 (Full Stability & Parity)[2m > [22mSuite 6: Voice Selector & Filtering[2m > [22mT6.1 ΓÇö Voice list renders all voices on VOICES command[32m 27[2mms[22m[39m
 [32mΓ£ô[39m tests/webview/integration_v3.test.ts[2m > [22mRead Aloud Integration v3 (Full Stability & Parity)[2m > [22mSuite 6: Voice Selector & Filtering[2m > [22mT6.2 ΓÇö Voice list filters on search input[32m 24[2mms[22m[39m
 [32mΓ£ô[39m tests/webview/integration_v3.test.ts[2m > [22mRead Aloud Integration v3 (Full Stability & Parity)[2m > [22mSuite 6: Voice Selector & Filtering[2m > [22mT6.3 ΓÇö Clicking a voice item posts VOICE_CHANGED action[32m 28[2mms[22m[39m
 [32mΓ£ô[39m tests/webview/integration_v3.test.ts[2m > [22mRead Aloud Integration v3 (Full Stability & Parity)[2m > [22mSuite 7: IPC Command Dispatcher[2m > [22mT7.1 ΓÇö UI_SYNC hydrates store with isPlaying=true[32m 16[2mms[22m[39m
 [32mΓ£ô[39m tests/webview/integration_v3.test.ts[2m > [22mRead Aloud Integration v3 (Full Stability & Parity)[2m > [22mSuite 7: IPC Command Dispatcher[2m > [22mT7.2 ΓÇö STOP command sets isPlaying=false in store[32m 9[2mms[22m[39m
 [32mΓ£ô[39m tests/webview/integration_v3.test.ts[2m > [22mRead Aloud Integration v3 (Full Stability & Parity)[2m > [22mSuite 7: IPC Command Dispatcher[2m > [22mT7.3 ΓÇö PURGE_MEMORY command calls audioEngine.purgeMemory()[32m 11[2mms[22m[39m
[90mstdout[2m | tests/webview/integration_v3.test.ts[2m > [22m[2mRead Aloud Integration v3 (Full Stability & Parity)[2m > [22m[2mSuite 7: IPC Command Dispatcher[2m > [22m[2mT7.5 ΓÇö SYNTHESIS_ERROR shows a Toast (does not crash)
[22m[39m[STORE] ≡ƒÆÄ State Updated. isSyncing=false, awaitingSync=false
[STORE] ≡ƒÆÄ State Updated. isSyncing=false, awaitingSync=false
[STORE] ≡ƒÆÄ State Updated. isSyncing=false, awaitingSync=false
[STORE] ≡ƒÆÄ State Updated. isSyncing=false, awaitingSync=false
[AUDIO] ≡ƒ¢æ Stop triggered: intent=0 (Instance=0.7373488707829564, Resolvers=0)
[AUDIO] ≡ƒ¢æ Stop triggered: intent=0 (Instance=0.7373488707829564, Resolvers=0)
[STORE] ≡ƒÆÄ State Updated. isSyncing=false, awaitingSync=false
[MessageClient] Adding listener to window
[STORE] ≡ƒÆÄ State Updated. isSyncing=false, awaitingSync=false

[90mstderr[2m | tests/webview/integration_v3.test.ts[2m > [22m[2mRead Aloud Integration v3 (Full Stability & 
Parity)[2m > [22m[2mSuite 7: IPC Command Dispatcher[2m > [22m[2mT7.5 ΓÇö SYNTHESIS_ERROR shows a Toast (does not 
crash)
[22m[39m[Dispatcher] Γ¢ö Synthesis Error at undefined:undefined: TTS service unavailable

[90mstdout[2m | tests/webview/integration_v3.test.ts[2m > [22m[2mRead Aloud Integration v3 (Full Stability & Parity)[2m > [22m[2mSuite 7: IPC Command Dispatcher[2m > [22m[2mT7.5 ΓÇö SYNTHESIS_ERROR shows a Toast (does not crash)
[22m[39m[HOST -> WEBVIEW] [SYNTHESIS_ERROR] error:"TTS service unavailable" | isFallingBack:true

[90mstderr[2m | tests/webview/integration_v3.test.ts[2m > [22m[2mRead Aloud Integration v3 (Full Stability & 
Parity)[2m > [22m[2mSuite 7: IPC Command Dispatcher[2m > [22m[2mT7.5 ΓÇö SYNTHESIS_ERROR shows a Toast (does not 
crash)
[22m[39m[ToastManager] No container set, ignoring toast: TTS service unavailable

[90mstdout[2m | tests/webview/integration_v3.test.ts[2m > [22m[2mRead Aloud Integration v3 (Full Stability & Parity)[2m > [22m[2mSuite 7: IPC Command Dispatcher[2m > [22m[2mT7.5 ΓÇö SYNTHESIS_ERROR shows a Toast (does not crash)
[22m[39m[STORE] ≡ƒÆÄ State Updated. isSyncing=false, awaitingSync=false

[90mstdout[2m | tests/webview/integration_v3.test.ts[2m > [22m[2mRead Aloud Integration v3 (Full Stability & Parity)[2m > [22m[2mSuite 7: IPC Command Dispatcher[2m > [22m[2mT7.6 ΓÇö PLAYBACK_STATE_CHANGED updates isPlaying and isPaused
[22m[39m[STORE] ≡ƒÆÄ State Updated. isSyncing=false, awaitingSync=false
[STORE] ≡ƒÆÄ State Updated. isSyncing=false, awaitingSync=false
[STORE] ≡ƒÆÄ State Updated. isSyncing=false, awaitingSync=false
[STORE] ≡ƒÆÄ State Updated. isSyncing=false, awaitingSync=false
[AUDIO] ≡ƒ¢æ Stop triggered: intent=0 (Instance=0.4709597232309206, Resolvers=0)
[AUDIO] ≡ƒ¢æ Stop triggered: intent=0 (Instance=0.4709597232309206, Resolvers=0)
[STORE] ≡ƒÆÄ State Updated. isSyncing=false, awaitingSync=false
[MessageClient] Adding listener to window
[STORE] ≡ƒÆÄ State Updated. isSyncing=false, awaitingSync=false

[90mstderr[2m | tests/webview/integration_v3.test.ts[2m > [22m[2mRead Aloud Integration v3 (Full Stability & 
Parity)[2m > [22m[2mSuite 7: IPC Command Dispatcher[2m > [22m[2mT7.6 ΓÇö PLAYBACK_STATE_CHANGED updates 
isPlaying and isPaused
[22m[39m[PlaybackController] ≡ƒº▒ Sync blocked: stale intent 0 < 1

[90mstdout[2m | tests/webview/integration_v3.test.ts[2m > [22m[2mRead Aloud Integration v3 (Full Stability & Parity)[2m > [22m[2mSuite 7: IPC Command Dispatcher[2m > [22m[2mT7.6 ΓÇö PLAYBACK_STATE_CHANGED updates isPlaying and isPaused
[22m[39m[HOST -> WEBVIEW] [PLAYBACK_STATE_CHANGED] isPlaying:false | isPaused:false
[STORE] ≡ƒÆÄ State Updated. isSyncing=false, awaitingSync=false
[STORE] ≡ƒÆÄ State Updated. isSyncing=false, awaitingSync=false
[PlaybackController] ≡ƒñ¥ Webview Hydrated
[STORE] ≡ƒÆÄ State Updated. isSyncing=false, awaitingSync=false

[90mstdout[2m | tests/webview/integration_v3.test.ts[2m > [22m[2mRead Aloud Integration v3 (Full Stability & Parity)[2m > [22m[2mSuite 8: Store Integrity & Default State[2m > [22m[2mT8.1 ΓÇö After hydration, rate defaults to 0 (normalized by updateState)
[22m[39m[STORE] ≡ƒÆÄ State Updated. isSyncing=false, awaitingSync=false
[STORE] ≡ƒÆÄ State Updated. isSyncing=false, awaitingSync=false
[STORE] ≡ƒÆÄ State Updated. isSyncing=false, awaitingSync=false
[STORE] ≡ƒÆÄ State Updated. isSyncing=false, awaitingSync=false
[AUDIO] ≡ƒ¢æ Stop triggered: intent=0 (Instance=0.5469810776795361, Resolvers=0)
[AUDIO] ≡ƒ¢æ Stop triggered: intent=0 (Instance=0.5469810776795361, Resolvers=0)
[STORE] ≡ƒÆÄ State Updated. isSyncing=false, awaitingSync=false
[MessageClient] Adding listener to window
[STORE] ≡ƒÆÄ State Updated. isSyncing=false, awaitingSync=false

[90mstdout[2m | tests/webview/integration_v3.test.ts[2m > [22m[2mRead Aloud Integration v3 (Full Stability & Parity)[2m > [22m[2mSuite 8: Store Integrity & Default State[2m > [22m[2mT8.1 ΓÇö After hydration, rate defaults to 0 (normalized by updateState)
[22m[39m[STORE] ≡ƒÆÄ State Updated. isSyncing=false, awaitingSync=false

[90mstdout[2m | tests/webview/integration_v3.test.ts[2m > [22m[2mRead Aloud Integration v3 (Full Stability & Parity)[2m > [22m[2mSuite 8: Store Integrity & Default State[2m > [22m[2mT8.2 ΓÇö After hydration, volume defaults to 50 (normalized by updateState)
[22m[39m[STORE] ≡ƒÆÄ State Updated. isSyncing=false, awaitingSync=false
[MessageClient] Adding listener to window
[STORE] ≡ƒÆÄ State Updated. isSyncing=false, awaitingSync=false

[90mstdout[2m | tests/webview/integration_v3.test.ts[2m > [22m[2mRead Aloud Integration v3 (Full Stability & Parity)[2m > [22m[2mSuite 8: Store Integrity & Default State[2m > [22m[2mT8.2 ΓÇö After hydration, volume defaults to 50 (normalized by updateState)
[22m[39m[STORE] ≡ƒÆÄ State Updated. isSyncing=false, awaitingSync=false

[90mstdout[2m | tests/webview/integration_v3.test.ts[2m > [22m[2mRead Aloud Integration v3 (Full Stability & Parity)[2m > [22m[2mSuite 8: Store Integrity & Default State[2m > [22m[2mT8.3 ΓÇö After hydration, isPlaying is false
[22m[39m[STORE] ≡ƒÆÄ State Updated. isSyncing=false, awaitingSync=false
[MessageClient] Adding listener to window
[STORE] ≡ƒÆÄ State Updated. isSyncing=false, awaitingSync=false

[90mstdout[2m | tests/webview/integration_v3.test.ts[2m > [22m[2mRead Aloud Integration v3 (Full Stability & Parity)[2m > [22m[2mSuite 8: Store Integrity & Default State[2m > [22m[2mT8.3 ΓÇö After hydration, isPlaying is false
[22m[39m[STORE] ≡ƒÆÄ State Updated. isSyncing=false, awaitingSync=false

[90mstdout[2m | tests/webview/integration_v3.test.ts[2m > [22m[2mRead Aloud Integration v3 (Full Stability & Parity)[2m > [22m[2mSuite 8: Store Integrity & Default State[2m > [22m[2mT8.4 ΓÇö After hydration, autoPlayMode is auto
[22m[39m[STORE] ≡ƒÆÄ State Updated. isSyncing=false, awaitingSync=false
[MessageClient] Adding listener to window
[STORE] ≡ƒÆÄ State Updated. isSyncing=false, awaitingSync=false

[90mstdout[2m | tests/webview/integration_v3.test.ts[2m > [22m[2mRead Aloud Integration v3 (Full Stability & Parity)[2m > [22m[2mSuite 8: Store Integrity & Default State[2m > [22m[2mT8.4 ΓÇö After hydration, autoPlayMode is auto
[22m[39m[STORE] ≡ƒÆÄ State Updated. isSyncing=false, awaitingSync=false

[90mstdout[2m | tests/webview/integration_v3.test.ts[2m > [22m[2mRead Aloud Integration v3 (Full Stability & Parity)[2m > [22m[2mSuite 8: Store Integrity & Default State[2m > [22m[2mT8.5 ΓÇö patchState merges without clobbering other fields
[22m[39m[STORE] ≡ƒÆÄ State Updated. isSyncing=false, awaitingSync=false
[MessageClient] Adding listener to window
[STORE] ≡ƒÆÄ State Updated. isSyncing=false, awaitingSync=false

[90mstdout[2m | tests/webview/integration_v3.test.ts[2m > [22m[2mRead Aloud Integration v3 (Full Stability & Parity)[2m > [22m[2mSuite 8: Store Integrity & Default State[2m > [22m[2mT8.5 ΓÇö patchState merges without clobbering other fields
[22m[39m[STORE] ≡ƒÆÄ State Updated. isSyncing=false, awaitingSync=false

[90mstdout[2m | tests/webview/integration_v3.test.ts[2m > [22m[2mRead Aloud Integration v3 (Full Stability & Parity)[2m > [22m[2mSuite 8: Store Integrity & Default State[2m > [22m[2mT8.5 ΓÇö patchState merges without clobbering other fields
[22m[39m[STORE] ≡ƒÆÄ State Updated. isSyncing=false, awaitingSync=false
[STORE] ≡ƒÆÄ State Updated. isSyncing=false, awaitingSync=false

[90mstdout[2m | tests/webview/integration_v3.test.ts[2m > [22m[2mRead Aloud Integration v3 (Full Stability & Parity)[2m > [22m[2mSuite 8: Store Integrity & Default State[2m > [22m[2mT8.6 ΓÇö subscribe callback fires on relevant slice change
[22m[39m[STORE] ≡ƒÆÄ State Updated. isSyncing=false, awaitingSync=false
[MessageClient] Adding listener to window
[STORE] ≡ƒÆÄ State Updated. isSyncing=false, awaitingSync=false

[90mstdout[2m | tests/webview/integration_v3.test.ts[2m > [22m[2mRead Aloud Integration v3 (Full Stability & Parity)[2m > [22m[2mSuite 8: Store Integrity & Default State[2m > [22m[2mT8.6 ΓÇö subscribe callback fires on relevant slice change
[22m[39m[STORE] ≡ƒÆÄ State Updated. isSyncing=false, awaitingSync=false

[90mstdout[2m | tests/webview/integration_v3.test.ts[2m > [22m[2mRead Aloud Integration v3 (Full Stability & Parity)[2m > [22m[2mSuite 8: Store Integrity & Default State[2m > [22m[2mT8.6 ΓÇö subscribe callback fires on relevant slice change
[22m[39m[STORE] ≡ƒÆÄ State Updated. isSyncing=false, awaitingSync=false

[90mstdout[2m | tests/webview/integration_v3.test.ts[2m > [22m[2mRead Aloud Integration v3 (Full Stability & Parity)[2m > [22m[2mSuite 8: Store Integrity & Default State[2m > [22m[2mT8.7 ΓÇö subscribe callback does NOT fire when unrelated slice changes
[22m[39m[STORE] ≡ƒÆÄ State Updated. isSyncing=false, awaitingSync=false
[MessageClient] Adding listener to window
[STORE] ≡ƒÆÄ State Updated. isSyncing=false, awaitingSync=false

[90mstdout[2m | tests/webview/integration_v3.test.ts[2m > [22m[2mRead Aloud Integration v3 (Full Stability & Parity)[2m > [22m[2mSuite 8: Store Integrity & Default State[2m > [22m[2mT8.7 ΓÇö subscribe callback does NOT fire when unrelated slice changes
[22m[39m[STORE] ≡ƒÆÄ State Updated. isSyncing=false, awaitingSync=false

[90mstdout[2m | tests/webview/integration_v3.test.ts[2m > [22m[2mRead Aloud Integration v3 (Full Stability & Parity)[2m > [22m[2mSuite 8: Store Integrity & Default State[2m > [22m[2mT8.7 ΓÇö subscribe callback does NOT fire when unrelated slice changes
[22m[39m[STORE] ≡ƒÆÄ State Updated. isSyncing=false, awaitingSync=false

[90mstdout[2m | tests/webview/integration_v3.test.ts[2m > [22m[2mRead Aloud Integration v3 (Full Stability & Parity)[2m > [22m[2mSnippet Mode Integration (#2 Regression Guard)[2m > [22m[2mshould enable Snippet Mode, discover history, and navigate to a specific snippet
[22m[39m[STORE] ≡ƒÆÄ State Updated. isSyncing=false, awaitingSync=false
[MessageClient] Adding listener to window
[STORE] ≡ƒÆÄ State Updated. isSyncing=false, awaitingSync=false

 [32mΓ£ô[39m tests/webview/integration_v3.test.ts[2m > [22mRead Aloud Integration v3 (Full Stability & Parity)[2m > [22mSuite 7: IPC Command Dispatcher[2m > [22mT7.4 ΓÇö VOICES command updates availableVoices in store[32m 13[2mms[22m[39m
 [32mΓ£ô[39m tests/webview/integration_v3.test.ts[2m > [22mRead Aloud Integration v3 (Full Stability & Parity)[2m > [22mSuite 7: IPC Command Dispatcher[2m > [22mT7.5 ΓÇö SYNTHESIS_ERROR shows a Toast (does not crash)[32m 18[2mms[22m[39m
 [32mΓ£ô[39m tests/webview/integration_v3.test.ts[2m > [22mRead Aloud Integration v3 (Full Stability & Parity)[2m > [22mSuite 7: IPC Command Dispatcher[2m > [22mT7.6 ΓÇö PLAYBACK_STATE_CHANGED updates isPlaying and isPaused[32m 7[2mms[22m[39m
 [32mΓ£ô[39m tests/webview/integration_v3.test.ts[2m > [22mRead Aloud Integration v3 (Full Stability & Parity)[2m > [22mSuite 8: Store Integrity & Default State[2m > [22mT8.1 ΓÇö After hydration, rate defaults to 0 (normalized by updateState)[32m 8[2mms[22m[39m
 [32mΓ£ô[39m tests/webview/integration_v3.test.ts[2m > [22mRead Aloud Integration v3 (Full Stability & Parity)[2m > [22mSuite 8: Store Integrity & Default State[2m > [22mT8.2 ΓÇö After hydration, volume defaults to 50 (normalized by updateState)[32m 6[2mms[22m[39m
 [32mΓ£ô[39m tests/webview/integration_v3.test.ts[2m > [22mRead Aloud Integration v3 (Full Stability & Parity)[2m > [22mSuite 8: Store Integrity & Default State[2m > [22mT8.3 ΓÇö After hydration, isPlaying is false[32m 15[2mms[22m[39m
 [32mΓ£ô[39m tests/webview/integration_v3.test.ts[2m > [22mRead Aloud Integration v3 (Full Stability & Parity)[2m > [22mSuite 8: Store Integrity & Default State[2m > [22mT8.4 ΓÇö After hydration, autoPlayMode is auto[32m 8[2mms[22m[39m
 [32mΓ£ô[39m tests/webview/integration_v3.test.ts[2m > [22mRead Aloud Integration v3 (Full Stability & Parity)[2m > [22mSuite 8: Store Integrity & Default State[2m > [22mT8.5 ΓÇö patchState merges without clobbering other fields[32m 11[2mms[22m[39m
 [32mΓ£ô[39m tests/webview/integration_v3.test.ts[2m > [22mRead Aloud Integration v3 (Full Stability & Parity)[2m > [22mSuite 8: Store Integrity & Default State[2m > [22mT8.6 ΓÇö subscribe callback fires on relevant slice change[32m 17[2mms[22m[39m
 [32mΓ£ô[39m tests/webview/integration_v3.test.ts[2m > [22mRead Aloud Integration v3 (Full Stability & Parity)[2m > [22mSuite 8: Store Integrity & Default State[2m > [22mT8.7 ΓÇö subscribe callback does NOT fire when unrelated slice changes[32m 8[2mms[22m[39m
[90mstderr[2m | tests/webview/integration_v3.test.ts[2m > [22m[2mRead Aloud Integration v3 (Full Stability & 
Parity)[2m > [22m[2mSnippet Mode Integration (#2 Regression Guard)[2m > [22m[2mshould enable Snippet Mode, 
discover history, and navigate to a specific snippet
[22m[39m[PlaybackController] ≡ƒº▒ Sync blocked: stale intent 0 < 1

[90mstdout[2m | tests/webview/integration_v3.test.ts[2m > [22m[2mRead Aloud Integration v3 (Full Stability & Parity)[2m > [22m[2mSnippet Mode Integration (#2 Regression Guard)[2m > [22m[2mshould enable Snippet Mode, discover history, and navigate to a specific snippet
[22m[39m[PlaybackController] ≡ƒöä Switching mode to: SNIPPET
[STORE] ≡ƒÆÄ State Updated. isSyncing=false, awaitingSync=false
[STORE] ≡ƒÆÄ State Updated. isSyncing=false, awaitingSync=false
[STORE] ≡ƒÆÄ State Updated. isSyncing=false, awaitingSync=false
[PlaybackController] ≡ƒñ¥ Webview Hydrated
[STORE] ≡ƒÆÄ State Updated. isSyncing=false, awaitingSync=false
[STORE] ≡ƒÆÄ State Updated. isSyncing=false, awaitingSync=false
[PlaybackController] loadSnippet(c:/Fragment_A.md) requested
[STORE] ≡ƒÆÄ State Updated. isSyncing=false, awaitingSync=true

 [32mΓ£ô[39m tests/webview/integration_v3.test.ts[2m > [22mRead Aloud Integration v3 (Full Stability & Parity)[2m > [22mSnippet Mode Integration (#2 Regression Guard)[2m > [22mshould enable Snippet Mode, discover history, and navigate to a specific snippet[32m 98[2mms[22m[39m
[90mstdout[2m | tests/webview/integration_v3.test.ts
[22m[39m[CacheManager] ≡ƒÜÇ Database initialized (v3)

[90mstdout[2m | tests/webview/integration_v3.test.ts
[22m[39m[CacheManager] ≡ƒº╣ Starting GC sweep...

[90mstdout[2m | tests/webview/integration_v3.test.ts
[22m[39m[CacheManager] ≡ƒôí Syncing Full Manifest (0 keys)

[90mstdout[2m | tests/webview/integration_v3.test.ts
[22m[39m[PlaybackController] Cache miss for default_0.00_532fc42e_1505. Requesting synthesis...
[ACTION] REQUEST_SYNTHESIS | {"cacheKey":"default_0.00_532fc42e_1505","intentId":2,"batchId":0}

[90mstdout[2m | tests/webview/integration_v3.test.ts
[22m[39m[PlaybackController] Cache miss for default_0.00_532fc42e_1505. Requesting synthesis...
[ACTION] REQUEST_SYNTHESIS | {"cacheKey":"default_0.00_532fc42e_1505","intentId":2,"batchId":0}

 [32mΓ£ô[39m tests/webview/control_system_audit.test.ts[2m > [22mControl System Audit (Reproduction)[2m > [22mCORRUPTION REPRO: PLAYBACK_STATE_CHANGED with partial data should NOT wipe the store state[32m 35[2mms[22m[39m
 [32mΓ£ô[39m tests/webview/control_system_audit.test.ts[2m > [22mControl System Audit (Reproduction)[2m > [22mAutoplay cycle should transition correctly: auto -> chapter -> row[32m 31[2mms[22m[39m
 [32mΓ£ô[39m tests/webview/control_system_audit.test.ts[2m > [22mControl System Audit (Reproduction)[2m > [22mZOMBIE FIX: playFromCache should NOT trigger the Zombie Guard[33m 3027[2mms[22m[39m
[90mstdout[2m | tests/webview/control_system_audit.test.ts[2m > [22m[2mControl System Audit (Reproduction)[2m > [22m[2mIPC REPRO: VOICES command updates store
[22m[39m[STORE] ≡ƒÆÄ State Updated. isSyncing=false, awaitingSync=false
[STORE] ≡ƒÆÄ State Updated. isSyncing=false, awaitingSync=false
[AUDIO] ≡ƒ¢æ Stop triggered: intent=100 (Instance=0.30844881660558476, Resolvers=0)
[AUDIO] ≡ƒ¢æ Stop triggered: intent=0 (Instance=0.30844881660558476, Resolvers=0)

[90mstderr[2m | tests/webview/control_system_audit.test.ts[2m > [22m[2mControl System Audit (Reproduction)[2m > 
[22m[2mIPC REPRO: VOICES command updates store
[22m[39m[PlaybackController] ≡ƒº▒ Sync blocked: stale intent 0 < 1

[90mstdout[2m | tests/webview/control_system_audit.test.ts[2m > [22m[2mControl System Audit (Reproduction)[2m > [22m[2mIPC REPRO: VOICES command updates store
[22m[39m[MessageClient] Adding listener to window
[STORE] ≡ƒÆÄ State Updated. isSyncing=false, awaitingSync=false

[90mstdout[2m | tests/webview/control_system_audit.test.ts[2m > [22m[2mControl System Audit (Reproduction)[2m > [22m[2mIPC REPRO: VOICES command updates store
[22m[39m[HOST -> WEBVIEW] [VOICES] neuralVoices:[{"name":"Voice A","id":"a"}]
[STORE] ≡ƒÆÄ State Updated. isSyncing=false, awaitingSync=false

[90mstdout[2m | tests/webview/control_system_audit.test.ts[2m > [22m[2mControl System Audit (Reproduction)[2m > [22m[2mIPC FIX: CACHE_STATS command updates store correctly
[22m[39m[STORE] ≡ƒÆÄ State Updated. isSyncing=false, awaitingSync=false
[STORE] ≡ƒÆÄ State Updated. isSyncing=false, awaitingSync=false
[AUDIO] ≡ƒ¢æ Stop triggered: intent=0 (Instance=0.8652078156172748, Resolvers=0)
[AUDIO] ≡ƒ¢æ Stop triggered: intent=0 (Instance=0.8652078156172748, Resolvers=0)

[90mstderr[2m | tests/webview/control_system_audit.test.ts[2m > [22m[2mControl System Audit (Reproduction)[2m > 
[22m[2mIPC FIX: CACHE_STATS command updates store correctly
[22m[39m[PlaybackController] ≡ƒº▒ Sync blocked: stale intent 0 < 1

[90mstdout[2m | tests/webview/control_system_audit.test.ts[2m > [22m[2mControl System Audit (Reproduction)[2m > [22m[2mIPC FIX: CACHE_STATS command updates store correctly
[22m[39m[MessageClient] Adding listener to window
[STORE] ≡ƒÆÄ State Updated. isSyncing=false, awaitingSync=false

[90mstderr[2m | tests/webview/control_system_audit.test.ts[2m > [22m[2mControl System Audit (Reproduction)[2m > 
[22m[2mIPC FIX: CACHE_STATS command updates store correctly
[22m[39m[PlaybackController] ≡ƒº▒ Sync blocked: stale intent 0 < 1

[90mstdout[2m | tests/webview/control_system_audit.test.ts[2m > [22m[2mControl System Audit (Reproduction)[2m > [22m[2mIPC FIX: CACHE_STATS command updates store correctly
[22m[39m[STORE] ≡ƒÆÄ State Updated. isSyncing=false, awaitingSync=false
[STORE] ≡ƒÆÄ State Updated. isSyncing=false, awaitingSync=false

[90mstdout[2m | tests/webview/control_system_audit.test.ts[2m > [22m[2mControl System Audit (Reproduction)[2m > [22m[2mREPRO: Clicking STOP should stop the local audio engine immediately
[22m[39m[STORE] ≡ƒÆÄ State Updated. isSyncing=false, awaitingSync=false
[STORE] ≡ƒÆÄ State Updated. isSyncing=false, awaitingSync=false
[AUDIO] ≡ƒ¢æ Stop triggered: intent=0 (Instance=0.08733206124610648, Resolvers=0)
[AUDIO] ≡ƒ¢æ Stop triggered: intent=0 (Instance=0.08733206124610648, Resolvers=0)

[90mstderr[2m | tests/webview/control_system_audit.test.ts[2m > [22m[2mControl System Audit (Reproduction)[2m > 
[22m[2mREPRO: Clicking STOP should stop the local audio engine immediately
[22m[39m[PlaybackController] ≡ƒº▒ Sync blocked: stale intent 0 < 1

[90mstdout[2m | tests/webview/control_system_audit.test.ts[2m > [22m[2mControl System Audit (Reproduction)[2m > [22m[2mREPRO: Clicking STOP should stop the local audio engine immediately
[22m[39m[MessageClient] Adding listener to window
[STORE] ≡ƒÆÄ State Updated. isSyncing=false, awaitingSync=false

[90mstdout[2m | tests/webview/control_system_audit.test.ts[2m > [22m[2mControl System Audit (Reproduction)[2m > [22m[2mREPRO: Clicking STOP should stop the local audio engine immediately
[22m[39m[PlaybackController] ΓÅ╣∩╕Å USER STOP requested
[STORE] ≡ƒÆÄ State Updated. isSyncing=false, awaitingSync=false
[STORE] ≡ƒÆÄ State Updated. isSyncing=false, awaitingSync=true
[AUDIO] ≡ƒ¢æ Stop triggered: intent=0 (Instance=0.8713950345203291, Resolvers=0)
[ACTION] stop | {"intentId":2}
[AUDIO] ≡ƒöô Primed

[90mstdout[2m | tests/webview/control_system_audit.test.ts[2m > [22m[2mControl System Audit (Reproduction)[2m > [22m[2mPULL FIX: Cache Miss in Webview should trigger FETCH_AUDIO handshake (NOT immediate synthesis)
[22m[39m[STORE] ≡ƒÆÄ State Updated. isSyncing=false, awaitingSync=false
[STORE] ≡ƒÆÄ State Updated. isSyncing=false, awaitingSync=false
[AUDIO] ≡ƒ¢æ Stop triggered: intent=0 (Instance=0.8713950345203291, Resolvers=0)
[AUDIO] ≡ƒ¢æ Stop triggered: intent=0 (Instance=0.8713950345203291, Resolvers=0)

[90mstderr[2m | tests/webview/control_system_audit.test.ts[2m > [22m[2mControl System Audit (Reproduction)[2m > 
[22m[2mPULL FIX: Cache Miss in Webview should trigger FETCH_AUDIO handshake (NOT immediate synthesis)
[22m[39m[PlaybackController] ≡ƒº▒ Sync blocked: stale intent 0 < 1

[90mstdout[2m | tests/webview/control_system_audit.test.ts[2m > [22m[2mControl System Audit (Reproduction)[2m > [22m[2mPULL FIX: Cache Miss in Webview should trigger FETCH_AUDIO handshake (NOT immediate synthesis)
[22m[39m[MessageClient] Adding listener to window
[STORE] ≡ƒÆÄ State Updated. isSyncing=false, awaitingSync=false

[90mstdout[2m | tests/webview/control_system_audit.test.ts[2m > [22m[2mControl System Audit (Reproduction)[2m > [22m[2mPULL FIX: Cache Miss in Webview should trigger FETCH_AUDIO handshake (NOT immediate synthesis)
[22m[39m[AUDIO] ≡ƒöô Primed

[90mstdout[2m | tests/webview/control_system_audit.test.ts[2m > [22m[2mControl System Audit (Reproduction)[2m > [22m[2mPULL FIX: Cache Miss in Webview should trigger FETCH_AUDIO handshake (NOT immediate synthesis)
[22m[39m[HOST -> WEBVIEW] [PLAY_AUDIO] cacheKey:"missing-key"

[90mstderr[2m | tests/webview/control_system_audit.test.ts[2m > [22m[2mControl System Audit (Reproduction)[2m > 
[22m[2mPULL FIX: Cache Miss in Webview should trigger FETCH_AUDIO handshake (NOT immediate synthesis)
[22m[39m[PlaybackController] ≡ƒº▒ Sync blocked: stale intent 0 < 1

[90mstdout[2m | tests/webview/control_system_audit.test.ts[2m > [22m[2mControl System Audit (Reproduction)[2m > [22m[2mPULL FIX: Cache Miss in Webview should trigger FETCH_AUDIO handshake (NOT immediate synthesis)
[22m[39m[Dispatcher] ≡ƒº⌐ Hint Cache Miss for missing-key. Requesting Pull (FETCH_AUDIO)...
[ACTION] FETCH_AUDIO | {"cacheKey":"missing-key"}

 [32mΓ£ô[39m tests/webview/control_system_audit.test.ts[2m > [22mControl System Audit (Reproduction)[2m > [22mIPC REPRO: VOICES command updates store[32m 21[2mms[22m[39m
 [32mΓ£ô[39m tests/webview/control_system_audit.test.ts[2m > [22mControl System Audit (Reproduction)[2m > [22mIPC FIX: CACHE_STATS command updates store correctly[32m 18[2mms[22m[39m
 [32mΓ£ô[39m tests/webview/control_system_audit.test.ts[2m > [22mControl System Audit (Reproduction)[2m > [22mREPRO: Clicking STOP should stop the local audio engine immediately[32m 23[2mms[22m[39m
 [32mΓ£ô[39m tests/webview/control_system_audit.test.ts[2m > [22mControl System Audit (Reproduction)[2m > [22mPULL FIX: Cache Miss in Webview should trigger FETCH_AUDIO handshake (NOT immediate synthesis)[32m 28[2mms[22m[39m
 [31m├ù[39m tests/webview/core/RaceCondition.test.ts[2m > [22mResilience: RaceCondition (v2.3.1 - Mutex Guard)[2m > [22mSHOULD honor the STOP intent even if audio arrives[33m 3040[2mms[22m[39m
[31m   ΓåÆ expected "vi.fn()" to not be called at all, but actually been called 1 times[90m

Received:

[1m  1st vi.fn() call:

[22m    Array []
[31m[90m

Number of calls: [1m1[22m
[31m[39m
[90mstderr[2m | tests/webview/UnifiedPlaybackMutex.test.ts[2m > [22m[2mUnifiedPlaybackMutex (E2E Integration - 
v2.3.2)[2m > [22m[2mSHOULD recover and allow subsequent playback if a previous one fails
[22m[39m[AUDIO] ΓÜá∩╕Å Mutex Safety Timeout (intent=100, waiting for=null, Instance=0.9349395809208194)

[90mstdout[2m | tests/webview/UnifiedPlaybackMutex.test.ts[2m > [22m[2mUnifiedPlaybackMutex (E2E Integration - v2.3.2)[2m > [22m[2mZOMBIE FIX: playback aborted during play() should not hang the mutex
[22m[39m[AUDIO] ≡ƒ¢æ Stop triggered: intent=301 (Instance=0.36040570749333245, Resolvers=0)
[AUDIO] ≡ƒ¢æ Stop triggered: intent=0 (Instance=0.36040570749333245, Resolvers=0)
[STORE] ≡ƒÆÄ State Updated. isSyncing=false, awaitingSync=false

[90mstdout[2m | tests/webview/UnifiedPlaybackMutex.test.ts[2m > [22m[2mUnifiedPlaybackMutex (E2E Integration - v2.3.2)[2m > [22m[2mZOMBIE FIX: playback aborted during play() should not hang the mutex
[22m[39m[AUDIO] ≡ƒöÆ AcquireLock Start: intent=1, active=0
[AUDIO] ≡ƒöÑ Sovereign Preemption: 1 > 0 (Instance=0.38904461814434976)
[AUDIO] ≡ƒ¢æ Stop triggered: intent=0 (Instance=0.38904461814434976, Resolvers=0)
[AUDIO] ΓÅ│ Waiting for Mutex: intent=1 (Currently held by: null, Instance=0.38904461814434976)

[90mstdout[2m | tests/webview/UnifiedPlaybackMutex.test.ts[2m > [22m[2mUnifiedPlaybackMutex (E2E Integration - v2.3.2)[2m > [22m[2mZOMBIE FIX: playback aborted during play() should not hang the mutex
[22m[39m[AUDIO] Γ£à Mutex Acquired: intent=1 (Instance=0.38904461814434976)

[90mstdout[2m | tests/webview/UnifiedPlaybackMutex.test.ts[2m > [22m[2mUnifiedPlaybackMutex (E2E Integration - v2.3.2)[2m > [22m[2mZOMBIE FIX: playback aborted during play() should not hang the mutex
[22m[39m[AUDIO] ≡ƒöÆ AcquireLock Start: intent=2, active=1
[AUDIO] ≡ƒöÑ Sovereign Preemption: 2 > 1 (Instance=0.38904461814434976)
[AUDIO] ≡ƒ¢æ Stop triggered: intent=1 (Instance=0.38904461814434976, Resolvers=1)
[AUDIO] ΓÅ│ Waiting for Mutex: intent=2 (Currently held by: null, Instance=0.38904461814434976)
[AUDIO] ≡ƒ¢æ Stop triggered: intent=2 (Instance=0.38904461814434976, Resolvers=1)

[90mstderr[2m | tests/webview/UnifiedPlaybackMutex.test.ts[2m > [22m[2mUnifiedPlaybackMutex (E2E Integration - 
v2.3.2)[2m > [22m[2mZOMBIE FIX: playback aborted during play() should not hang the mutex
[22m[39m[AUDIO] ≡ƒöÆ Lock Failed: Aborted (intent=2)

 [32mΓ£ô[39m tests/webview/UnifiedPlaybackMutex.test.ts[2m > [22mUnifiedPlaybackMutex (E2E Integration - v2.3.2)[2m > [22mSHOULD recover and allow subsequent playback if a previous one fails[33m 3042[2mms[22m[39m
 [32mΓ£ô[39m tests/webview/UnifiedPlaybackMutex.test.ts[2m > [22mUnifiedPlaybackMutex (E2E Integration - v2.3.2)[2m > [22mZOMBIE FIX: playback aborted during play() should not hang the mutex[32m 85[2mms[22m[39m
[90mstdout[2m | tests/webview/index.test.ts
[22m[39m[ReadAloud] ≡ƒº¬ Test Environment Detected: Skipping auto-bootstrap.

[90mstdout[2m | tests/webview/components/SettingsDrawer.test.ts[2m > [22m[2mSettingsDrawer[2m > [22m[2mshould update volume label when slider changes (oninput)
[22m[39m[MessageClient] Adding listener to window
[MessageClient] Adding listener to window
[STORE] ≡ƒÆÄ State Updated. isSyncing=false, awaitingSync=false

[90mstderr[2m | tests/webview/components/SettingsDrawer.test.ts[2m > [22m[2mSettingsDrawer[2m > [22m[2mshould 
update volume label when slider changes (oninput)
[22m[39m[MessageClient] acquireVsCodeApi is not available. Are you in a VS Code webview?
[MessageClient] acquireVsCodeApi is not available. Are you in a VS Code webview?

[90mstdout[2m | tests/webview/index.test.ts[2m > [22m[2mWebview Bootstrap: Debug Mode (TDD)[2m > [22m[2mSHOULD show debug-mode-tag if config.debugMode is true
[22m[39m[ReadAloud] ≡ƒÜÇ Initializing High-Integrity Webview Engine...
[MessageClient] Adding listener to window
[MessageClient] ≡ƒöù CacheManager attached to IPC bridge.
[WebviewStore] State Sync -> isPlaying: false
[BOOT] Infrastructure OK
[BOOT] navigator initialized.
[BOOT] controls initialized.
[BOOT] settings initialized.
[BOOT] fileContext initialized.
[BOOT] snippetLookup initialized.
[BOOT] voiceSelector initialized.
[BOOT] Mapping Elements...
[INTERACTION] Global listeners mounted.
[Dispatcher] ≡ƒ¢░∩╕Å Mounting IPC Bridge...
[ReadAloud] Γ£à Webview Handshake Complete (118.0ms).
[ACTION] ready | ""

[90mstderr[2m | tests/webview/index.test.ts[2m > [22m[2mWebview Bootstrap: Debug Mode (TDD)[2m > [22m[2mSHOULD 
show debug-mode-tag if config.debugMode is true
[22m[39m[BOOT] SKIPPING chapterList: Element not found.
[Component] Missing expected element for FileContext: btnModeFile
[Component] Missing expected element for FileContext: btnModeSnippet

 [32mΓ£ô[39m tests/webview/index.test.ts[2m > [22mWebview Bootstrap: Debug Mode (TDD)[2m > [22mSHOULD show debug-mode-tag if config.debugMode is true[32m 223[2mms[22m[39m
[90mstdout[2m | tests/webview/CacheManager.gc.test.ts[2m > [22m[2mCacheManager GC (Lifecycle Management)[2m > [22m[2mshould prune entries older than 7 days (TTL)
[22m[39m[CacheManager] ≡ƒÜÇ Database initialized (v3)

[90mstdout[2m | tests/webview/CacheManager.gc.test.ts[2m > [22m[2mCacheManager GC (Lifecycle Management)[2m > [22m[2mshould prune entries older than 7 days (TTL)
[22m[39m[CacheManager] ≡ƒº╣ Starting GC sweep...

[90mstdout[2m | tests/webview/components/SettingsDrawer.test.ts[2m > [22m[2mSettingsDrawer[2m > [22m[2mshould update volume label when slider changes (oninput)
[22m[39m[STORE] ≡ƒÆÄ State Updated. isSyncing=false, awaitingSync=false
[STORE] ≡ƒÆÄ State Updated. isSyncing=false, awaitingSync=false

[90mstdout[2m | tests/webview/CacheManager.gc.test.ts[2m > [22m[2mCacheManager GC (Lifecycle Management)[2m > [22m[2mshould prune entries older than 7 days (TTL)
[22m[39m[CacheManager] ≡ƒôí Syncing Full Manifest (0 keys)

[90mstdout[2m | tests/webview/index.test.ts[2m > [22m[2mWebview Bootstrap: Debug Mode (TDD)[2m > [22m[2mSHOULD NOT show debug-mode-tag if config.debugMode is false
[22m[39m[STORE] ≡ƒÆÄ State Updated. isSyncing=false, awaitingSync=false
[STORE] ≡ƒÆÄ State Updated. isSyncing=false, awaitingSync=false
[AUDIO] ≡ƒ¢æ Stop triggered: intent=0 (Instance=0.16966786926460753, Resolvers=0)
[AUDIO] ≡ƒ¢æ Stop triggered: intent=0 (Instance=0.16966786926460753, Resolvers=0)

[90mstdout[2m | tests/webview/CacheManager.gc.test.ts[2m > [22m[2mCacheManager GC (Lifecycle Management)[2m > [22m[2mshould prune entries older than 7 days (TTL)
[22m[39m[CacheManager] ≡ƒºá Tier-1 Memory Hit: item-old

[90mstdout[2m | tests/webview/CacheManager.gc.test.ts[2m > [22m[2mCacheManager GC (Lifecycle Management)[2m > [22m[2mshould prune entries older than 7 days (TTL)
[22m[39m[CacheManager] ≡ƒºá Tier-1 Memory Hit: item-new

[90mstdout[2m | tests/webview/CacheManager.gc.test.ts[2m > [22m[2mCacheManager GC (Lifecycle Management)[2m > [22m[2mshould prune entries older than 7 days (TTL)
[22m[39m[CacheManager] ≡ƒº╣ Starting GC sweep...

[90mstdout[2m | tests/webview/CacheManager.gc.test.ts[2m > [22m[2mCacheManager GC (Lifecycle Management)[2m > [22m[2mshould prune entries older than 7 days (TTL)
[22m[39m[CacheManager] ≡ƒöì GC Scan: item-new | Size: 0KB | TS: 1712570000000

[90mstdout[2m | tests/webview/CacheManager.gc.test.ts[2m > [22m[2mCacheManager GC (Lifecycle Management)[2m > [22m[2mshould prune entries older than 7 days (TTL)
[22m[39m[CacheManager] ≡ƒöì GC Scan: item-old | Size: 0KB | TS: 1711878800000
[CacheManager] ≡ƒùæ∩╕Å GC: TTL Expired: item-old

[90mstdout[2m | tests/webview/CacheManager.gc.test.ts[2m > [22m[2mCacheManager GC (Lifecycle Management)[2m > [22m[2mshould prune entries older than 7 days (TTL)
[22m[39m[CacheManager] ≡ƒºá Tier-1 Memory Hit: item-new

[90mstdout[2m | tests/webview/CacheManager.gc.test.ts[2m > [22m[2mCacheManager GC (Lifecycle Management)[2m > [22m[2mshould prune oldest entries when exceeding 100MB (Size Cap)
[22m[39m[CacheManager] ≡ƒÜÇ Database initialized (v3)

[90mstdout[2m | tests/webview/CacheManager.gc.test.ts[2m > [22m[2mCacheManager GC (Lifecycle Management)[2m > [22m[2mshould prune oldest entries when exceeding 100MB (Size Cap)
[22m[39m[CacheManager] ≡ƒº╣ Starting GC sweep...

[90mstdout[2m | tests/webview/components/SettingsDrawer.test.ts[2m > [22m[2mSettingsDrawer[2m > [22m[2mshould update rate label with correct scale when slider changes (oninput)
[22m[39m[STORE] ≡ƒÆÄ State Updated. isSyncing=false, awaitingSync=false
[STORE] ≡ƒÆÄ State Updated. isSyncing=false, awaitingSync=false
[AUDIO] ≡ƒ¢æ Stop triggered: intent=0 (Instance=0.37040677003892397, Resolvers=0)
[AUDIO] ≡ƒ¢æ Stop triggered: intent=0 (Instance=0.37040677003892397, Resolvers=0)
[MessageClient] Adding listener to window
[MessageClient] Adding listener to window
[STORE] ≡ƒÆÄ State Updated. isSyncing=false, awaitingSync=false

[90mstderr[2m | tests/webview/components/SettingsDrawer.test.ts[2m > [22m[2mSettingsDrawer[2m > [22m[2mshould 
update rate label with correct scale when slider changes (oninput)
[22m[39m[MessageClient] acquireVsCodeApi is not available. Are you in a VS Code webview?
[MessageClient] acquireVsCodeApi is not available. Are you in a VS Code webview?

[90mstdout[2m | tests/webview/components/SettingsDrawer.test.ts[2m > [22m[2mSettingsDrawer[2m > [22m[2mshould update rate label with correct scale when slider changes (oninput)
[22m[39m[STORE] ≡ƒÆÄ State Updated. isSyncing=false, awaitingSync=false
[STORE] ≡ƒÆÄ State Updated. isSyncing=false, awaitingSync=false

[90mstderr[2m | tests/webview/index.test.ts[2m > [22m[2mWebview Bootstrap: Debug Mode (TDD)[2m > [22m[2mSHOULD 
NOT show debug-mode-tag if config.debugMode is false
[22m[39m[BOOT] SKIPPING chapterList: Element not found.
[Component] Missing expected element for FileContext: btnModeFile
[Component] Missing expected element for FileContext: btnModeSnippet

[90mstdout[2m | tests/webview/index.test.ts[2m > [22m[2mWebview Bootstrap: Debug Mode (TDD)[2m > [22m[2mSHOULD NOT show debug-mode-tag if config.debugMode is false
[22m[39m[ReadAloud] ≡ƒÜÇ Initializing High-Integrity Webview Engine...
[MessageClient] Adding listener to window
[MessageClient] ≡ƒöù CacheManager attached to IPC bridge.
[BOOT] Infrastructure OK
[BOOT] navigator initialized.
[BOOT] controls initialized.
[BOOT] settings initialized.
[BOOT] fileContext initialized.
[BOOT] snippetLookup initialized.
[BOOT] voiceSelector initialized.
[BOOT] Mapping Elements...
[INTERACTION] Global listeners mounted.
[Dispatcher] ≡ƒ¢░∩╕Å Mounting IPC Bridge...
[ReadAloud] Γ£à Webview Handshake Complete (49.7ms).
[ACTION] ready | ""

[90mstdout[2m | tests/webview/components/SettingsDrawer.test.ts[2m > [22m[2mSettingsDrawer[2m > [22m[2mshould sync sliders and labels with Store state
[22m[39m[STORE] ≡ƒÆÄ State Updated. isSyncing=false, awaitingSync=false
[STORE] ≡ƒÆÄ State Updated. isSyncing=false, awaitingSync=false
[AUDIO] ≡ƒ¢æ Stop triggered: intent=0 (Instance=0.20029003746282692, Resolvers=0)
[AUDIO] ≡ƒ¢æ Stop triggered: intent=0 (Instance=0.20029003746282692, Resolvers=0)
[MessageClient] Adding listener to window
[MessageClient] Adding listener to window
[STORE] ≡ƒÆÄ State Updated. isSyncing=false, awaitingSync=false

[90mstderr[2m | tests/webview/components/SettingsDrawer.test.ts[2m > [22m[2mSettingsDrawer[2m > [22m[2mshould 
sync sliders and labels with Store state
[22m[39m[MessageClient] acquireVsCodeApi is not available. Are you in a VS Code webview?
[MessageClient] acquireVsCodeApi is not available. Are you in a VS Code webview?

[90mstdout[2m | tests/webview/index.test.ts
[22m[39m[CacheManager] ≡ƒÜÇ Database initialized (v3)

[90mstdout[2m | tests/webview/index.test.ts
[22m[39m[CacheManager] ≡ƒº╣ Starting GC sweep...

[90mstdout[2m | tests/webview/index.test.ts
[22m[39m[CacheManager] ≡ƒÜÇ Database initialized (v3)
[BOOT] ≡ƒùä∩╕Å Cache system ready.
[CacheManager] ≡ƒº╣ Starting GC sweep...

[90mstdout[2m | tests/webview/index.test.ts
[22m[39m[BOOT] ≡ƒùä∩╕Å Cache system ready.

 [32mΓ£ô[39m tests/webview/CacheManager.gc.test.ts[2m > [22mCacheManager GC (Lifecycle Management)[2m > [22mshould prune entries older than 7 days (TTL)[32m 44[2mms[22m[39m
[90mstdout[2m | tests/webview/index.test.ts
[22m[39m[CacheManager] ≡ƒôí Syncing Full Manifest (0 keys)

 [32mΓ£ô[39m tests/webview/index.test.ts[2m > [22mWebview Bootstrap: Debug Mode (TDD)[2m > [22mSHOULD NOT show debug-mode-tag if config.debugMode is false[32m 82[2mms[22m[39m
[90mstdout[2m | tests/webview/components/SettingsDrawer.test.ts[2m > [22m[2mSettingsDrawer[2m > [22m[2mshould sync sliders and labels with Store state
[22m[39m[SIGNAL] UI_SYNC | State: STOP | Progress: C0S0 | IX: 0
[STORE] ≡ƒÆÄ State Updated. isSyncing=false, awaitingSync=false
[SIGNAL] UI_SYNC | State: STOP | Progress: C0S0 | IX: 0
[PlaybackController] ≡ƒöä Received UI_SYNC
[STORE] ≡ƒÆÄ State Updated. isSyncing=false, awaitingSync=false
[SIGNAL] UI_SYNC | State: STOP | Progress: C0S0 | IX: 0
[SIGNAL] UI_SYNC | State: STOP | Progress: C0S0 | IX: 0
[PlaybackController] ≡ƒöä Received UI_SYNC
[STORE] ≡ƒÆÄ State Updated. isSyncing=false, awaitingSync=false
[SIGNAL] UI_SYNC | State: STOP | Progress: C0S0 | IX: 0
[SIGNAL] UI_SYNC | State: STOP | Progress: C0S0 | IX: 0
[PlaybackController] ≡ƒöä Received UI_SYNC

[90mstderr[2m | tests/webview/components/SettingsDrawer.test.ts[2m > [22m[2mSettingsDrawer[2m > [22m[2mshould 
sync sliders and labels with Store state
[22m[39m[PlaybackController] ≡ƒº▒ Sync blocked: stale intent 0 < 12345
[PlaybackController] ≡ƒº▒ Sync blocked: stale intent 0 < 12345
[PlaybackController] ≡ƒº▒ Sync blocked: stale intent 1 < 12345
[PlaybackController] ≡ƒº▒ Sync blocked: stale intent 0 < 12345
[PlaybackController] ≡ƒº▒ Sync blocked: stale intent 0 < 12345
[PlaybackController] ≡ƒº▒ Sync blocked: stale intent 1 < 12345
[PlaybackController] ≡ƒº▒ Sync blocked: stale intent 0 < 12345
[PlaybackController] ≡ƒº▒ Sync blocked: stale intent 0 < 12345
[PlaybackController] ≡ƒº▒ Sync blocked: stale intent 0 < 12345

[90mstdout[2m | tests/webview/CacheManager.gc.test.ts[2m > [22m[2mCacheManager GC (Lifecycle Management)[2m > [22m[2mshould prune oldest entries when exceeding 100MB (Size Cap)
[22m[39m[CacheManager] ≡ƒôí Syncing Full Manifest (0 keys)

[90mstdout[2m | tests/webview/components/SettingsDrawer.test.ts[2m > [22m[2mSettingsDrawer[2m > [22m[2mshould post action when volume slider changes
[22m[39m[STORE] ≡ƒÆÄ State Updated. isSyncing=false, awaitingSync=false
[STORE] ≡ƒÆÄ State Updated. isSyncing=false, awaitingSync=false
[AUDIO] ≡ƒ¢æ Stop triggered: intent=0 (Instance=0.08985055306412038, Resolvers=0)
[AUDIO] ≡ƒ¢æ Stop triggered: intent=0 (Instance=0.08985055306412038, Resolvers=0)
[MessageClient] Adding listener to window
[MessageClient] Adding listener to window
[STORE] ≡ƒÆÄ State Updated. isSyncing=false, awaitingSync=false

[90mstdout[2m | tests/webview/CacheManager.gc.test.ts[2m > [22m[2mCacheManager GC (Lifecycle Management)[2m > [22m[2mshould prune oldest entries when exceeding 100MB (Size Cap)
[22m[39m[CacheManager] ≡ƒºá Tier-1 Memory Hit: item-1

[90mstdout[2m | tests/webview/CacheManager.gc.test.ts[2m > [22m[2mCacheManager GC (Lifecycle Management)[2m > [22m[2mshould prune oldest entries when exceeding 100MB (Size Cap)
[22m[39m[CacheManager] ≡ƒºá Tier-1 Memory Hit: item-2

[90mstdout[2m | tests/webview/CacheManager.gc.test.ts[2m > [22m[2mCacheManager GC (Lifecycle Management)[2m > [22m[2mshould prune oldest entries when exceeding 100MB (Size Cap)
[22m[39m[CacheManager] ≡ƒºá Tier-1 Memory Hit: item-3

[90mstdout[2m | tests/webview/CacheManager.gc.test.ts[2m > [22m[2mCacheManager GC (Lifecycle Management)[2m > [22m[2mshould prune oldest entries when exceeding 100MB (Size Cap)
[22m[39m[CacheManager] ≡ƒº╣ Starting GC sweep...

[90mstderr[2m | tests/webview/components/SettingsDrawer.test.ts[2m > [22m[2mSettingsDrawer[2m > [22m[2mshould 
post action when volume slider changes
[22m[39m[MessageClient] acquireVsCodeApi is not available. Are you in a VS Code webview?
[MessageClient] acquireVsCodeApi is not available. Are you in a VS Code webview?

[90mstdout[2m | tests/webview/CacheManager.gc.test.ts[2m > [22m[2mCacheManager GC (Lifecycle Management)[2m > [22m[2mshould prune oldest entries when exceeding 100MB (Size Cap)
[22m[39m[CacheManager] ≡ƒöì GC Scan: item-1 | Size: 40960KB | TS: 1712570001000

[90mstdout[2m | tests/webview/CacheManager.gc.test.ts[2m > [22m[2mCacheManager GC (Lifecycle Management)[2m > [22m[2mshould prune oldest entries when exceeding 100MB (Size Cap)
[22m[39m[CacheManager] ≡ƒöì GC Scan: item-2 | Size: 40960KB | TS: 1712570002000

[90mstdout[2m | tests/webview/CacheManager.gc.test.ts[2m > [22m[2mCacheManager GC (Lifecycle Management)[2m > [22m[2mshould prune oldest entries when exceeding 100MB (Size Cap)
[22m[39m[CacheManager] ≡ƒöì GC Scan: item-3 | Size: 40960KB | TS: 1712570003000

[90mstdout[2m | FDBRequest.request.onsuccess (C:\Users\Idan4\Desktop\readme-preview-read-aloud\src\webview\cacheManager.ts:341:25)
[22m[39m[CacheManager] ≡ƒôí Syncing Full Manifest (0 keys)

[90mstdout[2m | tests/webview/CacheManager.gc.test.ts[2m > [22m[2mCacheManager GC (Lifecycle Management)[2m > [22m[2mshould prune oldest entries when exceeding 100MB (Size Cap)
[22m[39m[CacheManager] ≡ƒùæ∩╕Å GC Pruning: item-1

[90mstderr[2m | tests/webview/CacheManager.gc.test.ts[2m > [22m[2mCacheManager GC (Lifecycle Management)[2m > 
[22m[2mshould prune oldest entries when exceeding 100MB (Size Cap)
[22m[39m[CacheManager] ΓÜû∩╕Å Cache Overlimit: 120MB. Trimming...

[90mstdout[2m | tests/webview/CacheManager.gc.test.ts[2m > [22m[2mCacheManager GC (Lifecycle Management)[2m > [22m[2mshould prune oldest entries when exceeding 100MB (Size Cap)
[22m[39m[CacheManager] ≡ƒºá Tier-1 Memory Hit: item-2

[90mstdout[2m | tests/webview/CacheManager.gc.test.ts[2m > [22m[2mCacheManager GC (Lifecycle Management)[2m > [22m[2mshould prune oldest entries when exceeding 100MB (Size Cap)
[22m[39m[CacheManager] ≡ƒºá Tier-1 Memory Hit: item-3

[90mstdout[2m | tests/webview/CacheManager.gc.test.ts[2m > [22m[2mCacheManager GC (Lifecycle Management)[2m > [22m[2mshould synchronize Tier-1 (Memory) with GC deletions
[22m[39m[CacheManager] ≡ƒÜÇ Database initialized (v3)

[90mstdout[2m | tests/webview/CacheManager.gc.test.ts[2m > [22m[2mCacheManager GC (Lifecycle Management)[2m > [22m[2mshould synchronize Tier-1 (Memory) with GC deletions
[22m[39m[CacheManager] ≡ƒº╣ Starting GC sweep...

[90mstdout[2m | tests/webview/components/SettingsDrawer.test.ts[2m > [22m[2mSettingsDrawer[2m > [22m[2mshould post action when volume slider changes
[22m[39m[STORE] ≡ƒÆÄ State Updated. isSyncing=false, awaitingSync=false

[90mstderr[2m | tests/webview/components/SettingsDrawer.test.ts[2m > [22m[2mSettingsDrawer[2m > [22m[2mshould 
post action when volume slider changes
[22m[39m[MessageClient] Cannot post action volumeChanged: VS Code API not available.

 [32mΓ£ô[39m tests/webview/components/SettingsDrawer.test.ts[2m > [22mSettingsDrawer[2m > [22mshould update volume label when slider changes (oninput)[32m 123[2mms[22m[39m
 [32mΓ£ô[39m tests/webview/components/SettingsDrawer.test.ts[2m > [22mSettingsDrawer[2m > [22mshould update rate label with correct scale when slider changes (oninput)[32m 34[2mms[22m[39m
 [32mΓ£ô[39m tests/webview/components/SettingsDrawer.test.ts[2m > [22mSettingsDrawer[2m > [22mshould sync sliders and labels with Store state[32m 45[2mms[22m[39m
[90mstdout[2m | tests/webview/components/SettingsDrawer.test.ts[2m > [22m[2mSettingsDrawer[2m > [22m[2mshould toggle "active" class on engine buttons based on store state
[22m[39m[STORE] ≡ƒÆÄ State Updated. isSyncing=false, awaitingSync=false
[STORE] ≡ƒÆÄ State Updated. isSyncing=false, awaitingSync=false
[AUDIO] ≡ƒ¢æ Stop triggered: intent=0 (Instance=0.37266986405972025, Resolvers=0)
[AUDIO] ≡ƒ¢æ Stop triggered: intent=0 (Instance=0.37266986405972025, Resolvers=0)
[MessageClient] Adding listener to window
[MessageClient] Adding listener to window
[STORE] ≡ƒÆÄ State Updated. isSyncing=false, awaitingSync=false

[90mstderr[2m | tests/webview/components/SettingsDrawer.test.ts[2m > [22m[2mSettingsDrawer[2m > [22m[2mshould 
toggle "active" class on engine buttons based on store state
[22m[39m[MessageClient] acquireVsCodeApi is not available. Are you in a VS Code webview?
[MessageClient] acquireVsCodeApi is not available. Are you in a VS Code webview?

[90mstdout[2m | tests/webview/components/SettingsDrawer.test.ts[2m > [22m[2mSettingsDrawer[2m > [22m[2mshould toggle "active" class on engine buttons based on store state
[22m[39m[SIGNAL] UI_SYNC | State: STOP | Progress: C0S0 | IX: 0
[STORE] ≡ƒÆÄ State Updated. isSyncing=false, awaitingSync=false
[SIGNAL] UI_SYNC | State: STOP | Progress: C0S0 | IX: 0
[PlaybackController] ≡ƒöä Received UI_SYNC
[STORE] ≡ƒÆÄ State Updated. isSyncing=false, awaitingSync=false
[SIGNAL] UI_SYNC | State: STOP | Progress: C0S0 | IX: 0
[SIGNAL] UI_SYNC | State: STOP | Progress: C0S0 | IX: 0
[PlaybackController] ≡ƒöä Received UI_SYNC
[STORE] ≡ƒÆÄ State Updated. isSyncing=false, awaitingSync=false
[SIGNAL] UI_SYNC | State: STOP | Progress: C0S0 | IX: 0
[SIGNAL] UI_SYNC | State: STOP | Progress: C0S0 | IX: 0
[PlaybackController] ≡ƒöä Received UI_SYNC
[STORE] ≡ƒÆÄ State Updated. isSyncing=false, awaitingSync=false
[SIGNAL] UI_SYNC | State: STOP | Progress: C0S0 | IX: 0
[SIGNAL] UI_SYNC | State: STOP | Progress: C0S0 | IX: 0
[PlaybackController] ≡ƒöä Received UI_SYNC
[STORE] ≡ƒÆÄ State Updated. isSyncing=false, awaitingSync=false
[SIGNAL] UI_SYNC | State: STOP | Progress: C0S0 | IX: 0
[SIGNAL] UI_SYNC | State: STOP | Progress: C0S0 | IX: 0
[PlaybackController] ≡ƒöä Received UI_SYNC
[SIGNAL] UI_SYNC | State: STOP | Progress: C0S0 | IX: 0
[STORE] ≡ƒÆÄ State Updated. isSyncing=false, awaitingSync=false
[SIGNAL] UI_SYNC | State: STOP | Progress: C0S0 | IX: 0
[PlaybackController] ≡ƒöä Received UI_SYNC
[STORE] ≡ƒÆÄ State Updated. isSyncing=false, awaitingSync=false
[SIGNAL] UI_SYNC | State: STOP | Progress: C0S0 | IX: 0
[SIGNAL] UI_SYNC | State: STOP | Progress: C0S0 | IX: 0
[PlaybackController] ≡ƒöä Received UI_SYNC
[STORE] ≡ƒÆÄ State Updated. isSyncing=false, awaitingSync=false
[SIGNAL] UI_SYNC | State: STOP | Progress: C0S0 | IX: 0
[SIGNAL] UI_SYNC | State: STOP | Progress: C0S0 | IX: 0
[PlaybackController] ≡ƒöä Received UI_SYNC
[STORE] ≡ƒÆÄ State Updated. isSyncing=false, awaitingSync=false
[SIGNAL] UI_SYNC | State: STOP | Progress: C0S0 | IX: 0
[SIGNAL] UI_SYNC | State: STOP | Progress: C0S0 | IX: 0
[PlaybackController] ≡ƒöä Received UI_SYNC
[STORE] ≡ƒÆÄ State Updated. isSyncing=false, awaitingSync=false
[SIGNAL] UI_SYNC | State: STOP | Progress: C0S0 | IX: 0
[SIGNAL] UI_SYNC | State: STOP | Progress: C0S0 | IX: 0
[PlaybackController] ≡ƒöä Received UI_SYNC

[90mstderr[2m | tests/webview/components/SettingsDrawer.test.ts[2m > [22m[2mSettingsDrawer[2m > [22m[2mshould 
toggle "active" class on engine buttons based on store state
[22m[39m[PlaybackController] ≡ƒº▒ Sync blocked: stale intent 0 < 12345
[PlaybackController] ≡ƒº▒ Sync blocked: stale intent 0 < 12345
[PlaybackController] ≡ƒº▒ Sync blocked: stale intent 0 < 12345
[PlaybackController] ≡ƒº▒ Sync blocked: stale intent 0 < 12345
[PlaybackController] ≡ƒº▒ Sync blocked: stale intent 0 < 12345
[PlaybackController] ≡ƒº▒ Sync blocked: stale intent 0 < 12345
[PlaybackController] ≡ƒº▒ Sync blocked: stale intent 0 < 12345
[PlaybackController] ≡ƒº▒ Sync blocked: stale intent 0 < 12345
[PlaybackController] ≡ƒº▒ Sync blocked: stale intent 1 < 12345
[PlaybackController] ≡ƒº▒ Sync blocked: stale intent 0 < 12345
[PlaybackController] ≡ƒº▒ Sync blocked: stale intent 0 < 12345
[PlaybackController] ≡ƒº▒ Sync blocked: stale intent 1 < 12345
[PlaybackController] ≡ƒº▒ Sync blocked: stale intent 0 < 12345
[PlaybackController] ≡ƒº▒ Sync blocked: stale intent 0 < 12345
[PlaybackController] ≡ƒº▒ Sync blocked: stale intent 0 < 12345
[PlaybackController] ≡ƒº▒ Sync blocked: stale intent 0 < 12345
[PlaybackController] ≡ƒº▒ Sync blocked: stale intent 0 < 12345
[PlaybackController] ≡ƒº▒ Sync blocked: stale intent 0 < 12345
[PlaybackController] ≡ƒº▒ Sync blocked: stale intent 0 < 12345
[PlaybackController] ≡ƒº▒ Sync blocked: stale intent 0 < 12345
[PlaybackController] ≡ƒº▒ Sync blocked: stale intent 0 < 12345
[PlaybackController] ≡ƒº▒ Sync blocked: stale intent 0 < 12345
[PlaybackController] ≡ƒº▒ Sync blocked: stale intent 0 < 12345
[PlaybackController] ≡ƒº▒ Sync blocked: stale intent 0 < 12345
[PlaybackController] ≡ƒº▒ Sync blocked: stale intent 0 < 12345
[PlaybackController] ≡ƒº▒ Sync blocked: stale intent 0 < 12345
[PlaybackController] ≡ƒº▒ Sync blocked: stale intent 0 < 12345
[PlaybackController] ≡ƒº▒ Sync blocked: stale intent 0 < 12345
[PlaybackController] ≡ƒº▒ Sync blocked: stale intent 0 < 12345
[PlaybackController] ≡ƒº▒ Sync blocked: stale intent 0 < 12345

 [32mΓ£ô[39m tests/webview/components/SettingsDrawer.test.ts[2m > [22mSettingsDrawer[2m > [22mshould post action when volume slider changes[32m 35[2mms[22m[39m
 [32mΓ£ô[39m tests/webview/components/SettingsDrawer.test.ts[2m > [22mSettingsDrawer[2m > [22mshould toggle "active" class on engine buttons based on store state[32m 24[2mms[22m[39m
[90mstdout[2m | tests/webview/CacheManager.gc.test.ts[2m > [22m[2mCacheManager GC (Lifecycle Management)[2m > [22m[2mshould synchronize Tier-1 (Memory) with GC deletions
[22m[39m[CacheManager] ≡ƒôí Syncing Full Manifest (0 keys)

[90mstdout[2m | tests/webview/CacheManager.gc.test.ts[2m > [22m[2mCacheManager GC (Lifecycle Management)[2m > [22m[2mshould synchronize Tier-1 (Memory) with GC deletions
[22m[39m[CacheManager] ≡ƒº╣ Starting GC sweep...

[90mstdout[2m | tests/webview/CacheManager.gc.test.ts[2m > [22m[2mCacheManager GC (Lifecycle Management)[2m > [22m[2mshould synchronize Tier-1 (Memory) with GC deletions
[22m[39m[CacheManager] ≡ƒöì GC Scan: mem-1 | Size: 61440KB | TS: 1775742718014

[90mstdout[2m | tests/webview/CacheManager.gc.test.ts[2m > [22m[2mCacheManager GC (Lifecycle Management)[2m > [22m[2mshould synchronize Tier-1 (Memory) with GC deletions
[22m[39m[CacheManager] ≡ƒöì GC Scan: mem-2 | Size: 61440KB | TS: 1775742718028

[90mstderr[2m | tests/webview/CacheManager.gc.test.ts[2m > [22m[2mCacheManager GC (Lifecycle Management)[2m > 
[22m[2mshould synchronize Tier-1 (Memory) with GC deletions
[22m[39m[CacheManager] ΓÜû∩╕Å Cache Overlimit: 120MB. Trimming...

[90mstdout[2m | tests/webview/CacheManager.gc.test.ts[2m > [22m[2mCacheManager GC (Lifecycle Management)[2m > [22m[2mshould synchronize Tier-1 (Memory) with GC deletions
[22m[39m[CacheManager] ≡ƒùæ∩╕Å GC Pruning: mem-1

[90mstdout[2m | tests/webview/CacheManager.gc.test.ts[2m > [22m[2mCacheManager GC (Lifecycle Management)[2m > [22m[2mshould synchronize Tier-1 (Memory) with GC deletions
[22m[39m[CacheManager] ≡ƒºá Tier-1 Memory Hit: mem-2

 [32mΓ£ô[39m tests/webview/CacheManager.gc.test.ts[2m > [22mCacheManager GC (Lifecycle Management)[2m > [22mshould prune oldest entries when exceeding 100MB (Size Cap)[32m 91[2mms[22m[39m
 [32mΓ£ô[39m tests/webview/CacheManager.gc.test.ts[2m > [22mCacheManager GC (Lifecycle Management)[2m > [22mshould synchronize Tier-1 (Memory) with GC deletions[32m 98[2mms[22m[39m
[90mstdout[2m | tests/webview/components/FileContext.test.ts[2m > [22m[2mFileContext (Optimistic UI)[2m > [22m[2mshould implement optimistic "Loading..." feedback on Load File click
[22m[39m[MessageClient] Adding listener to window

[90mstdout[2m | tests/webview/components/FileContext.test.ts[2m > [22m[2mFileContext (Optimistic UI)[2m > [22m[2mshould implement optimistic "Loading..." feedback on Load File click
[22m[39m[STORE] ≡ƒÆÄ State Updated. isSyncing=false, awaitingSync=false
[PlaybackController] ≡ƒôä USER LOAD_DOCUMENT requested
[STORE] ≡ƒÆÄ State Updated. isSyncing=false, awaitingSync=false
[STORE] ≡ƒÆÄ State Updated. isSyncing=false, awaitingSync=true
[ACTION] loadDocument | {"intentId":2}

[90mstdout[2m | tests/webview/components/FileContext.test.ts[2m > [22m[2mFileContext (Optimistic UI)[2m > [22m[2mshould implement optimistic clearing of reader slot on Clear click
[22m[39m[STORE] ≡ƒÆÄ State Updated. isSyncing=false, awaitingSync=false
[STORE] ≡ƒÆÄ State Updated. isSyncing=false, awaitingSync=false
[AUDIO] ≡ƒ¢æ Stop triggered: intent=0 (Instance=0.40317374866938616, Resolvers=0)
[AUDIO] ≡ƒ¢æ Stop triggered: intent=0 (Instance=0.40317374866938616, Resolvers=0)
[MessageClient] Adding listener to window

 [32mΓ£ô[39m tests/webview/components/FileContext.test.ts[2m > [22mFileContext (Optimistic UI)[2m > [22mshould implement optimistic "Loading..." feedback on Load File click[32m 139[2mms[22m[39m
[90mstdout[2m | tests/webview/components/FileContext.test.ts[2m > [22m[2mFileContext (Optimistic UI)[2m > [22m[2mshould implement optimistic clearing of reader slot on Clear click
[22m[39m[STORE] ≡ƒÆÄ State Updated. isSyncing=false, awaitingSync=false
[STORE] ≡ƒÆÄ State Updated. isSyncing=false, awaitingSync=true
[PlaybackController] ≡ƒº╣ USER RESET_CONTEXT requested
[STORE] ≡ƒÆÄ State Updated. isSyncing=false, awaitingSync=true
[STORE] ≡ƒÆÄ State Updated. isSyncing=false, awaitingSync=true
[ACTION] resetContext | {"intentId":2}

[90mstdout[2m | tests/webview/components/FileContext.test.ts[2m > [22m[2mFileContext (Optimistic UI)[2m > [22m[2mshould revert from optimistic state when sync completes
[22m[39m[STORE] ≡ƒÆÄ State Updated. isSyncing=false, awaitingSync=false
[STORE] ≡ƒÆÄ State Updated. isSyncing=false, awaitingSync=false
[AUDIO] ≡ƒ¢æ Stop triggered: intent=0 (Instance=0.4038652290487743, Resolvers=0)
[AUDIO] ≡ƒ¢æ Stop triggered: intent=0 (Instance=0.4038652290487743, Resolvers=0)
[MessageClient] Adding listener to window

[90mstdout[2m | tests/webview/components/FileContext.test.ts[2m > [22m[2mFileContext (Optimistic UI)[2m > [22m[2mshould revert from optimistic state when sync completes
[22m[39m[STORE] ≡ƒÆÄ State Updated. isSyncing=false, awaitingSync=false
[PlaybackController] ≡ƒôä USER LOAD_DOCUMENT requested
[STORE] ≡ƒÆÄ State Updated. isSyncing=false, awaitingSync=false
[STORE] ≡ƒÆÄ State Updated. isSyncing=false, awaitingSync=true
[ACTION] loadDocument | {"intentId":2}
[STORE] ≡ƒÆÄ State Updated. isSyncing=false, awaitingSync=false
[STORE] ≡ƒÆÄ State Updated. isSyncing=false, awaitingSync=false

 [32mΓ£ô[39m tests/webview/components/FileContext.test.ts[2m > [22mFileContext (Optimistic UI)[2m > [22mshould implement optimistic clearing of reader slot on Clear click[32m 195[2mms[22m[39m
 [32mΓ£ô[39m tests/webview/components/FileContext.test.ts[2m > [22mFileContext (Optimistic UI)[2m > [22mshould revert from optimistic state when sync completes[32m 34[2mms[22m[39m
[90mstdout[2m | tests/webview/core/ui_hardening.test.ts[2m > [22m[2mWebview UI Hardening (v2.3.1)[2m > [22m[2mMessageClient Sanitization[2m > [22m[2mshould sanitize UI_SYNC packets with missing numeric fields
[22m[39m[MessageClient] Adding listener to window

[90mstdout[2m | tests/webview/core/ui_hardening.test.ts[2m > [22m[2mWebview UI Hardening (v2.3.1)[2m > [22m[2mMessageClient Sanitization[2m > [22m[2mshould sanitize UI_SYNC packets with missing numeric fields
[22m[39m[SIGNAL] UI_SYNC | State: STOP | Progress: C0S0 | IX: 0

[90mstdout[2m | tests/webview/core/ui_hardening.test.ts[2m > [22m[2mWebview UI Hardening (v2.3.1)[2m > [22m[2mMessageClient Sanitization[2m > [22m[2mshould handle UI_SYNC missing numeric fields entirely
[22m[39m[SIGNAL] UI_SYNC | State: STOP | Progress: C0S0 | IX: 0

[90mstdout[2m | tests/webview/core/ui_hardening.test.ts[2m > [22m[2mWebview UI Hardening (v2.3.1)[2m > [22m[2mWebviewStore Flat State Purity[2m > [22m[2mshould update top-level properties correctly
[22m[39m[STORE] ≡ƒÆÄ State Updated. isSyncing=false, awaitingSync=false

[90mstdout[2m | tests/webview/core/ui_hardening.test.ts[2m > [22m[2mWebview UI Hardening (v2.3.1)[2m > [22m[2mWebviewStore Flat State Purity[2m > [22m[2mshould fix "Ghost State" by reflecting currentSentenceIndex at top level
[22m[39m[STORE] ≡ƒÆÄ State Updated. isSyncing=false, awaitingSync=false
[STORE] ≡ƒÆÄ State Updated. isSyncing=false, awaitingSync=false

[90mstdout[2m | tests/webview/core/ui_hardening.test.ts[2m > [22m[2mWebview UI Hardening (v2.3.1)[2m > [22m[2mWebviewAudioEngine Abortable Intent[2m > [22m[2mshould immediately abort previous intent wait when a newer intent arrives
[22m[39m[AUDIO] ≡ƒöÆ AcquireLock Start: intent=100, active=0
[AUDIO] ≡ƒöÑ Sovereign Preemption: 100 > 0 (Instance=0.21635337180145264)
[AUDIO] ≡ƒ¢æ Stop triggered: intent=0 (Instance=0.21635337180145264, Resolvers=0)
[AUDIO] ΓÅ│ Waiting for Mutex: intent=100 (Currently held by: null, Instance=0.21635337180145264)

[90mstdout[2m | tests/webview/core/ui_hardening.test.ts[2m > [22m[2mWebview UI Hardening (v2.3.1)[2m > [22m[2mWebviewAudioEngine Abortable Intent[2m > [22m[2mshould immediately abort previous intent wait when a newer intent arrives
[22m[39m[AUDIO] Γ£à Mutex Acquired: intent=100 (Instance=0.21635337180145264)

[90mstdout[2m | tests/webview/core/ui_hardening.test.ts[2m > [22m[2mWebview UI Hardening (v2.3.1)[2m > [22m[2mWebviewAudioEngine Abortable Intent[2m > [22m[2mshould immediately abort previous intent wait when a newer intent arrives
[22m[39m[AUDIO] ≡ƒöÆ AcquireLock Start: intent=101, active=100
[AUDIO] ≡ƒöÑ Sovereign Preemption: 101 > 100 (Instance=0.21635337180145264)
[AUDIO] ≡ƒ¢æ Stop triggered: intent=100 (Instance=0.21635337180145264, Resolvers=1)
[AUDIO] ΓÅ│ Waiting for Mutex: intent=101 (Currently held by: null, Instance=0.21635337180145264)
[AUDIO] ≡ƒöÆ AcquireLock Start: intent=102, active=101
[AUDIO] ≡ƒöÑ Sovereign Preemption: 102 > 101 (Instance=0.21635337180145264)
[AUDIO] ≡ƒ¢æ Stop triggered: intent=101 (Instance=0.21635337180145264, Resolvers=1)
[AUDIO] ΓÅ│ Waiting for Mutex: intent=102 (Currently held by: null, Instance=0.21635337180145264)

[90mstderr[2m | tests/webview/core/ui_hardening.test.ts[2m > [22m[2mWebview UI Hardening (v2.3.1)[2m > 
[22m[2mWebviewAudioEngine Abortable Intent[2m > [22m[2mshould immediately abort previous intent wait when a newer 
intent arrives
[22m[39m[AUDIO] ≡ƒöÆ Lock Failed: Aborted (intent=101)

[90mstdout[2m | tests/webview/core/ui_hardening.test.ts[2m > [22m[2mWebview UI Hardening (v2.3.1)[2m > [22m[2mWebviewAudioEngine Abortable Intent[2m > [22m[2mshould immediately abort previous intent wait when a newer intent arrives
[22m[39m[AUDIO] Γ£à Mutex Acquired: intent=102 (Instance=0.21635337180145264)

[90mstdout[2m | tests/webview/components/SentenceNavigator.test.ts[2m > [22m[2mSentenceNavigator[2m > [22m[2mshould render sentences from store
[22m[39m[MessageClient] Adding listener to window
[STORE] ≡ƒÆÄ State Updated. isSyncing=false, awaitingSync=false

[90mstderr[2m | tests/webview/components/SentenceNavigator.test.ts[2m > [22m[2mSentenceNavigator[2m > 
[22m[2mshould render sentences from store
[22m[39m[MessageClient] acquireVsCodeApi is not available. Are you in a VS Code webview?

 [32mΓ£ô[39m tests/webview/core/ui_hardening.test.ts[2m > [22mWebview UI Hardening (v2.3.1)[2m > [22mMessageClient Sanitization[2m > [22mshould sanitize UI_SYNC packets with missing numeric fields[32m 21[2mms[22m[39m
 [32mΓ£ô[39m tests/webview/core/ui_hardening.test.ts[2m > [22mWebview UI Hardening (v2.3.1)[2m > [22mMessageClient Sanitization[2m > [22mshould handle UI_SYNC missing numeric fields entirely[32m 4[2mms[22m[39m
 [32mΓ£ô[39m tests/webview/core/ui_hardening.test.ts[2m > [22mWebview UI Hardening (v2.3.1)[2m > [22mWebviewStore Flat State Purity[2m > [22mshould update top-level properties correctly[32m 6[2mms[22m[39m
 [32mΓ£ô[39m tests/webview/core/ui_hardening.test.ts[2m > [22mWebview UI Hardening (v2.3.1)[2m > [22mWebviewStore Flat State Purity[2m > [22mshould fix "Ghost State" by reflecting currentSentenceIndex at top level[32m 4[2mms[22m[39m
[90mstdout[2m | tests/webview/core/ui_hardening.test.ts[2m > [22m[2mWebview UI Hardening (v2.3.1)[2m > [22m[2mWebviewAudioEngine Abortable Intent[2m > [22m[2mshould abort active playback when a new intent is received
[22m[39m[AUDIO] ≡ƒöÆ AcquireLock Start: intent=500, active=0
[AUDIO] ≡ƒöÑ Sovereign Preemption: 500 > 0 (Instance=0.9453997847170772)
[AUDIO] ≡ƒ¢æ Stop triggered: intent=0 (Instance=0.9453997847170772, Resolvers=0)
[AUDIO] ΓÅ│ Waiting for Mutex: intent=500 (Currently held by: null, Instance=0.9453997847170772)

[90mstdout[2m | tests/webview/core/ui_hardening.test.ts[2m > [22m[2mWebview UI Hardening (v2.3.1)[2m > [22m[2mWebviewAudioEngine Abortable Intent[2m > [22m[2mshould abort active playback when a new intent is received
[22m[39m[AUDIO] Γ£à Mutex Acquired: intent=500 (Instance=0.9453997847170772)

[90mstdout[2m | tests/webview/components/SentenceNavigator.test.ts[2m > [22m[2mSentenceNavigator[2m > [22m[2mshould render sentences from store
[22m[39m[STORE] ≡ƒÆÄ State Updated. isSyncing=false, awaitingSync=false

 [32mΓ£ô[39m tests/webview/components/SentenceNavigator.test.ts[2m > [22mSentenceNavigator[2m > [22mshould render sentences from store[32m 146[2mms[22m[39m
[90mstdout[2m | tests/webview/components/SentenceNavigator.test.ts[2m > [22m[2mSentenceNavigator[2m > [22m[2mshould handle jump on click
[22m[39m[MessageClient] Adding listener to window
[STORE] ≡ƒÆÄ State Updated. isSyncing=false, awaitingSync=false

[90mstderr[2m | tests/webview/components/SentenceNavigator.test.ts[2m > [22m[2mSentenceNavigator[2m > 
[22m[2mshould handle jump on click
[22m[39m[MessageClient] acquireVsCodeApi is not available. Are you in a VS Code webview?

[90mstdout[2m | tests/webview/core/ui_hardening.test.ts[2m > [22m[2mWebview UI Hardening (v2.3.1)[2m > [22m[2mWebviewAudioEngine Abortable Intent[2m > [22m[2mshould abort active playback when a new intent is received
[22m[39m[AUDIO] ≡ƒöÆ AcquireLock Start: intent=501, active=500
[AUDIO] ≡ƒöÑ Sovereign Preemption: 501 > 500 (Instance=0.9453997847170772)
[AUDIO] ≡ƒ¢æ Stop triggered: intent=500 (Instance=0.9453997847170772, Resolvers=1)
[AUDIO] ΓÅ│ Waiting for Mutex: intent=501 (Currently held by: null, Instance=0.9453997847170772)

[90mstdout[2m | tests/webview/core/ui_hardening.test.ts[2m > [22m[2mWebview UI Hardening (v2.3.1)[2m > [22m[2mWebviewAudioEngine Abortable Intent[2m > [22m[2mshould abort active playback when a new intent is received
[22m[39m[AUDIO] Γ£à Mutex Acquired: intent=501 (Instance=0.9453997847170772)

 [32mΓ£ô[39m tests/webview/core/ui_hardening.test.ts[2m > [22mWebview UI Hardening (v2.3.1)[2m > [22mWebviewAudioEngine Abortable Intent[2m > [22mshould immediately abort previous intent wait when a newer intent arrives[32m 69[2mms[22m[39m
 [32mΓ£ô[39m tests/webview/core/ui_hardening.test.ts[2m > [22mWebview UI Hardening (v2.3.1)[2m > [22mWebviewAudioEngine Abortable Intent[2m > [22mshould abort active playback when a new intent is received[32m 26[2mms[22m[39m
[90mstdout[2m | tests/webview/components/SentenceNavigator.test.ts[2m > [22m[2mSentenceNavigator[2m > [22m[2mshould handle jump on click
[22m[39m[STORE] ≡ƒÆÄ State Updated. isSyncing=false, awaitingSync=false
[PlaybackController] jumpToSentence(0) requested
[STORE] ≡ƒÆÄ State Updated. isSyncing=false, awaitingSync=false
[STORE] ≡ƒÆÄ State Updated. isSyncing=false, awaitingSync=true
[PlaybackController] ≡ƒÜ╜ Flushing FIFO Queue
[AUDIO] ≡ƒ¢æ Stop triggered: intent=0 (Instance=0.780589185589286, Resolvers=0)
[STORE] ≡ƒÆÄ State Updated. isSyncing=false, awaitingSync=true
[AUDIO] ≡ƒöô Primed
[AUDIO] ≡ƒöô Primed

[90mstderr[2m | tests/webview/components/SentenceNavigator.test.ts[2m > [22m[2mSentenceNavigator[2m > 
[22m[2mshould handle jump on click
[22m[39m[MessageClient] Cannot post action jumpToSentence: VS Code API not available.

[90mstdout[2m | tests/webview/components/SentenceNavigator.test.ts[2m > [22m[2mSentenceNavigator[2m > [22m[2mshould reflect stalled state
[22m[39m[STORE] ≡ƒÆÄ State Updated. isSyncing=false, awaitingSync=false
[STORE] ≡ƒÆÄ State Updated. isSyncing=false, awaitingSync=false
[AUDIO] ≡ƒ¢æ Stop triggered: intent=0 (Instance=0.780589185589286, Resolvers=0)
[AUDIO] ≡ƒ¢æ Stop triggered: intent=0 (Instance=0.780589185589286, Resolvers=0)
[MessageClient] Adding listener to window
[STORE] ≡ƒÆÄ State Updated. isSyncing=false, awaitingSync=false

[90mstderr[2m | tests/webview/components/SentenceNavigator.test.ts[2m > [22m[2mSentenceNavigator[2m > 
[22m[2mshould reflect stalled state
[22m[39m[MessageClient] acquireVsCodeApi is not available. Are you in a VS Code webview?

[90mstdout[2m | tests/webview/components/SentenceNavigator.test.ts[2m > [22m[2mSentenceNavigator[2m > [22m[2mshould reflect stalled state
[22m[39m[STORE] ≡ƒÆÄ State Updated. isSyncing=false, awaitingSync=false

 [32mΓ£ô[39m tests/webview/components/SentenceNavigator.test.ts[2m > [22mSentenceNavigator[2m > [22mshould handle jump on click[32m 43[2mms[22m[39m
 [32mΓ£ô[39m tests/webview/components/SentenceNavigator.test.ts[2m > [22mSentenceNavigator[2m > [22mshould reflect stalled state[32m 85[2mms[22m[39m
[90mstdout[2m | tests/webview/components/SentenceNavigator.test.ts[2m > [22m[2mSentenceNavigator[2m > [22m[2mshould show pending index during jump
[22m[39m[MessageClient] Adding listener to window
[STORE] ≡ƒÆÄ State Updated. isSyncing=false, awaitingSync=false

[90mstderr[2m | tests/webview/components/SentenceNavigator.test.ts[2m > [22m[2mSentenceNavigator[2m > 
[22m[2mshould show pending index during jump
[22m[39m[MessageClient] acquireVsCodeApi is not available. Are you in a VS Code webview?

[90mstdout[2m | tests/webview/components/SentenceNavigator.test.ts[2m > [22m[2mSentenceNavigator[2m > [22m[2mshould show pending index during jump
[22m[39m[STORE] ≡ƒÆÄ State Updated. isSyncing=false, awaitingSync=false
[PlaybackController] jumpToSentence(2) requested
[STORE] ≡ƒÆÄ State Updated. isSyncing=false, awaitingSync=false
[STORE] ≡ƒÆÄ State Updated. isSyncing=false, awaitingSync=true
[PlaybackController] ≡ƒÜ╜ Flushing FIFO Queue
[AUDIO] ≡ƒ¢æ Stop triggered: intent=0 (Instance=0.6235925171370128, Resolvers=0)
[STORE] ≡ƒÆÄ State Updated. isSyncing=false, awaitingSync=true
[AUDIO] ≡ƒöô Primed
[AUDIO] ≡ƒöô Primed

[90mstderr[2m | tests/webview/components/SentenceNavigator.test.ts[2m > [22m[2mSentenceNavigator[2m > 
[22m[2mshould show pending index during jump
[22m[39m[MessageClient] Cannot post action jumpToSentence: VS Code API not available.

 [32mΓ£ô[39m tests/webview/components/SentenceNavigator.test.ts[2m > [22mSentenceNavigator[2m > [22mshould show pending index during jump[32m 63[2mms[22m[39m
[90mstdout[2m | tests/webview/NeuralCache.test.ts[2m > [22m[2mNeuralCache TDD: Storage Optimization & Clearing[2m > [22m[2mshould handle DATA_PUSH by ingesting into audio engine
[22m[39m[MessageClient] Adding listener to window

[90mstderr[2m | tests/webview/NeuralCache.test.ts[2m > [22m[2mNeuralCache TDD: Storage Optimization & 
Clearing[2m > [22m[2mshould handle DATA_PUSH by ingesting into audio engine
[22m[39m[MessageClient] acquireVsCodeApi is not available. Are you in a VS Code webview?

[90mstdout[2m | tests/webview/NeuralCache.test.ts[2m > [22m[2mNeuralCache TDD: Storage Optimization & Clearing[2m > [22m[2mshould handle DATA_PUSH by ingesting into audio engine
[22m[39m[HOST -> WEBVIEW] [DATA_PUSH] cacheKey:"c1" | data:"audio-data" | intentId:1
[Dispatcher] ≡ƒôÑ DATA_PUSH Received { cacheKey: [32m'c1'[39m, intentId: [33m1[39m }

[90mstdout[2m | tests/webview/NeuralCache.test.ts[2m > [22m[2mNeuralCache TDD: Storage Optimization & Clearing[2m > [22m[2mshould handle CLEAR_CACHE_WIPE by wiping audio engine cache
[22m[39m[STORE] ≡ƒÆÄ State Updated. isSyncing=false, awaitingSync=false
[STORE] ≡ƒÆÄ State Updated. isSyncing=false, awaitingSync=false
[AUDIO] ≡ƒ¢æ Stop triggered: intent=0 (Instance=0.15008788340798207, Resolvers=0)
[AUDIO] ≡ƒ¢æ Stop triggered: intent=0 (Instance=0.15008788340798207, Resolvers=0)
[MessageClient] Adding listener to window

[90mstderr[2m | tests/webview/NeuralCache.test.ts[2m > [22m[2mNeuralCache TDD: Storage Optimization & 
Clearing[2m > [22m[2mshould handle CLEAR_CACHE_WIPE by wiping audio engine cache
[22m[39m[MessageClient] acquireVsCodeApi is not available. Are you in a VS Code webview?

[90mstdout[2m | tests/webview/NeuralCache.test.ts[2m > [22m[2mNeuralCache TDD: Storage Optimization & Clearing[2m > [22m[2mshould handle CLEAR_CACHE_WIPE by wiping audio engine cache
[22m[39m[HOST -> WEBVIEW] [CLEAR_CACHE_WIPE] 

[90mstdout[2m | tests/webview/NeuralCache.test.ts[2m > [22m[2mNeuralCache TDD: Storage Optimization & Clearing[2m > [22m[2mshould handle CLEAR_CACHE_WIPE by wiping audio engine cache
[22m[39m[STORE] ≡ƒÆÄ State Updated. isSyncing=false, awaitingSync=false

[90mstdout[2m | tests/webview/NeuralCache.test.ts[2m > [22m[2mNeuralCache TDD: Storage Optimization & Clearing[2m > [22m[2mshould update neuralBuffer stats in the store state
[22m[39m[STORE] ≡ƒÆÄ State Updated. isSyncing=false, awaitingSync=false
[STORE] ≡ƒÆÄ State Updated. isSyncing=false, awaitingSync=false
[AUDIO] ≡ƒ¢æ Stop triggered: intent=0 (Instance=0.11375861446691893, Resolvers=0)
[AUDIO] ≡ƒ¢æ Stop triggered: intent=0 (Instance=0.11375861446691893, Resolvers=0)
[MessageClient] Adding listener to window

[90mstderr[2m | tests/webview/NeuralCache.test.ts[2m > [22m[2mNeuralCache TDD: Storage Optimization & 
Clearing[2m > [22m[2mshould update neuralBuffer stats in the store state
[22m[39m[MessageClient] acquireVsCodeApi is not available. Are you in a VS Code webview?

[90mstdout[2m | tests/webview/NeuralCache.test.ts[2m > [22m[2mNeuralCache TDD: Storage Optimization & Clearing[2m > [22m[2mshould update neuralBuffer stats in the store state
[22m[39m[HOST -> WEBVIEW] [CACHE_STATS_UPDATE] count:10 | sizeBytes:2621440
[STORE] ≡ƒÆÄ State Updated. isSyncing=false, awaitingSync=false
[STORE] ≡ƒÆÄ State Updated. isSyncing=false, awaitingSync=false

 [32mΓ£ô[39m tests/webview/NeuralCache.test.ts[2m > [22mNeuralCache TDD: Storage Optimization & Clearing[2m > [22mshould handle DATA_PUSH by ingesting into audio engine[32m 21[2mms[22m[39m
 [32mΓ£ô[39m tests/webview/NeuralCache.test.ts[2m > [22mNeuralCache TDD: Storage Optimization & Clearing[2m > [22mshould handle CLEAR_CACHE_WIPE by wiping audio engine cache[32m 19[2mms[22m[39m
 [32mΓ£ô[39m tests/webview/NeuralCache.test.ts[2m > [22mNeuralCache TDD: Storage Optimization & Clearing[2m > [22mshould update neuralBuffer stats in the store state[32m 5[2mms[22m[39m
[90mstdout[2m | tests/webview/bridge_integrity.test.ts[2m > [22m[2mBridge Integrity & Sanitization [v2.3.1][2m > [22m[2mT9.1 ΓÇö should not crash on a partial sync packet missing "delta"
[22m[39m[MessageClient] Adding listener to window

[90mstdout[2m | tests/webview/bridge_integrity.test.ts[2m > [22m[2mBridge Integrity & Sanitization [v2.3.1][2m > [22m[2mT9.1 ΓÇö should not crash on a partial sync packet missing "delta"
[22m[39m[STORE] ≡ƒÆÄ State Updated. isSyncing=false, awaitingSync=false
[STORE] ≡ƒÆÄ State Updated. isSyncing=false, awaitingSync=false

[90mstdout[2m | tests/webview/bridge_integrity.test.ts[2m > [22m[2mBridge Integrity & Sanitization [v2.3.1][2m > [22m[2mT9.2 ΓÇö Authoritative STOP interrupts stale events
[22m[39m[STORE] ≡ƒÆÄ State Updated. isSyncing=false, awaitingSync=false
[STORE] ≡ƒÆÄ State Updated. isSyncing=false, awaitingSync=false
[STORE] ≡ƒÆÄ State Updated. isSyncing=false, awaitingSync=false
[STORE] ≡ƒÆÄ State Updated. isSyncing=false, awaitingSync=false
[MessageClient] Adding listener to window

[90mstdout[2m | tests/webview/bridge_integrity.test.ts[2m > [22m[2mBridge Integrity & Sanitization [v2.3.1][2m > [22m[2mT9.2 ΓÇö Authoritative STOP interrupts stale events
[22m[39m[STORE] ≡ƒÆÄ State Updated. isSyncing=false, awaitingSync=false
[AUDIO] ≡ƒ¢æ Stop triggered: intent=0 (Instance=0.8930915381176554, Resolvers=0)
[STORE] ≡ƒÆÄ State Updated. isSyncing=false, awaitingSync=false
[STORE] ≡ƒÆÄ State Updated. isSyncing=false, awaitingSync=false

[90mstdout[2m | tests/webview/bridge_integrity.test.ts[2m > [22m[2mBridge Integrity & Sanitization [v2.3.1][2m > [22m[2mT9.3 ΓÇö Snippet History filters out "brain" artifacts (Privacy Shield)
[22m[39m[STORE] ≡ƒÆÄ State Updated. isSyncing=false, awaitingSync=false
[STORE] ≡ƒÆÄ State Updated. isSyncing=false, awaitingSync=false
[STORE] ≡ƒÆÄ State Updated. isSyncing=false, awaitingSync=false
[STORE] ≡ƒÆÄ State Updated. isSyncing=false, awaitingSync=false
[MessageClient] Adding listener to window

 [32mΓ£ô[39m tests/webview/bridge_integrity.test.ts[2m > [22mBridge Integrity & Sanitization [v2.3.1][2m > [22mT9.1 ΓÇö should not crash on a partial sync packet missing "delta"[32m 87[2mms[22m[39m
 [32mΓ£ô[39m tests/webview/bridge_integrity.test.ts[2m > [22mBridge Integrity & Sanitization [v2.3.1][2m > [22mT9.2 ΓÇö Authoritative STOP interrupts stale events[32m 9[2mms[22m[39m
[90mstderr[2m | tests/webview/bridge_integrity.test.ts[2m > [22m[2mBridge Integrity & Sanitization [v2.3.1][2m > 
[22m[2mT9.3 ΓÇö Snippet History filters out "brain" artifacts (Privacy Shield)
[22m[39m[PlaybackController] ≡ƒº▒ Sync blocked: stale intent 0 < 1

[90mstdout[2m | tests/webview/bridge_integrity.test.ts[2m > [22m[2mBridge Integrity & Sanitization [v2.3.1][2m > [22m[2mT9.3 ΓÇö Snippet History filters out "brain" artifacts (Privacy Shield)
[22m[39m[STORE] ≡ƒÆÄ State Updated. isSyncing=false, awaitingSync=false

 [32mΓ£ô[39m tests/webview/bridge_integrity.test.ts[2m > [22mBridge Integrity & Sanitization [v2.3.1][2m > [22mT9.3 ΓÇö Snippet History filters out "brain" artifacts (Privacy Shield)[32m 56[2mms[22m[39m
[90mstdout[2m | tests/webview/core/BaseComponent.test.ts[2m > [22m[2mBaseComponent[2m > [22m[2mshould initialize and validate elements
[22m[39m[MessageClient] Adding listener to window

[90mstderr[2m | tests/webview/core/BaseComponent.test.ts[2m > [22m[2mBaseComponent[2m > [22m[2mshould 
initialize and validate elements
[22m[39m[MessageClient] acquireVsCodeApi is not available. Are you in a VS Code webview?

[90mstdout[2m | tests/webview/core/BaseComponent.test.ts[2m > [22m[2mBaseComponent[2m > [22m[2mshould warn if elements are missing
[22m[39m[MessageClient] Adding listener to window

[90mstderr[2m | tests/webview/core/BaseComponent.test.ts[2m > [22m[2mBaseComponent[2m > [22m[2mshould warn if 
elements are missing
[22m[39m[MessageClient] acquireVsCodeApi is not available. Are you in a VS Code webview?

[90mstdout[2m | tests/webview/core/BaseComponent.test.ts[2m > [22m[2mBaseComponent[2m > [22m[2mshould call render on mount
[22m[39m[MessageClient] Adding listener to window

[90mstderr[2m | tests/webview/core/BaseComponent.test.ts[2m > [22m[2mBaseComponent[2m > [22m[2mshould call 
render on mount
[22m[39m[MessageClient] acquireVsCodeApi is not available. Are you in a VS Code webview?

[90mstdout[2m | tests/webview/core/BaseComponent.test.ts[2m > [22m[2mBaseComponent[2m > [22m[2mshould manage subscriptions and cleanup on unmount
[22m[39m[MessageClient] Adding listener to window

[90mstderr[2m | tests/webview/core/BaseComponent.test.ts[2m > [22m[2mBaseComponent[2m > [22m[2mshould manage 
subscriptions and cleanup on unmount
[22m[39m[MessageClient] acquireVsCodeApi is not available. Are you in a VS Code webview?

[90mstdout[2m | tests/webview/core/BaseComponent.test.ts[2m > [22m[2mBaseComponent[2m > [22m[2mshould manage subscriptions and cleanup on unmount
[22m[39m[SIGNAL] UI_SYNC | State: PLAY | Progress: C0S0 | IX: 0
[STORE] ≡ƒÆÄ State Updated. isSyncing=false, awaitingSync=false
[STORE] ≡ƒÆÄ State Updated. isSyncing=false, awaitingSync=false
[PlaybackController] ≡ƒñ¥ Webview Hydrated
[STORE] ≡ƒÆÄ State Updated. isSyncing=false, awaitingSync=false
[SIGNAL] UI_SYNC | State: PLAY | Progress: C0S0 | IX: 0
[SIGNAL] UI_SYNC | State: PLAY | Progress: C0S0 | IX: 0
[SIGNAL] UI_SYNC | State: PLAY | Progress: C0S0 | IX: 0
[PlaybackController] ≡ƒöä Received UI_SYNC
[SIGNAL] UI_SYNC | State: STOP | Progress: C0S0 | IX: 0
[AUDIO] ≡ƒ¢æ Stop triggered: intent=0 (Instance=0.8818732854871393, Resolvers=0)
[STORE] ≡ƒÆÄ State Updated. isSyncing=false, awaitingSync=false
[SIGNAL] UI_SYNC | State: STOP | Progress: C0S0 | IX: 0
[SIGNAL] UI_SYNC | State: STOP | Progress: C0S0 | IX: 0
[SIGNAL] UI_SYNC | State: STOP | Progress: C0S0 | IX: 0
[PlaybackController] ≡ƒöä Received UI_SYNC

[90mstderr[2m | tests/webview/core/BaseComponent.test.ts[2m > [22m[2mBaseComponent[2m > [22m[2mshould manage 
subscriptions and cleanup on unmount
[22m[39m[PlaybackController] ≡ƒº▒ Sync blocked: stale intent 0 < 1
[PlaybackController] ≡ƒº▒ Sync blocked: stale intent 0 < 1
[PlaybackController] ≡ƒº▒ Sync blocked: stale intent 0 < 1
[PlaybackController] ≡ƒº▒ Sync blocked: stale intent 0 < 1
[PlaybackController] ≡ƒº▒ Sync blocked: stale intent 0 < 1
[PlaybackController] ≡ƒº▒ Sync blocked: stale intent 0 < 1
[PlaybackController] ≡ƒº▒ Sync blocked: stale intent 0 < 1
[PlaybackController] ≡ƒº▒ Sync blocked: stale intent 0 < 1
[PlaybackController] ≡ƒº▒ Sync blocked: stale intent 0 < 1
[PlaybackController] ≡ƒº▒ Sync blocked: stale intent 0 < 1

 [32mΓ£ô[39m tests/webview/core/BaseComponent.test.ts[2m > [22mBaseComponent[2m > [22mshould initialize and validate elements[32m 65[2mms[22m[39m
 [32mΓ£ô[39m tests/webview/core/BaseComponent.test.ts[2m > [22mBaseComponent[2m > [22mshould warn if elements are missing[32m 12[2mms[22m[39m
 [32mΓ£ô[39m tests/webview/core/BaseComponent.test.ts[2m > [22mBaseComponent[2m > [22mshould call render on mount[32m 11[2mms[22m[39m
 [32mΓ£ô[39m tests/webview/core/BaseComponent.test.ts[2m > [22mBaseComponent[2m > [22mshould manage subscriptions and cleanup on unmount[32m 44[2mms[22m[39m
[90mstdout[2m | tests/webview/CacheWipeSovereignty.test.ts[2m > [22m[2mCache Wipe Sovereignty (TDD: #45)[2m > [22m[2mSHOULD revoke all blob URLs before clearing IndexedDB (Ghost Audio Guard)
[22m[39m[AUDIO] ≡ƒ¢æ Stop triggered: intent=0 (Instance=0.3217473849187875, Resolvers=0)

[90mstdout[2m | tests/webview/CacheWipeSovereignty.test.ts[2m > [22m[2mCache Wipe Sovereignty (TDD: #45)[2m > [22m[2mSHOULD revoke all blob URLs before clearing IndexedDB (Ghost Audio Guard)
[22m[39m[CacheManager] ≡ƒÜÇ Database initialized (v3)

[90mstdout[2m | tests/webview/CacheWipeSovereignty.test.ts[2m > [22m[2mCache Wipe Sovereignty (TDD: #45)[2m > [22m[2mSHOULD revoke all blob URLs before clearing IndexedDB (Ghost Audio Guard)
[22m[39m[CacheManager] ≡ƒº╣ Starting GC sweep...

[90mstdout[2m | tests/webview/CacheWipeSovereignty.test.ts[2m > [22m[2mCache Wipe Sovereignty (TDD: #45)[2m > [22m[2mSHOULD revoke all blob URLs before clearing IndexedDB (Ghost Audio Guard)
[22m[39m[CacheManager] ≡ƒôí Syncing Full Manifest (0 keys)

[90mstdout[2m | tests/webview/CacheWipeSovereignty.test.ts[2m > [22m[2mCache Wipe Sovereignty (TDD: #45)[2m > [22m[2mSHOULD revoke all blob URLs before clearing IndexedDB (Ghost Audio Guard)
[22m[39mAudio cache cleared successfully.

[90mstdout[2m | tests/webview/CacheWipeSovereignty.test.ts[2m > [22m[2mCache Wipe Sovereignty (TDD: #45)[2m > [22m[2mSHOULD reset neuralBuffer stats to zero immediately after wipe
[22m[39m[AUDIO] ≡ƒ¢æ Stop triggered: intent=0 (Instance=0.3217473849187875, Resolvers=0)
[AUDIO] ≡ƒ¢æ Stop triggered: intent=0 (Instance=0.3217473849187875, Resolvers=0)

[90mstdout[2m | tests/webview/CacheWipeSovereignty.test.ts[2m > [22m[2mCache Wipe Sovereignty (TDD: #45)[2m > [22m[2mSHOULD reset neuralBuffer stats to zero immediately after wipe
[22m[39m[STORE] ≡ƒÆÄ State Updated. isSyncing=false, awaitingSync=false
[STORE] ≡ƒÆÄ State Updated. isSyncing=false, awaitingSync=false

[90mstdout[2m | tests/webview/CacheWipeSovereignty.test.ts[2m > [22m[2mCache Wipe Sovereignty (TDD: #45)[2m > [22m[2mSHOULD trigger wipe when extension sends CLEAR_CACHE_WIPE command
[22m[39m[AUDIO] ≡ƒ¢æ Stop triggered: intent=0 (Instance=0.41157754688453063, Resolvers=0)
[AUDIO] ≡ƒ¢æ Stop triggered: intent=0 (Instance=0.41157754688453063, Resolvers=0)

[90mstdout[2m | tests/webview/CacheWipeSovereignty.test.ts[2m > [22m[2mCache Wipe Sovereignty (TDD: #45)[2m > [22m[2mSHOULD trigger wipe when extension sends CLEAR_CACHE_WIPE command
[22m[39m[MessageClient] Adding listener to window
[HOST -> WEBVIEW] [CLEAR_CACHE_WIPE] 
[AUDIO] ≡ƒ¢æ Stop triggered: intent=0 (Instance=0.8305785166187782, Resolvers=0)

[90mstdout[2m | tests/webview/CacheWipeSovereignty.test.ts[2m > [22m[2mCache Wipe Sovereignty (TDD: #45)[2m > [22m[2mSHOULD trigger wipe when extension sends CLEAR_CACHE_WIPE command
[22m[39m[CacheManager] ≡ƒôí Syncing Full Manifest (0 keys)

[90mstdout[2m | tests/webview/CacheWipeSovereignty.test.ts[2m > [22m[2mCache Wipe Sovereignty (TDD: #45)[2m > [22m[2mSHOULD trigger wipe when extension sends CLEAR_CACHE_WIPE command
[22m[39mAudio cache cleared successfully.

[90mstdout[2m | tests/webview/CacheWipeSovereignty.test.ts[2m > [22m[2mCache Wipe Sovereignty (TDD: #45)[2m > [22m[2mSHOULD trigger wipe when extension sends CLEAR_CACHE_WIPE command
[22m[39m[STORE] ≡ƒÆÄ State Updated. isSyncing=false, awaitingSync=false

[90mstdout[2m | tests/webview/CacheWipeSovereignty.test.ts
[22m[39m[CacheManager] ≡ƒôí Syncing Full Manifest (0 keys)

 [32mΓ£ô[39m tests/webview/CacheWipeSovereignty.test.ts[2m > [22mCache Wipe Sovereignty (TDD: #45)[2m > [22mSHOULD revoke all blob URLs before clearing IndexedDB (Ghost Audio Guard)[32m 49[2mms[22m[39m
 [32mΓ£ô[39m tests/webview/CacheWipeSovereignty.test.ts[2m > [22mCache Wipe Sovereignty (TDD: #45)[2m > [22mSHOULD reset neuralBuffer stats to zero immediately after wipe[32m 5[2mms[22m[39m
 [32mΓ£ô[39m tests/webview/CacheWipeSovereignty.test.ts[2m > [22mCache Wipe Sovereignty (TDD: #45)[2m > [22mSHOULD trigger wipe when extension sends CLEAR_CACHE_WIPE command[32m 13[2mms[22m[39m
[90mstdout[2m | tests/webview/HydrationSovereignty.test.ts[2m > [22m[2mHydration Sovereignty (Webview Side)[2m > [22m[2mshould allow PLAY action when hydration is incomplete (Standalone Sovereignty)
[22m[39m[MessageClient] Adding listener to window
[PlaybackController] ≡ƒƒó USER PLAY requested
[STORE] ≡ƒÆÄ State Updated. isSyncing=false, awaitingSync=false
[STORE] ≡ƒÆÄ State Updated. isSyncing=true, awaitingSync=true
[ACTION] play | {"cacheKey":"default_0.00_532fc42e_1505","intentId":1,"batchId":1}
[AUDIO] ≡ƒöô Primed

[90mstdout[2m | tests/webview/HydrationSovereignty.test.ts[2m > [22m[2mHydration Sovereignty (Webview Side)[2m > [22m[2mshould allow LOAD_DOCUMENT action when hydration is incomplete
[22m[39m[STORE] ≡ƒÆÄ State Updated. isSyncing=false, awaitingSync=false
[STORE] ≡ƒÆÄ State Updated. isSyncing=false, awaitingSync=false
[AUDIO] ≡ƒ¢æ Stop triggered: intent=0 (Instance=0.5963434370055556, Resolvers=0)
[AUDIO] ≡ƒ¢æ Stop triggered: intent=0 (Instance=0.5963434370055556, Resolvers=0)

[90mstdout[2m | tests/webview/HydrationSovereignty.test.ts[2m > [22m[2mHydration Sovereignty (Webview Side)[2m > [22m[2mshould allow LOAD_DOCUMENT action when hydration is incomplete
[22m[39m[MessageClient] Adding listener to window
[PlaybackController] ≡ƒôä USER LOAD_DOCUMENT requested
[STORE] ≡ƒÆÄ State Updated. isSyncing=false, awaitingSync=false
[STORE] ≡ƒÆÄ State Updated. isSyncing=false, awaitingSync=true
[ACTION] loadDocument | {"intentId":2}

[90mstdout[2m | tests/webview/HydrationSovereignty.test.ts[2m > [22m[2mHydration Sovereignty (Webview Side)[2m > [22m[2mshould correctly adopt hydration state upon first sync
[22m[39m[STORE] ≡ƒÆÄ State Updated. isSyncing=false, awaitingSync=false
[STORE] ≡ƒÆÄ State Updated. isSyncing=false, awaitingSync=false
[AUDIO] ≡ƒ¢æ Stop triggered: intent=0 (Instance=0.30137797527880805, Resolvers=0)
[AUDIO] ≡ƒ¢æ Stop triggered: intent=0 (Instance=0.30137797527880805, Resolvers=0)

[90mstdout[2m | tests/webview/HydrationSovereignty.test.ts[2m > [22m[2mHydration Sovereignty (Webview Side)[2m > [22m[2mshould correctly adopt hydration state upon first sync
[22m[39m[MessageClient] Adding listener to window
[PlaybackController] ≡ƒñ¥ Webview Hydrated
[STORE] ≡ƒÆÄ State Updated. isSyncing=false, awaitingSync=false
[PlaybackController] ≡ƒôê Adopting newer playbackIntentId from authoritative sync: 100
[STORE] ≡ƒÆÄ State Updated. isSyncing=false, awaitingSync=false
[PlaybackController] ≡ƒôê Adopting newer batchIntentId: 100
[STORE] ≡ƒÆÄ State Updated. isSyncing=false, awaitingSync=false
[STORE] ≡ƒÆÄ State Updated. isSyncing=false, awaitingSync=false

 [32mΓ£ô[39m tests/webview/HydrationSovereignty.test.ts[2m > [22mHydration Sovereignty (Webview Side)[2m > [22mshould allow PLAY action when hydration is incomplete (Standalone Sovereignty)[32m 38[2mms[22m[39m
 [32mΓ£ô[39m tests/webview/HydrationSovereignty.test.ts[2m > [22mHydration Sovereignty (Webview Side)[2m > [22mshould allow LOAD_DOCUMENT action when hydration is incomplete[32m 12[2mms[22m[39m
 [32mΓ£ô[39m tests/webview/HydrationSovereignty.test.ts[2m > [22mHydration Sovereignty (Webview Side)[2m > [22mshould correctly adopt hydration state upon first sync[32m 19[2mms[22m[39m
[90mstdout[2m | tests/webview/core/PlaybackWatchdog.test.ts[2m > [22m[2mPlaybackController: Watchdog & Stall Suppression[2m > [22m[2mSHOULD trigger watchdog and set isAwaitingSync=true on navigation
[22m[39m[MessageClient] Adding listener to window
[STORE] ≡ƒÆÄ State Updated. isSyncing=false, awaitingSync=false

[90mstderr[2m | tests/webview/core/PlaybackWatchdog.test.ts[2m > [22m[2mPlaybackController: Watchdog & Stall 
Suppression[2m > [22m[2mSHOULD trigger watchdog and set isAwaitingSync=true on navigation
[22m[39m[MessageClient] acquireVsCodeApi is not available. Are you in a VS Code webview?

[90mstdout[2m | tests/webview/core/PlaybackWatchdog.test.ts[2m > [22m[2mPlaybackController: Watchdog & Stall Suppression[2m > [22m[2mSHOULD trigger watchdog and set isAwaitingSync=true on navigation
[22m[39m[STORE] ≡ƒÆÄ State Updated. isSyncing=false, awaitingSync=false
[STORE] ≡ƒÆÄ State Updated. isSyncing=false, awaitingSync=true
[AUDIO] ≡ƒöô Primed

[90mstderr[2m | tests/webview/core/PlaybackWatchdog.test.ts[2m > [22m[2mPlaybackController: Watchdog & Stall 
Suppression[2m > [22m[2mSHOULD trigger watchdog and set isAwaitingSync=true on navigation
[22m[39m[MessageClient] Cannot post action nextChapter: VS Code API not available.

[90mstdout[2m | tests/webview/core/PlaybackWatchdog.test.ts[2m > [22m[2mPlaybackController: Watchdog & Stall Suppression[2m > [22m[2mSHOULD clear isAwaitingSync when a UI_SYNC arrives with matching state
[22m[39m[STORE] ≡ƒÆÄ State Updated. isSyncing=false, awaitingSync=false
[STORE] ≡ƒÆÄ State Updated. isSyncing=false, awaitingSync=false
[AUDIO] ≡ƒ¢æ Stop triggered: intent=0 (Instance=0.8811042283947669, Resolvers=0)
[AUDIO] ≡ƒ¢æ Stop triggered: intent=0 (Instance=0.8811042283947669, Resolvers=0)
[MessageClient] Adding listener to window
[STORE] ≡ƒÆÄ State Updated. isSyncing=false, awaitingSync=false

[90mstderr[2m | tests/webview/core/PlaybackWatchdog.test.ts[2m > [22m[2mPlaybackController: Watchdog & Stall 
Suppression[2m > [22m[2mSHOULD clear isAwaitingSync when a UI_SYNC arrives with matching state
[22m[39m[MessageClient] acquireVsCodeApi is not available. Are you in a VS Code webview?

[90mstdout[2m | tests/webview/core/PlaybackWatchdog.test.ts[2m > [22m[2mPlaybackController: Watchdog & Stall Suppression[2m > [22m[2mSHOULD clear isAwaitingSync when a UI_SYNC arrives with matching state
[22m[39m[STORE] ≡ƒÆÄ State Updated. isSyncing=false, awaitingSync=false
[STORE] ≡ƒÆÄ State Updated. isSyncing=false, awaitingSync=true
[STORE] ≡ƒÆÄ State Updated. isSyncing=false, awaitingSync=false
[AUDIO] ≡ƒöô Primed

[90mstderr[2m | tests/webview/core/PlaybackWatchdog.test.ts[2m > [22m[2mPlaybackController: Watchdog & Stall 
Suppression[2m > [22m[2mSHOULD clear isAwaitingSync when a UI_SYNC arrives with matching state
[22m[39m[MessageClient] Cannot post action nextChapter: VS Code API not available.

[90mstdout[2m | tests/webview/core/PlaybackWatchdog.test.ts[2m > [22m[2mPlaybackController: Watchdog & Stall Suppression[2m > [22m[2mSHOULD time out isAwaitingSync if no response arrives within INTENT_TIMEOUT_MS (5000ms)
[22m[39m[STORE] ≡ƒÆÄ State Updated. isSyncing=false, awaitingSync=false
[STORE] ≡ƒÆÄ State Updated. isSyncing=false, awaitingSync=false
[AUDIO] ≡ƒ¢æ Stop triggered: intent=0 (Instance=0.5768839028448168, Resolvers=0)
[AUDIO] ≡ƒ¢æ Stop triggered: intent=0 (Instance=0.5768839028448168, Resolvers=0)
[MessageClient] Adding listener to window
[STORE] ≡ƒÆÄ State Updated. isSyncing=false, awaitingSync=false

[90mstderr[2m | tests/webview/core/PlaybackWatchdog.test.ts[2m > [22m[2mPlaybackController: Watchdog & Stall 
Suppression[2m > [22m[2mSHOULD time out isAwaitingSync if no response arrives within INTENT_TIMEOUT_MS (5000ms)
[22m[39m[MessageClient] acquireVsCodeApi is not available. Are you in a VS Code webview?

[90mstdout[2m | tests/webview/core/PlaybackWatchdog.test.ts[2m > [22m[2mPlaybackController: Watchdog & Stall Suppression[2m > [22m[2mSHOULD time out isAwaitingSync if no response arrives within INTENT_TIMEOUT_MS (5000ms)
[22m[39m[STORE] ≡ƒÆÄ State Updated. isSyncing=false, awaitingSync=false
[STORE] ≡ƒÆÄ State Updated. isSyncing=false, awaitingSync=true
[STORE] ≡ƒÆÄ State Updated. isSyncing=false, awaitingSync=false
[AUDIO] ≡ƒöô Primed

[90mstderr[2m | tests/webview/core/PlaybackWatchdog.test.ts[2m > [22m[2mPlaybackController: Watchdog & Stall 
Suppression[2m > [22m[2mSHOULD time out isAwaitingSync if no response arrives within INTENT_TIMEOUT_MS (5000ms)
[22m[39m[MessageClient] Cannot post action nextChapter: VS Code API not available.
[PlaybackController] ΓÅ│ Sync Watchdog Fired: Lock released.

[90mstdout[2m | tests/webview/core/PlaybackWatchdog.test.ts[2m > [22m[2mPlaybackController: Watchdog & Stall Suppression[2m > [22m[2mSHOULD increment intentId on every navigation to prevent race conditions
[22m[39m[STORE] ≡ƒÆÄ State Updated. isSyncing=false, awaitingSync=false
[STORE] ≡ƒÆÄ State Updated. isSyncing=false, awaitingSync=false
[AUDIO] ≡ƒ¢æ Stop triggered: intent=0 (Instance=0.02847108996590586, Resolvers=0)
[AUDIO] ≡ƒ¢æ Stop triggered: intent=0 (Instance=0.02847108996590586, Resolvers=0)
[MessageClient] Adding listener to window
[STORE] ≡ƒÆÄ State Updated. isSyncing=false, awaitingSync=false

[90mstderr[2m | tests/webview/core/PlaybackWatchdog.test.ts[2m > [22m[2mPlaybackController: Watchdog & Stall 
Suppression[2m > [22m[2mSHOULD increment intentId on every navigation to prevent race conditions
[22m[39m[MessageClient] acquireVsCodeApi is not available. Are you in a VS Code webview?

[90mstdout[2m | tests/webview/core/PlaybackWatchdog.test.ts[2m > [22m[2mPlaybackController: Watchdog & Stall Suppression[2m > [22m[2mSHOULD increment intentId on every navigation to prevent race conditions
[22m[39m[STORE] ≡ƒÆÄ State Updated. isSyncing=false, awaitingSync=false
[STORE] ≡ƒÆÄ State Updated. isSyncing=false, awaitingSync=true
[STORE] ≡ƒÆÄ State Updated. isSyncing=false, awaitingSync=true
[AUDIO] ≡ƒöô Primed
[AUDIO] ≡ƒöô Primed

[90mstderr[2m | tests/webview/core/PlaybackWatchdog.test.ts[2m > [22m[2mPlaybackController: Watchdog & Stall 
Suppression[2m > [22m[2mSHOULD increment intentId on every navigation to prevent race conditions
[22m[39m[MessageClient] Cannot post action nextChapter: VS Code API not available.
[MessageClient] Cannot post action prevChapter: VS Code API not available.

 [32mΓ£ô[39m tests/webview/core/PlaybackWatchdog.test.ts[2m > [22mPlaybackController: Watchdog & Stall Suppression[2m > [22mSHOULD trigger watchdog and set isAwaitingSync=true on navigation[32m 32[2mms[22m[39m
 [32mΓ£ô[39m tests/webview/core/PlaybackWatchdog.test.ts[2m > [22mPlaybackController: Watchdog & Stall Suppression[2m > [22mSHOULD clear isAwaitingSync when a UI_SYNC arrives with matching state[32m 7[2mms[22m[39m
 [32mΓ£ô[39m tests/webview/core/PlaybackWatchdog.test.ts[2m > [22mPlaybackController: Watchdog & Stall Suppression[2m > [22mSHOULD time out isAwaitingSync if no response arrives within INTENT_TIMEOUT_MS (5000ms)[32m 7[2mms[22m[39m
 [32mΓ£ô[39m tests/webview/core/PlaybackWatchdog.test.ts[2m > [22mPlaybackController: Watchdog & Stall Suppression[2m > [22mSHOULD increment intentId on every navigation to prevent race conditions[32m 15[2mms[22m[39m
[90mstdout[2m | tests/webview/CacheIntegrity.test.ts[2m > [22m[2mCache Integrity (TDD: Reset Guard)[2m > [22m[2mSHOULD NOT clear neural audio cache when a single click occurs
[22m[39m[CacheManager] ≡ƒÜÇ Database initialized (v3)

[90mstdout[2m | tests/webview/CacheIntegrity.test.ts[2m > [22m[2mCache Integrity (TDD: Reset Guard)[2m > [22m[2mSHOULD NOT clear neural audio cache when a single click occurs
[22m[39m[CacheManager] ≡ƒº╣ Starting GC sweep...

[90mstdout[2m | tests/webview/CacheIntegrity.test.ts[2m > [22m[2mCache Integrity (TDD: Reset Guard)[2m > [22m[2mSHOULD NOT clear neural audio cache when a single click occurs
[22m[39m[CacheManager] ≡ƒôí Syncing Full Manifest (0 keys)

[90mstdout[2m | tests/webview/CacheIntegrity.test.ts[2m > [22m[2mCache Integrity (TDD: Reset Guard)[2m > [22m[2mSHOULD NOT clear neural audio cache when a single click occurs
[22m[39m[CacheManager] ≡ƒºá Tier-1 Memory Hit: voice1-doc1-v0-0-0

[90mstdout[2m | tests/webview/CacheIntegrity.test.ts[2m > [22m[2mCache Integrity (TDD: Reset Guard)[2m > [22m[2mSHOULD NOT clear neural audio cache when a single click occurs
[22m[39m[CacheManager] ≡ƒºá Tier-1 Memory Hit: voice1-doc1-v0-0-0

 [32mΓ£ô[39m tests/webview/CacheIntegrity.test.ts[2m > [22mCache Integrity (TDD: Reset Guard)[2m > [22mSHOULD NOT clear neural audio cache when a single click occurs[32m 87[2mms[22m[39m
[90mstdout[2m | tests/webview/WebviewStore.gating.test.ts[2m > [22m[2mWebviewStore: Delta Sync Integrity[2m > [22m[2mSHOULD preserve existing voice list when availableVoices is OMITTED from UI_SYNC
[22m[39m[MessageClient] Adding listener to window

[90mstderr[2m | tests/webview/WebviewStore.gating.test.ts[2m > [22m[2mWebviewStore: Delta Sync Integrity[2m > 
[22m[2mSHOULD preserve existing voice list when availableVoices is OMITTED from UI_SYNC
[22m[39m[MessageClient] acquireVsCodeApi is not available. Are you in a VS Code webview?

[90mstdout[2m | tests/webview/WebviewStore.gating.test.ts[2m > [22m[2mWebviewStore: Delta Sync Integrity[2m > [22m[2mSHOULD preserve existing voice list when availableVoices is OMITTED from UI_SYNC
[22m[39m[SIGNAL] UI_SYNC | State: STOP | Progress: C0S0 | IX: 0
[STORE] ≡ƒÆÄ State Updated. isSyncing=false, awaitingSync=false
[STORE] ≡ƒÆÄ State Updated. isSyncing=false, awaitingSync=false
[PlaybackController] ≡ƒñ¥ Webview Hydrated
[STORE] ≡ƒÆÄ State Updated. isSyncing=false, awaitingSync=false
[SIGNAL] UI_SYNC | State: STOP | Progress: C0S1 | IX: 0
[STORE] ≡ƒÆÄ State Updated. isSyncing=false, awaitingSync=false
[PlaybackController] ≡ƒöä Received UI_SYNC

[90mstderr[2m | tests/webview/WebviewStore.gating.test.ts[2m > [22m[2mWebviewStore: Delta Sync Integrity[2m > 
[22m[2mSHOULD preserve existing voice list when availableVoices is OMITTED from UI_SYNC
[22m[39m[PlaybackController] ≡ƒº▒ Sync blocked: stale intent 0 < 1
[PlaybackController] ≡ƒº▒ Sync blocked: stale intent 0 < 1
[PlaybackController] ≡ƒº▒ Sync blocked: stale intent 0 < 1

[90mstdout[2m | tests/webview/WebviewStore.gating.test.ts[2m > [22m[2mWebviewStore: Delta Sync Integrity[2m > [22m[2mSHOULD update voice list when explicitly provided (Handshake/Engine Change)
[22m[39m[STORE] ≡ƒÆÄ State Updated. isSyncing=false, awaitingSync=false
[STORE] ≡ƒÆÄ State Updated. isSyncing=false, awaitingSync=false
[AUDIO] ≡ƒ¢æ Stop triggered: intent=0 (Instance=0.29525827192216636, Resolvers=0)
[AUDIO] ≡ƒ¢æ Stop triggered: intent=0 (Instance=0.29525827192216636, Resolvers=0)
[MessageClient] Adding listener to window

[90mstderr[2m | tests/webview/WebviewStore.gating.test.ts[2m > [22m[2mWebviewStore: Delta Sync Integrity[2m > 
[22m[2mSHOULD update voice list when explicitly provided (Handshake/Engine Change)
[22m[39m[MessageClient] acquireVsCodeApi is not available. Are you in a VS Code webview?

[90mstdout[2m | tests/webview/WebviewStore.gating.test.ts[2m > [22m[2mWebviewStore: Delta Sync Integrity[2m > [22m[2mSHOULD update voice list when explicitly provided (Handshake/Engine Change)
[22m[39m[SIGNAL] UI_SYNC | State: STOP | Progress: C0S0 | IX: 0
[STORE] ≡ƒÆÄ State Updated. isSyncing=false, awaitingSync=false
[STORE] ≡ƒÆÄ State Updated. isSyncing=false, awaitingSync=false
[PlaybackController] ≡ƒñ¥ Webview Hydrated
[STORE] ≡ƒÆÄ State Updated. isSyncing=false, awaitingSync=false
[PlaybackController] ≡ƒöä Received UI_SYNC
[STORE] ≡ƒÆÄ State Updated. isSyncing=false, awaitingSync=false
[STORE] ≡ƒÆÄ State Updated. isSyncing=false, awaitingSync=false
[SIGNAL] UI_SYNC | State: STOP | Progress: C0S0 | IX: 0
[PlaybackController] ≡ƒöä Received UI_SYNC
[SIGNAL] UI_SYNC | State: STOP | Progress: C0S0 | IX: 0
[STORE] ≡ƒÆÄ State Updated. isSyncing=false, awaitingSync=false
[PlaybackController] ≡ƒöä Received UI_SYNC
[STORE] ≡ƒÆÄ State Updated. isSyncing=false, awaitingSync=false
[SIGNAL] UI_SYNC | State: STOP | Progress: C0S0 | IX: 0
[PlaybackController] ≡ƒöä Received UI_SYNC

[90mstderr[2m | tests/webview/WebviewStore.gating.test.ts[2m > [22m[2mWebviewStore: Delta Sync Integrity[2m > 
[22m[2mSHOULD update voice list when explicitly provided (Handshake/Engine Change)
[22m[39m[PlaybackController] ≡ƒº▒ Sync blocked: stale intent 0 < 1
[PlaybackController] ≡ƒº▒ Sync blocked: stale intent 0 < 1
[PlaybackController] ≡ƒº▒ Sync blocked: stale intent 0 < 1
[PlaybackController] ≡ƒº▒ Sync blocked: stale intent 0 < 1
[PlaybackController] ≡ƒº▒ Sync blocked: stale intent 0 < 1
[PlaybackController] ≡ƒº▒ Sync blocked: stale intent 0 < 1
[PlaybackController] ≡ƒº▒ Sync blocked: stale intent 0 < 1

 [32mΓ£ô[39m tests/webview/WebviewStore.gating.test.ts[2m > [22mWebviewStore: Delta Sync Integrity[2m > [22mSHOULD preserve existing voice list when availableVoices is OMITTED from UI_SYNC[32m 31[2mms[22m[39m
 [32mΓ£ô[39m tests/webview/WebviewStore.gating.test.ts[2m > [22mWebviewStore: Delta Sync Integrity[2m > [22mSHOULD update voice list when explicitly provided (Handshake/Engine Change)[32m 10[2mms[22m[39m
[90mstdout[2m | tests/webview/WebviewStore.mode.test.ts[2m > [22m[2mWebviewStore: activeMode Sync[2m > [22m[2mshould hydrate activeMode: FILE by default
[22m[39m[MessageClient] Adding listener to window

[90mstderr[2m | tests/webview/WebviewStore.mode.test.ts[2m > [22m[2mWebviewStore: activeMode Sync[2m > 
[22m[2mshould hydrate activeMode: FILE by default
[22m[39m[PlaybackController] ≡ƒº▒ Sync blocked: stale intent 0 < 1

[90mstdout[2m | tests/webview/WebviewStore.mode.test.ts[2m > [22m[2mWebviewStore: activeMode Sync[2m > [22m[2mshould hydrate activeMode: FILE by default
[22m[39m[SIGNAL] UI_SYNC | State: STOP | Progress: C0S0 | IX: 0
[STORE] ≡ƒÆÄ State Updated. isSyncing=false, awaitingSync=false
[STORE] ≡ƒÆÄ State Updated. isSyncing=false, awaitingSync=false
[PlaybackController] ≡ƒñ¥ Webview Hydrated
[STORE] ≡ƒÆÄ State Updated. isSyncing=false, awaitingSync=false

[90mstdout[2m | tests/webview/WebviewStore.mode.test.ts[2m > [22m[2mWebviewStore: activeMode Sync[2m > [22m[2mshould hydrate activeMode: SNIPPET when received
[22m[39m[MessageClient] Adding listener to window

[90mstderr[2m | tests/webview/WebviewStore.mode.test.ts[2m > [22m[2mWebviewStore: activeMode Sync[2m > 
[22m[2mshould hydrate activeMode: SNIPPET when received
[22m[39m[PlaybackController] ≡ƒº▒ Sync blocked: stale intent 0 < 1

[90mstdout[2m | tests/webview/WebviewStore.mode.test.ts[2m > [22m[2mWebviewStore: activeMode Sync[2m > [22m[2mshould hydrate activeMode: SNIPPET when received
[22m[39m[SIGNAL] UI_SYNC | State: STOP | Progress: C0S0 | IX: 0
[STORE] ≡ƒÆÄ State Updated. isSyncing=false, awaitingSync=false
[STORE] ≡ƒÆÄ State Updated. isSyncing=false, awaitingSync=false
[PlaybackController] ≡ƒñ¥ Webview Hydrated
[STORE] ≡ƒÆÄ State Updated. isSyncing=false, awaitingSync=false

[90mstdout[2m | tests/webview/WebviewStore.mode.test.ts[2m > [22m[2mWebviewStore: activeMode Sync[2m > [22m[2mshould notify subscribers when activeMode changes
[22m[39m[MessageClient] Adding listener to window

[90mstderr[2m | tests/webview/WebviewStore.mode.test.ts[2m > [22m[2mWebviewStore: activeMode Sync[2m > 
[22m[2mshould notify subscribers when activeMode changes
[22m[39m[PlaybackController] ≡ƒº▒ Sync blocked: stale intent 0 < 1
[PlaybackController] ≡ƒº▒ Sync blocked: stale intent 0 < 1

[90mstdout[2m | tests/webview/WebviewStore.mode.test.ts[2m > [22m[2mWebviewStore: activeMode Sync[2m > [22m[2mshould notify subscribers when activeMode changes
[22m[39m[SIGNAL] UI_SYNC | State: STOP | Progress: C0S0 | IX: 0
[STORE] ≡ƒÆÄ State Updated. isSyncing=false, awaitingSync=false
[STORE] ≡ƒÆÄ State Updated. isSyncing=false, awaitingSync=false
[PlaybackController] ≡ƒñ¥ Webview Hydrated
[STORE] ≡ƒÆÄ State Updated. isSyncing=false, awaitingSync=false
[SIGNAL] UI_SYNC | State: STOP | Progress: C0S0 | IX: 0
[STORE] ≡ƒÆÄ State Updated. isSyncing=false, awaitingSync=false

 [32mΓ£ô[39m tests/webview/WebviewStore.mode.test.ts[2m > [22mWebviewStore: activeMode Sync[2m > [22mshould hydrate activeMode: FILE by default[32m 20[2mms[22m[39m
 [32mΓ£ô[39m tests/webview/WebviewStore.mode.test.ts[2m > [22mWebviewStore: activeMode Sync[2m > [22mshould hydrate activeMode: SNIPPET when received[32m 6[2mms[22m[39m
 [32mΓ£ô[39m tests/webview/WebviewStore.mode.test.ts[2m > [22mWebviewStore: activeMode Sync[2m > [22mshould notify subscribers when activeMode changes[32m 8[2mms[22m[39m
[90mstdout[2m | tests/integration/WebviewLock.test.ts[2m > [22m[2mWebview Resilience Integration - Lock Sovereignty[2m > [22m[2mshould FORCIBLY release playback lock after 3s safety timeout (Test Env) to prevent system hang
[22m[39m[TEST] Simulating a "Zombie" lock hold in Webview...
[AUDIO] ≡ƒöÆ AcquireLock Start: intent=undefined, active=0
[AUDIO] ΓÅ│ Waiting for Mutex: intent=undefined (Currently held by: null, Instance=0.12772015546850712)

[90mstdout[2m | tests/integration/WebviewLock.test.ts[2m > [22m[2mWebview Resilience Integration - Lock Sovereignty[2m > [22m[2mshould FORCIBLY release playback lock after 3s safety timeout (Test Env) to prevent system hang
[22m[39m[AUDIO] Γ£à Mutex Acquired: intent=undefined (Instance=0.12772015546850712)

[90mstdout[2m | tests/integration/WebviewLock.test.ts[2m > [22m[2mWebview Resilience Integration - Lock Sovereignty[2m > [22m[2mshould FORCIBLY release playback lock after 3s safety timeout (Test Env) to prevent system hang
[22m[39m[AUDIO] ≡ƒöÆ AcquireLock Start: intent=undefined, active=0
[AUDIO] ΓÅ│ Waiting for Mutex: intent=undefined (Currently held by: -1, Instance=0.12772015546850712)
[TEST] Advancing past 3s safety limit...

[90mstderr[2m | tests/integration/WebviewLock.test.ts[2m > [22m[2mWebview Resilience Integration - Lock 
Sovereignty[2m > [22m[2mshould FORCIBLY release playback lock after 3s safety timeout (Test Env) to prevent system 
hang
[22m[39m[AUDIO] ΓÜá∩╕Å Mutex Safety Timeout (intent=undefined, waiting for=-1, Instance=0.12772015546850712)

[90mstdout[2m | tests/integration/WebviewLock.test.ts[2m > [22m[2mWebview Resilience Integration - Lock Sovereignty[2m > [22m[2mshould FORCIBLY release playback lock after 3s safety timeout (Test Env) to prevent system hang
[22m[39m[AUDIO] Γ£à Mutex Acquired: intent=undefined (Instance=0.12772015546850712)

[90mstdout[2m | tests/integration/WebviewLock.test.ts[2m > [22m[2mWebview Resilience Integration - Lock Sovereignty[2m > [22m[2mshould FORCIBLY release playback lock after 3s safety timeout (Test Env) to prevent system hang
[22m[39m[TEST] Γ£à Lock unblocked by safety timeout.

 [32mΓ£ô[39m tests/integration/WebviewLock.test.ts[2m > [22mWebview Resilience Integration - Lock Sovereignty[2m > [22mshould FORCIBLY release playback lock after 3s safety timeout (Test Env) to prevent system hang[32m 23[2mms[22m[39m
[90mstdout[2m | tests/webview/core/PlaybackController.test.ts[2m > [22m[2mPlaybackController: Optimistic Transitions (TDD)[2m > [22m[2mSTOP: should patch the store with intent=STOPPED immediately
[22m[39m[MessageClient] Adding listener to window
[STORE] ≡ƒÆÄ State Updated. isSyncing=false, awaitingSync=false

[90mstderr[2m | tests/webview/core/PlaybackController.test.ts[2m > [22m[2mPlaybackController: Optimistic 
Transitions (TDD)[2m > [22m[2mSTOP: should patch the store with intent=STOPPED immediately
[22m[39m[MessageClient] acquireVsCodeApi is not available. Are you in a VS Code webview?

[90mstdout[2m | tests/webview/core/PlaybackController.test.ts[2m > [22m[2mPlaybackController: Optimistic Transitions (TDD)[2m > [22m[2mSTOP: should patch the store with intent=STOPPED immediately
[22m[39m[PlaybackController] ΓÅ╣∩╕Å USER STOP requested
[STORE] ≡ƒÆÄ State Updated. isSyncing=false, awaitingSync=false
[STORE] ≡ƒÆÄ State Updated. isSyncing=false, awaitingSync=false
[STORE] ≡ƒÆÄ State Updated. isSyncing=false, awaitingSync=true

[90mstderr[2m | tests/webview/core/PlaybackController.test.ts[2m > [22m[2mPlaybackController: Optimistic 
Transitions (TDD)[2m > [22m[2mSTOP: should patch the store with intent=STOPPED immediately
[22m[39m[MessageClient] Cannot post action stop: VS Code API not available.

[90mstdout[2m | tests/webview/core/PlaybackController.test.ts[2m > [22m[2mPlaybackController: Optimistic Transitions (TDD)[2m > [22m[2mPAUSE: should patch the store with intent=PAUSED immediately
[22m[39m[STORE] ≡ƒÆÄ State Updated. isSyncing=false, awaitingSync=false
[STORE] ≡ƒÆÄ State Updated. isSyncing=false, awaitingSync=false
[MessageClient] Adding listener to window
[STORE] ≡ƒÆÄ State Updated. isSyncing=false, awaitingSync=false

[90mstderr[2m | tests/webview/core/PlaybackController.test.ts[2m > [22m[2mPlaybackController: Optimistic 
Transitions (TDD)[2m > [22m[2mPAUSE: should patch the store with intent=PAUSED immediately
[22m[39m[MessageClient] acquireVsCodeApi is not available. Are you in a VS Code webview?

[90mstdout[2m | tests/webview/core/PlaybackController.test.ts[2m > [22m[2mPlaybackController: Optimistic Transitions (TDD)[2m > [22m[2mPAUSE: should patch the store with intent=PAUSED immediately
[22m[39m[PlaybackController] ≡ƒƒó USER PLAY requested
[STORE] ≡ƒÆÄ State Updated. isSyncing=false, awaitingSync=false
[STORE] ≡ƒÆÄ State Updated. isSyncing=true, awaitingSync=true
[PlaybackController] ΓÅ╕∩╕Å USER PAUSE requested
[STORE] ≡ƒÆÄ State Updated. isSyncing=true, awaitingSync=true
[STORE] ≡ƒÆÄ State Updated. isSyncing=false, awaitingSync=false
[STORE] ≡ƒÆÄ State Updated. isSyncing=false, awaitingSync=true
[PlaybackController] Cache miss for en-us-steffanneural_0.00_532fc42e_1505. Requesting synthesis...

[90mstderr[2m | tests/webview/core/PlaybackController.test.ts[2m > [22m[2mPlaybackController: Optimistic 
Transitions (TDD)[2m > [22m[2mPAUSE: should patch the store with intent=PAUSED immediately
[22m[39m[MessageClient] Cannot post action play: VS Code API not available.
[MessageClient] Cannot post action pause: VS Code API not available.
[MessageClient] Cannot post action REQUEST_SYNTHESIS: VS Code API not available.

 [32mΓ£ô[39m tests/webview/core/PlaybackController.test.ts[2m > [22mPlaybackController: Optimistic Transitions (TDD)[2m > [22mSTOP: should patch the store with intent=STOPPED immediately[32m 27[2mms[22m[39m
 [32mΓ£ô[39m tests/webview/core/PlaybackController.test.ts[2m > [22mPlaybackController: Optimistic Transitions (TDD)[2m > [22mPAUSE: should patch the store with intent=PAUSED immediately[32m 7[2mms[22m[39m
[90mstdout[2m | tests/webview/WebviewStore.patchState.test.ts[2m > [22m[2mWebviewStore ΓÇö patchState (#2 regression guard)[2m > [22m[2mshould be a no-op if no base state exists yet
[22m[39m[MessageClient] Adding listener to window

[90mstderr[2m | tests/webview/WebviewStore.patchState.test.ts[2m > [22m[2mWebviewStore ΓÇö patchState (#2 
regression guard)[2m > [22m[2mshould be a no-op if no base state exists yet
[22m[39m[MessageClient] acquireVsCodeApi is not available. Are you in a VS Code webview?

[90mstdout[2m | tests/webview/WebviewStore.patchState.test.ts[2m > [22m[2mWebviewStore ΓÇö patchState (#2 regression guard)[2m > [22m[2mshould be a no-op if no base state exists yet
[22m[39m[STORE] ≡ƒÆÄ State Updated. isSyncing=false, awaitingSync=false

[90mstdout[2m | tests/webview/WebviewStore.patchState.test.ts[2m > [22m[2mWebviewStore ΓÇö patchState (#2 regression guard)[2m > [22m[2mshould merge a partial patch into existing state
[22m[39m[MessageClient] Adding listener to window

[90mstderr[2m | tests/webview/WebviewStore.patchState.test.ts[2m > [22m[2mWebviewStore ΓÇö patchState (#2 
regression guard)[2m > [22m[2mshould merge a partial patch into existing state
[22m[39m[MessageClient] acquireVsCodeApi is not available. Are you in a VS Code webview?

[90mstdout[2m | tests/webview/WebviewStore.patchState.test.ts[2m > [22m[2mWebviewStore ΓÇö patchState (#2 regression guard)[2m > [22m[2mshould merge a partial patch into existing state
[22m[39m[SIGNAL] UI_SYNC | State: STOP | Progress: C0S0 | IX: 0
[STORE] ≡ƒÆÄ State Updated. isSyncing=false, awaitingSync=false
[STORE] ≡ƒÆÄ State Updated. isSyncing=false, awaitingSync=false
[PlaybackController] ≡ƒñ¥ Webview Hydrated
[STORE] ≡ƒÆÄ State Updated. isSyncing=false, awaitingSync=false
[SIGNAL] UI_SYNC | State: STOP | Progress: C0S0 | IX: 0
[PlaybackController] ≡ƒöä Received UI_SYNC
[STORE] ≡ƒÆÄ State Updated. isSyncing=false, awaitingSync=false

[90mstderr[2m | tests/webview/WebviewStore.patchState.test.ts[2m > [22m[2mWebviewStore ΓÇö patchState (#2 
regression guard)[2m > [22m[2mshould merge a partial patch into existing state
[22m[39m[PlaybackController] ≡ƒº▒ Sync blocked: stale intent 0 < 1
[PlaybackController] ≡ƒº▒ Sync blocked: stale intent 0 < 1
[PlaybackController] ≡ƒº▒ Sync blocked: stale intent 0 < 1

[90mstdout[2m | tests/webview/WebviewStore.patchState.test.ts[2m > [22m[2mWebviewStore ΓÇö patchState (#2 regression guard)[2m > [22m[2mshould notify subscribers whose selected slice changed
[22m[39m[STORE] ≡ƒÆÄ State Updated. isSyncing=false, awaitingSync=false
[STORE] ≡ƒÆÄ State Updated. isSyncing=false, awaitingSync=false
[AUDIO] ≡ƒ¢æ Stop triggered: intent=0 (Instance=0.8442221011859428, Resolvers=0)
[AUDIO] ≡ƒ¢æ Stop triggered: intent=0 (Instance=0.8442221011859428, Resolvers=0)
[MessageClient] Adding listener to window

[90mstderr[2m | tests/webview/WebviewStore.patchState.test.ts[2m > [22m[2mWebviewStore ΓÇö patchState (#2 
regression guard)[2m > [22m[2mshould notify subscribers whose selected slice changed
[22m[39m[MessageClient] acquireVsCodeApi is not available. Are you in a VS Code webview?

[90mstdout[2m | tests/webview/WebviewStore.patchState.test.ts[2m > [22m[2mWebviewStore ΓÇö patchState (#2 regression guard)[2m > [22m[2mshould notify subscribers whose selected slice changed
[22m[39m[SIGNAL] UI_SYNC | State: STOP | Progress: C0S0 | IX: 0
[STORE] ≡ƒÆÄ State Updated. isSyncing=false, awaitingSync=false
[STORE] ≡ƒÆÄ State Updated. isSyncing=false, awaitingSync=false
[PlaybackController] ≡ƒñ¥ Webview Hydrated
[STORE] ≡ƒÆÄ State Updated. isSyncing=false, awaitingSync=false
[SIGNAL] UI_SYNC | State: STOP | Progress: C0S0 | IX: 0
[PlaybackController] ≡ƒöä Received UI_SYNC
[STORE] ≡ƒÆÄ State Updated. isSyncing=false, awaitingSync=false
[STORE] ≡ƒÆÄ State Updated. isSyncing=false, awaitingSync=false
[SIGNAL] UI_SYNC | State: STOP | Progress: C0S0 | IX: 0
[PlaybackController] ≡ƒöä Received UI_SYNC
[STORE] ≡ƒÆÄ State Updated. isSyncing=false, awaitingSync=false

[90mstderr[2m | tests/webview/WebviewStore.patchState.test.ts[2m > [22m[2mWebviewStore ΓÇö patchState (#2 
regression guard)[2m > [22m[2mshould notify subscribers whose selected slice changed
[22m[39m[PlaybackController] ≡ƒº▒ Sync blocked: stale intent 0 < 1
[PlaybackController] ≡ƒº▒ Sync blocked: stale intent 0 < 1
[PlaybackController] ≡ƒº▒ Sync blocked: stale intent 0 < 1
[PlaybackController] ≡ƒº▒ Sync blocked: stale intent 0 < 1

[90mstderr[2m | tests/webview/WebviewStore.patchState.test.ts[2m > [22m[2mWebviewStore ΓÇö patchState (#2 
regression guard)[2m > [22m[2mshould NOT notify subscribers whose selected slice did NOT change
[22m[39m[MessageClient] acquireVsCodeApi is not available. Are you in a VS Code webview?
[90mstdout[2m | tests/webview/WebviewStore.patchState.test.ts[2m > [22m[2mWebviewStore ΓÇö patchState (#2 regression guard)[2m > [22m[2mshould NOT notify subscribers whose selected slice did NOT change
[22m[39m[STORE] ≡ƒÆÄ State Updated. isSyncing=false, awaitingSync=false
[STORE] ≡ƒÆÄ State Updated. isSyncing=false, awaitingSync=false
[AUDIO] ≡ƒ¢æ Stop triggered: intent=0 (Instance=0.34264069220498783, Resolvers=0)
[AUDIO] ≡ƒ¢æ Stop triggered: intent=0 (Instance=0.34264069220498783, Resolvers=0)
[MessageClient] Adding listener to window


[90mstderr[2m | tests/webview/WebviewStore.patchState.test.ts[2m > [22m[2mWebviewStore ΓÇö patchState (#2 
regression guard)[2m > [22m[2mshould NOT notify subscribers whose selected slice did NOT change
[22m[39m[PlaybackController] ≡ƒº▒ Sync blocked: stale intent 0 < 1
[PlaybackController] ≡ƒº▒ Sync blocked: stale intent 0 < 1
[PlaybackController] ≡ƒº▒ Sync blocked: stale intent 0 < 1
[PlaybackController] ≡ƒº▒ Sync blocked: stale intent 0 < 1
[PlaybackController] ≡ƒº▒ Sync blocked: stale intent 0 < 1
[PlaybackController] ≡ƒº▒ Sync blocked: stale intent 0 < 1

[90mstdout[2m | tests/webview/WebviewStore.patchState.test.ts[2m > [22m[2mWebviewStore ΓÇö patchState (#2 regression guard)[2m > [22m[2mshould NOT notify subscribers whose selected slice did NOT change
[22m[39m[SIGNAL] UI_SYNC | State: STOP | Progress: C0S0 | IX: 0
[STORE] ≡ƒÆÄ State Updated. isSyncing=false, awaitingSync=false
[STORE] ≡ƒÆÄ State Updated. isSyncing=false, awaitingSync=false
[PlaybackController] ≡ƒñ¥ Webview Hydrated
[STORE] ≡ƒÆÄ State Updated. isSyncing=false, awaitingSync=false
[SIGNAL] UI_SYNC | State: STOP | Progress: C0S0 | IX: 0
[PlaybackController] ≡ƒöä Received UI_SYNC
[STORE] ≡ƒÆÄ State Updated. isSyncing=false, awaitingSync=false
[SIGNAL] UI_SYNC | State: STOP | Progress: C0S0 | IX: 0
[PlaybackController] ≡ƒöä Received UI_SYNC
[STORE] ≡ƒÆÄ State Updated. isSyncing=false, awaitingSync=false
[STORE] ≡ƒÆÄ State Updated. isSyncing=false, awaitingSync=false
[SIGNAL] UI_SYNC | State: STOP | Progress: C0S0 | IX: 0
[PlaybackController] ≡ƒöä Received UI_SYNC
[STORE] ≡ƒÆÄ State Updated. isSyncing=false, awaitingSync=false

[90mstdout[2m | tests/webview/WebviewStore.patchState.test.ts[2m > [22m[2mWebviewStore ΓÇö patchState (#2 regression guard)[2m > [22m[2mshould preserve all existing fields when patching a single field
[22m[39m[STORE] ≡ƒÆÄ State Updated. isSyncing=false, awaitingSync=false
[STORE] ≡ƒÆÄ State Updated. isSyncing=false, awaitingSync=false
[AUDIO] ≡ƒ¢æ Stop triggered: intent=0 (Instance=0.45888996684200023, Resolvers=0)
[AUDIO] ≡ƒ¢æ Stop triggered: intent=0 (Instance=0.45888996684200023, Resolvers=0)
[MessageClient] Adding listener to window

[90mstderr[2m | tests/webview/WebviewStore.patchState.test.ts[2m > [22m[2mWebviewStore ΓÇö patchState (#2 
regression guard)[2m > [22m[2mshould preserve all existing fields when patching a single field
[22m[39m[MessageClient] acquireVsCodeApi is not available. Are you in a VS Code webview?

[90mstdout[2m | tests/webview/WebviewStore.patchState.test.ts[2m > [22m[2mWebviewStore ΓÇö patchState (#2 regression guard)[2m > [22m[2mshould preserve all existing fields when patching a single field
[22m[39m[SIGNAL] UI_SYNC | State: PLAY | Progress: C0S0 | IX: 0
[STORE] ≡ƒÆÄ State Updated. isSyncing=false, awaitingSync=false
[STORE] ≡ƒÆÄ State Updated. isSyncing=false, awaitingSync=false
[PlaybackController] ≡ƒñ¥ Webview Hydrated
[STORE] ≡ƒÆÄ State Updated. isSyncing=false, awaitingSync=false
[SIGNAL] UI_SYNC | State: PLAY | Progress: C0S0 | IX: 0
[PlaybackController] ≡ƒöä Received UI_SYNC
[STORE] ≡ƒÆÄ State Updated. isSyncing=false, awaitingSync=false
[SIGNAL] UI_SYNC | State: PLAY | Progress: C0S0 | IX: 0
[PlaybackController] ≡ƒöä Received UI_SYNC
[STORE] ≡ƒÆÄ State Updated. isSyncing=false, awaitingSync=false
[SIGNAL] UI_SYNC | State: PLAY | Progress: C0S0 | IX: 0
[PlaybackController] ≡ƒöä Received UI_SYNC
[STORE] ≡ƒÆÄ State Updated. isSyncing=false, awaitingSync=false
[STORE] ≡ƒÆÄ State Updated. isSyncing=false, awaitingSync=false
[SIGNAL] UI_SYNC | State: PLAY | Progress: C0S0 | IX: 0
[PlaybackController] ≡ƒöä Received UI_SYNC
[STORE] ≡ƒÆÄ State Updated. isSyncing=false, awaitingSync=false

[90mstderr[2m | tests/webview/WebviewStore.patchState.test.ts[2m > [22m[2mWebviewStore ΓÇö patchState (#2 
regression guard)[2m > [22m[2mshould preserve all existing fields when patching a single field
[22m[39m[PlaybackController] ≡ƒº▒ Sync blocked: stale intent 0 < 1
[PlaybackController] ≡ƒº▒ Sync blocked: stale intent 0 < 1
[PlaybackController] ≡ƒº▒ Sync blocked: stale intent 0 < 1
[PlaybackController] ≡ƒº▒ Sync blocked: stale intent 0 < 1
[PlaybackController] ≡ƒº▒ Sync blocked: stale intent 0 < 1
[PlaybackController] ≡ƒº▒ Sync blocked: stale intent 0 < 1
[PlaybackController] ≡ƒº▒ Sync blocked: stale intent 0 < 1
[PlaybackController] ≡ƒº▒ Sync blocked: stale intent 0 < 1

 [32mΓ£ô[39m tests/webview/WebviewStore.patchState.test.ts[2m > [22mWebviewStore ΓÇö patchState (#2 regression guard)[2m > [22mshould be a no-op if no base state exists yet[32m 16[2mms[22m[39m
 [32mΓ£ô[39m tests/webview/WebviewStore.patchState.test.ts[2m > [22mWebviewStore ΓÇö patchState (#2 regression guard)[2m > [22mshould merge a partial patch into existing state[32m 11[2mms[22m[39m
 [32mΓ£ô[39m tests/webview/WebviewStore.patchState.test.ts[2m > [22mWebviewStore ΓÇö patchState (#2 regression guard)[2m > [22mshould notify subscribers whose selected slice changed[32m 12[2mms[22m[39m
 [32mΓ£ô[39m tests/webview/WebviewStore.patchState.test.ts[2m > [22mWebviewStore ΓÇö patchState (#2 regression guard)[2m > [22mshould NOT notify subscribers whose selected slice did NOT change[32m 4[2mms[22m[39m
 [32mΓ£ô[39m tests/webview/WebviewStore.patchState.test.ts[2m > [22mWebviewStore ΓÇö patchState (#2 regression guard)[2m > [22mshould preserve all existing fields when patching a single field[32m 4[2mms[22m[39m
[90mstdout[2m | tests/webview/WebviewStore.sovereignty.test.ts[2m > [22m[2mWebviewStore Sovereignty (TDD: Stale Sync Guard)[2m > [22m[2mshould trigger UI update on optimistic state change
[22m[39m[STORE] ≡ƒÆÄ State Updated. isSyncing=false, awaitingSync=false

[90mstdout[2m | tests/webview/WebviewStore.sovereignty.test.ts[2m > [22m[2mWebviewStore Sovereignty (TDD: Stale Sync Guard)[2m > [22m[2mSHOULD ignore stale UI_SYNC playback states if a recent user intent exists
[22m[39m[STORE] ≡ƒÆÄ State Updated. isSyncing=false, awaitingSync=false
[STORE] ≡ƒÆÄ State Updated. isSyncing=false, awaitingSync=true

 [32mΓ£ô[39m tests/webview/WebviewStore.sovereignty.test.ts[2m > [22mWebviewStore Sovereignty (TDD: Stale Sync Guard)[2m > [22mshould trigger UI update on optimistic state change[32m 11[2mms[22m[39m
 [32mΓ£ô[39m tests/webview/WebviewStore.sovereignty.test.ts[2m > [22mWebviewStore Sovereignty (TDD: Stale Sync Guard)[2m > [22mSHOULD ignore stale UI_SYNC playback states if a recent user intent exists[32m 3[2mms[22m[39m
[90mstdout[2m | tests/webview/LoadingLifecycle.test.ts[2m > [22m[2mLoading Lifecycle Audit & Stabilization (v2.3.1)[2m > [22m[2mSHOULD clear isAwaitingSync during resetLoadingStates
[22m[39m[MessageClient] Adding listener to window
[STORE] ≡ƒÆÄ State Updated. isSyncing=false, awaitingSync=false

[90mstderr[2m | tests/webview/LoadingLifecycle.test.ts[2m > [22m[2mLoading Lifecycle Audit & Stabilization 
(v2.3.1)[2m > [22m[2mSHOULD clear isAwaitingSync during resetLoadingStates
[22m[39m[MessageClient] acquireVsCodeApi is not available. Are you in a VS Code webview?

[90mstdout[2m | tests/webview/LoadingLifecycle.test.ts[2m > [22m[2mLoading Lifecycle Audit & Stabilization (v2.3.1)[2m > [22m[2mSHOULD clear isAwaitingSync during resetLoadingStates
[22m[39m[STORE] ≡ƒÆÄ State Updated. isSyncing=false, awaitingSync=true
[STORE] ≡ƒÆÄ State Updated. isSyncing=false, awaitingSync=false

[90mstdout[2m | tests/webview/LoadingLifecycle.test.ts[2m > [22m[2mLoading Lifecycle Audit & Stabilization (v2.3.1)[2m > [22m[2mplaybackStalled should be cleared by resetLoadingStates()
[22m[39m[STORE] ≡ƒÆÄ State Updated. isSyncing=false, awaitingSync=false
[STORE] ≡ƒÆÄ State Updated. isSyncing=false, awaitingSync=false
[AUDIO] ≡ƒ¢æ Stop triggered: intent=0 (Instance=0.5923852480891374, Resolvers=0)
[AUDIO] ≡ƒ¢æ Stop triggered: intent=0 (Instance=0.5923852480891374, Resolvers=0)
[MessageClient] Adding listener to window
[STORE] ≡ƒÆÄ State Updated. isSyncing=false, awaitingSync=false

[90mstderr[2m | tests/webview/LoadingLifecycle.test.ts[2m > [22m[2mLoading Lifecycle Audit & Stabilization 
(v2.3.1)[2m > [22m[2mplaybackStalled should be cleared by resetLoadingStates()
[22m[39m[MessageClient] acquireVsCodeApi is not available. Are you in a VS Code webview?

[90mstdout[2m | tests/webview/LoadingLifecycle.test.ts[2m > [22m[2mLoading Lifecycle Audit & Stabilization (v2.3.1)[2m > [22m[2mplaybackStalled should be cleared by resetLoadingStates()
[22m[39m[STORE] ≡ƒÆÄ State Updated. isSyncing=false, awaitingSync=false
[STORE] ≡ƒÆÄ State Updated. isSyncing=false, awaitingSync=false

[90mstdout[2m | tests/webview/LoadingLifecycle.test.ts[2m > [22m[2mLoading Lifecycle Audit & Stabilization (v2.3.1)[2m > [22m[2mOPTIMISTIC GESTURE: resetLoadingStates should kill ALL loading states
[22m[39m[STORE] ≡ƒÆÄ State Updated. isSyncing=false, awaitingSync=false
[STORE] ≡ƒÆÄ State Updated. isSyncing=false, awaitingSync=false
[AUDIO] ≡ƒ¢æ Stop triggered: intent=0 (Instance=0.7177863144826241, Resolvers=0)
[AUDIO] ≡ƒ¢æ Stop triggered: intent=0 (Instance=0.7177863144826241, Resolvers=0)
[MessageClient] Adding listener to window
[STORE] ≡ƒÆÄ State Updated. isSyncing=false, awaitingSync=false

[90mstderr[2m | tests/webview/LoadingLifecycle.test.ts[2m > [22m[2mLoading Lifecycle Audit & Stabilization 
(v2.3.1)[2m > [22m[2mOPTIMISTIC GESTURE: resetLoadingStates should kill ALL loading states
[22m[39m[MessageClient] acquireVsCodeApi is not available. Are you in a VS Code webview?

[90mstdout[2m | tests/webview/LoadingLifecycle.test.ts[2m > [22m[2mLoading Lifecycle Audit & Stabilization (v2.3.1)[2m > [22m[2mOPTIMISTIC GESTURE: resetLoadingStates should kill ALL loading states
[22m[39m[STORE] ≡ƒÆÄ State Updated. isSyncing=false, awaitingSync=true
[STORE] ≡ƒÆÄ State Updated. isSyncing=false, awaitingSync=true
[STORE] ≡ƒÆÄ State Updated. isSyncing=false, awaitingSync=false

 [32mΓ£ô[39m tests/webview/LoadingLifecycle.test.ts[2m > [22mLoading Lifecycle Audit & Stabilization (v2.3.1)[2m > [22mSHOULD clear isAwaitingSync during resetLoadingStates[32m 16[2mms[22m[39m
 [32mΓ£ô[39m tests/webview/LoadingLifecycle.test.ts[2m > [22mLoading Lifecycle Audit & Stabilization (v2.3.1)[2m > [22mplaybackStalled should be cleared by resetLoadingStates()[32m 3[2mms[22m[39m
 [32mΓ£ô[39m tests/webview/LoadingLifecycle.test.ts[2m > [22mLoading Lifecycle Audit & Stabilization (v2.3.1)[2m > [22mOPTIMISTIC GESTURE: resetLoadingStates should kill ALL loading states[32m 2[2mms[22m[39m
 [32mΓ£ô[39m tests/webview/core/CommandDispatcher.test.ts[2m > [22mCommandDispatcher Logging (TDD)[2m > [22mSHOULD filter PROGRESS and CACHE_STATS commands from the log[32m 4[2mms[22m[39m
 [32mΓ£ô[39m tests/webview/core/CommandDispatcher.test.ts[2m > [22mCommandDispatcher Logging (TDD)[2m > [22mSHOULD format messages with [HOST -> WEBVIEW] prefix[32m 4[2mms[22m[39m
 [32mΓ£ô[39m tests/webview/core/CommandDispatcher.test.ts[2m > [22mCommandDispatcher Logging (TDD)[2m > [22mSHOULD truncate large binary data or arrays[32m 1[2mms[22m[39m
 [32mΓ£ô[39m tests/webview/core/CommandDispatcher.test.ts[2m > [22mCommandDispatcher Logging (TDD)[2m > [22mSHOULD truncate large arrays in payloads[32m 1[2mms[22m[39m
 [32mΓ£ô[39m tests/webview/core/CommandDispatcher.test.ts[2m > [22mCommandDispatcher Logging (TDD)[2m > [22mSHOULD handle null/undefined data safely[32m 1[2mms[22m[39m
 [32mΓ£ô[39m tests/webview/uiSync.test.ts[2m > [22mUIManager - reconcilePlaybackUI[2m > [22mshould show Play and hide Pause when not playing[32m 4[2mms[22m[39m
 [32mΓ£ô[39m tests/webview/uiSync.test.ts[2m > [22mUIManager - reconcilePlaybackUI[2m > [22mshould show Pause and hide Play when playing[32m 1[2mms[22m[39m
 [32mΓ£ô[39m tests/webview/uiSync.test.ts[2m > [22mUIManager - reconcilePlaybackUI[2m > [22mshould apply is-loading when controller is awaiting sync[32m 3[2mms[22m[39m
 [32mΓ£ô[39m tests/webview/uiSync.test.ts[2m > [22mUIManager - reconcilePlaybackUI[2m > [22mshould apply is-loading when engine reports stall[32m 1[2mms[22m[39m
 [32mΓ£ô[39m tests/webview/uiSync.test.ts[2m > [22mUIManager - reconcilePlaybackUI[2m > [22mshould remove is-loading when neither stalled nor awaiting sync[32m 1[2mms[22m[39m
[90mstdout[2m | tests/webview/CacheWipeSymmetry.test.ts[2m > [22m[2mCacheWipeSymmetry (TDD)[2m > [22m[2mSHOULD reset all store properties to zero when CLEAR_CACHE_WIPE arrives
[22m[39m[STORE] ≡ƒÆÄ State Updated. isSyncing=false, awaitingSync=false
[STORE] ≡ƒÆÄ State Updated. isSyncing=false, awaitingSync=false

[90mstdout[2m | tests/webview/CacheWipeSymmetry.test.ts[2m > [22m[2mCacheWipeSymmetry (TDD)[2m > [22m[2mSHOULD reset all store properties to zero when CLEAR_CACHE_WIPE arrives
[22m[39m[MessageClient] Adding listener to window
[HOST -> WEBVIEW] [CLEAR_CACHE_WIPE] 

[90mstdout[2m | tests/webview/CacheWipeSymmetry.test.ts[2m > [22m[2mCacheWipeSymmetry (TDD)[2m > [22m[2mSHOULD reset all store properties to zero when CLEAR_CACHE_WIPE arrives
[22m[39m[STORE] ≡ƒÆÄ State Updated. isSyncing=false, awaitingSync=false

 [32mΓ£ô[39m tests/webview/CacheWipeSymmetry.test.ts[2m > [22mCacheWipeSymmetry (TDD)[2m > [22mSHOULD reset all store properties to zero when CLEAR_CACHE_WIPE arrives[32m 9[2mms[22m[39m
 [32mΓ£ô[39m tests/webview/utils.test.ts[2m > [22mrenderWithLinks ΓÇö utils (#3 regression guard)[2m > [22mshould return empty string for empty input[32m 4[2mms[22m[39m
 [32mΓ£ô[39m tests/webview/utils.test.ts[2m > [22mrenderWithLinks ΓÇö utils (#3 regression guard)[2m > [22mshould escape plain HTML entities without touching text[32m 2[2mms[22m[39m
 [32mΓ£ô[39m tests/webview/utils.test.ts[2m > [22mrenderWithLinks ΓÇö utils (#3 regression guard)[2m > [22mshould convert file:/// markdown links to <a> tags[32m 1[2mms[22m[39m
 [32mΓ£ô[39m tests/webview/utils.test.ts[2m > [22mrenderWithLinks ΓÇö utils (#3 regression guard)[2m > [22mshould NOT convert non-file:/// links[32m 9[2mms[22m[39m
 [32mΓ£ô[39m tests/webview/utils.test.ts[2m > [22mrenderWithLinks ΓÇö utils (#3 regression guard)[2m > [22mshould handle multiple file links in one sentence[32m 2[2mms[22m[39m
 [32mΓ£ô[39m tests/webview/utils.test.ts[2m > [22mrenderWithLinks ΓÇö utils (#3 regression guard)[2m > [22mshould return plain escaped text for sentences with no links[32m 0[2mms[22m[39m
 [32mΓ£ô[39m tests/webview/utils.test.ts[2m > [22mrenderWithLinks ΓÇö utils (#3 regression guard)[2m > [22mshould not produce XSS via label content[32m 1[2mms[22m[39m
 [32mΓ£ô[39m tests/webview/utils.test.ts[2m > [22mescapeHtml ΓÇö utils (safety baseline)[2m > [22mshould escape all dangerous HTML characters[32m 0[2mms[22m[39m
 [32mΓ£ô[39m tests/webview/utils.test.ts[2m > [22mescapeHtml ΓÇö utils (safety baseline)[2m > [22mshould return empty string for falsy input[32m 0[2mms[22m[39m
[90mstdout[2m | tests/webview/debug_store_hydration.test.ts[2m > [22m[2mWebviewStore Debug[2m > [22m[2mshould track hydration via updateState
[22m[39m[STORE] ≡ƒÆÄ State Updated. isSyncing=false, awaitingSync=false

 [32mΓ£ô[39m tests/webview/debug_store_hydration.test.ts[2m > [22mWebviewStore Debug[2m > [22mshould track hydration via updateState[32m 3[2mms[22m[39m

[31mΓÄ»ΓÄ»ΓÄ»ΓÄ»ΓÄ»ΓÄ»ΓÄ»[39m[1m[41m Failed Tests 5 [49m[22m[31mΓÄ»ΓÄ»ΓÄ»ΓÄ»ΓÄ»ΓÄ»ΓÄ»[39m

[41m[1m FAIL [22m[49m tests/webview/messageClient.test.ts[2m > [22mMessageClient[2m > [22mshould route 
incoming commands with nested payload
[31m[1mAssertionError[22m: expected "vi.fn()" to be called with arguments: [ { state: 'updated', ΓÇª(7) } ][90m

Received:

[1m  1st vi.fn() call:

[22m[33m@@ -2,10 +2,14 @@[90m
[2m    {[22m
[2m      "allChapters": [],[22m
[2m      "currentChapterIndex": 0,[22m
[2m      "currentSentenceIndex": 0,[22m
[2m      "currentSentences": [],[22m
[31m+     "isPaused": false,[90m
[31m+     "isPlaying": false,[90m
[31m+     "playbackIntentId": 0,[90m
[31m+     "playbackStalled": false,[90m
[2m      "rate": 0,[22m
[2m      "snippetHistory": [],[22m
[2m      "state": "updated",[22m
[2m      "volume": 50,[22m
[2m    },[22m
[31m[90m

Number of calls: [1m1[22m
[31m[39m
[36m [2mΓ¥»[22m tests/webview/messageClient.test.ts:[2m67:21[22m[39m
    [90m 65|[39m     }))[33m;[39m
    [90m 66|[39m
    [90m 67|[39m     [34mexpect[39m(handler)[33m.[39m[34mtoHaveBeenCalledWith[39m({
    [90m   |[39m                     [31m^[39m
    [90m 68|[39m       [33m...[39mpayload[33m,[39m
    [90m 69|[39m       currentChapterIndex[33m:[39m [34m0[39m[33m,[39m

[31m[2mΓÄ»ΓÄ»ΓÄ»ΓÄ»ΓÄ»ΓÄ»ΓÄ»ΓÄ»ΓÄ»ΓÄ»ΓÄ»ΓÄ»ΓÄ»ΓÄ»ΓÄ»ΓÄ»ΓÄ»ΓÄ»ΓÄ»ΓÄ»ΓÄ»ΓÄ»ΓÄ»ΓÄ»[1/5]ΓÄ»[22m[39m

[41m[1m FAIL [22m[49m tests/webview/messageClient.test.ts[2m > [22mMessageClient[2m > [22mshould route 
incoming commands with flat properties
[31m[1mAssertionError[22m: expected "vi.fn()" to be called with arguments: [ { currentChapterIndex: 5, ΓÇª(7) } 
][90m

Received:

[1m  1st vi.fn() call:

[22m[33m@@ -2,11 +2,14 @@[90m
[2m    {[22m
[2m      "allChapters": [],[22m
[2m      "currentChapterIndex": 5,[22m
[2m      "currentSentenceIndex": 0,[22m
[2m      "currentSentences": [],[22m
[31m+     "isPaused": false,[90m
[2m      "isPlaying": true,[22m
[32m-     "rate": 0,[90m
[31m+     "playbackIntentId": 0,[90m
[31m+     "playbackStalled": false,[90m
[31m+     "rate": 1,[90m
[2m      "snippetHistory": [],[22m
[2m      "volume": 50,[22m
[2m    },[22m
[2m  ][22m
[31m[90m

Number of calls: [1m1[22m
[31m[39m
[36m [2mΓ¥»[22m tests/webview/messageClient.test.ts:[2m98:21[22m[39m
    [90m 96|[39m     }))[33m;[39m
    [90m 97|[39m
    [90m 98|[39m     [34mexpect[39m(handler)[33m.[39m[34mtoHaveBeenCalledWith[39m({
    [90m   |[39m                     [31m^[39m
    [90m 99|[39m       [33m...[39mflatPacket[33m,[39m
    [90m100|[39m       currentSentenceIndex[33m:[39m [34m0[39m[33m,[39m

[31m[2mΓÄ»ΓÄ»ΓÄ»ΓÄ»ΓÄ»ΓÄ»ΓÄ»ΓÄ»ΓÄ»ΓÄ»ΓÄ»ΓÄ»ΓÄ»ΓÄ»ΓÄ»ΓÄ»ΓÄ»ΓÄ»ΓÄ»ΓÄ»ΓÄ»ΓÄ»ΓÄ»ΓÄ»[2/5]ΓÄ»[22m[39m

[41m[1m FAIL [22m[49m tests/webview/WebviewStore.test.ts[2m > [22mWebviewStore[2m > [22mshould maintain 
default audio settings (rate: 0, volume: 50) if not provided
[31m[1mAssertionError[22m: expected 1 to be +0 // Object.is equality[39m

[32m- Expected[39m
[31m+ Received[39m

[32m- 0[39m
[31m+ 1[39m

[36m [2mΓ¥»[22m tests/webview/WebviewStore.test.ts:[2m127:25[22m[39m
    [90m125|[39m
    [90m126|[39m     [35mconst[39m state [33m=[39m store[33m.[39m[34mgetState[39m()[33m;[39m
    [90m127|[39m     [34mexpect[39m(state[33m?.[39mrate)[33m.[39m[34mtoBe[39m([34m0[39m)[33m;[39m
    [90m   |[39m                         [31m^[39m
    [90m128|[39m     [34mexpect[39m(state[33m?.[39mvolume)[33m.[39m[34mtoBe[39m([34m50[39m)[33m;[39m
    [90m129|[39m   })[33m;[39m

[31m[2mΓÄ»ΓÄ»ΓÄ»ΓÄ»ΓÄ»ΓÄ»ΓÄ»ΓÄ»ΓÄ»ΓÄ»ΓÄ»ΓÄ»ΓÄ»ΓÄ»ΓÄ»ΓÄ»ΓÄ»ΓÄ»ΓÄ»ΓÄ»ΓÄ»ΓÄ»ΓÄ»ΓÄ»[3/5]ΓÄ»[22m[39m

[41m[1m FAIL [22m[49m tests/webview/core/RaceCondition.test.ts[2m > [22mResilience: RaceCondition (v2.3.1 - 
Mutex Guard)[2m > [22mSHOULD honor the STOP intent even if audio arrives
[31m[1mAssertionError[22m: expected "vi.fn()" to not be called at all, but actually been called 1 times[90m

Received:

[1m  1st vi.fn() call:

[22m    Array []
[31m[90m

Number of calls: [1m1[22m
[31m[39m
[36m [2mΓ¥»[22m tests/webview/core/RaceCondition.test.ts:[2m90:29[22m[39m
    [90m 88|[39m         [35mawait[39m engine[33m.[39m[34mplayBlob[39m(blob[33m,[39m 
[32m'key'[39m[33m,[39m [34m90[39m)[33m;[39m
    [90m 89|[39m
    [90m 90|[39m         [34mexpect[39m(playSpy)[33m.[39mnot[33m.[39m[34mtoHaveBeenCalled[39m()[33m;[39m
    [90m   |[39m                             [31m^[39m
    [90m 91|[39m         [35mif[39m (release) {[34mrelease[39m()[33m;[39m}
    [90m 92|[39m     })[33m;[39m

[31m[2mΓÄ»ΓÄ»ΓÄ»ΓÄ»ΓÄ»ΓÄ»ΓÄ»ΓÄ»ΓÄ»ΓÄ»ΓÄ»ΓÄ»ΓÄ»ΓÄ»ΓÄ»ΓÄ»ΓÄ»ΓÄ»ΓÄ»ΓÄ»ΓÄ»ΓÄ»ΓÄ»ΓÄ»[4/5]ΓÄ»[22m[39m

[41m[1m FAIL [22m[49m tests/webview/core/WebviewAudioEngine.test.ts[2m > [22mWebviewAudioEngine (v2.3.1 - Dumb 
Player)[2m > [22mshould reject requests with old intent IDs
[31m[1mAssertionError[22m: expected "vi.fn()" to be called 1 times, but got 0 times[39m
[36m [2mΓ¥»[22m tests/webview/core/WebviewAudioEngine.test.ts:[2m115:46[22m[39m
    [90m113|[39m
    [90m114|[39m         [90m// [ASSERT]: Overall we should only have called speak once[39m
    [90m115|[39m         [34mexpect[39m(window[33m.[39mspeechSynthesis[33m.[39mspeak)[33m.[39m[34mtoHaveBeen
CalledTimes[39m([34m1[39m)[33m;[39m
    [90m   |[39m                                              [31m^[39m
    [90m116|[39m
    [90m117|[39m         engine[33m.[39m[34mstop[39m()[33m;[39m

[31m[2mΓÄ»ΓÄ»ΓÄ»ΓÄ»ΓÄ»ΓÄ»ΓÄ»ΓÄ»ΓÄ»ΓÄ»ΓÄ»ΓÄ»ΓÄ»ΓÄ»ΓÄ»ΓÄ»ΓÄ»ΓÄ»ΓÄ»ΓÄ»ΓÄ»ΓÄ»ΓÄ»ΓÄ»[5/5]ΓÄ»[22m[39m


[2m Test Files [22m [1m[31m4 failed[39m[22m[2m | [22m[1m[32m34 passed[39m[22m[90m (38)[39m
[2m      Tests [22m [1m[31m5 failed[39m[22m[2m | [22m[1m[32m195 passed[39m[22m[90m (200)[39m
[2m   Start at [22m 16:51:44
[2m   Duration [22m 21.06s[2m (transform 5.11s, setup 12.64s, import 8.02s, tests 16.42s, environment 185.07s)[22m

